"exit_temp-rfile"
"Iteration" "exit_temp"
("Iteration" "exit_temp")
2001 1140.142941528805
2002 1140.143115022669
2003 1139.599089961774
2004 1138.987370568219
2005 1138.462226347076
2006 1137.998040274853
2007 1137.45581111367
2008 1136.669322287966
2009 1135.923361177001
2010 1135.071079877072
2011 1133.994549345673
2012 1133.073428479489
2013 1132.409863115439
2014 1132.345261943238
2015 1132.744445905143
2016 1133.119711712446
2017 1133.452893867866
2018 1133.765961868633
2019 1134.173724472632
2020 1134.650495686304
2021 1135.118657294824
2022 1135.612572576849
2023 1136.188476945737
2024 1136.78108824782
2025 1137.300390183691
2026 1137.796277966223
2027 1138.300076484957
2028 1138.80060831677
2029 1139.288606719531
2030 1139.589819852346
2031 1139.881364485614
2032 1140.205311764115
2033 1140.588711710492
2034 1141.032414048858
2035 1141.526696557871
2036 1142.049302988879
2037 1142.56359685981
2038 1143.092658523595
2039 1143.648478397804
2040 1144.203052553695
2041 1144.77298343917
2042 1145.368041440127
2043 1145.989913789418
2044 1146.635169232541
2045 1147.285101457035
2046 1147.965961467383
2047 1148.701647955731
2048 1149.455979811504
2049 1150.203298092234
2050 1150.930677501733
2051 1151.639548349009
2052 1152.33644766241
2053 1153.03054712118
2054 1153.739505078335
2055 1154.386586917702
2056 1154.86130998952
2057 1155.328624437644
2058 1155.78438735
2059 1156.223294307697
2060 1156.684118098186
2061 1157.152222951931
2062 1157.635766200895
2063 1158.109936196139
2064 1158.5574263984
2065 1158.981791225237
2066 1159.444977336619
2067 1159.956332467686
2068 1160.479522610385
2069 1161.002717536708
2070 1161.560092005878
2071 1162.141892472019
2072 1162.736803686162
2073 1163.336838537256
2074 1163.93504082257
2075 1164.545042931795
2076 1165.172444416072
2077 1165.819943988666
2078 1166.4885538554
2079 1167.173528276044
2080 1167.84847744848
2081 1168.533034565299
2082 1169.212471976277
2083 1169.861173275418
2084 1170.479652764548
2085 1171.08100717607
2086 1171.661296294744
2087 1172.201174090348
2088 1172.708588403578
2089 1173.090929066726
2090 1172.990379045461
2091 1172.734937035861
2092 1172.483310731473
2093 1172.296062697257
2094 1172.222881421457
2095 1172.258268306284
2096 1172.361104440597
2097 1172.516841150561
2098 1172.740382954297
2099 1173.024332236743
2100 1173.363159067186
2101 1173.7413123986
2102 1174.154529459236
2103 1174.579926354242
2104 1175.009927421004
2105 1175.447836957229
2106 1175.899878613429
2107 1176.359417157842
2108 1176.826645323349
2109 1177.301524853149
2110 1177.778284928257
2111 1178.251855618924
2112 1178.721184425607
2113 1179.179869765494
2114 1179.628991420826
2115 1180.074506886167
2116 1180.525482101804
2117 1180.971080204184
2118 1181.406175060039
2119 1181.832288800972
2120 1182.250252482763
2121 1182.665150780762
2122 1183.054576582122
2123 1183.405092062382
2124 1183.743432199157
2125 1184.084686843329
2126 1184.434372670124
2127 1184.786121506554
2128 1185.132392707861
2129 1185.460898516638
2130 1185.765679635028
2131 1186.04804878724
2132 1186.325500249537
2133 1186.606865081055
2134 1186.892184325027
2135 1187.178227997971
2136 1187.454480240553
2137 1187.72327664178
2138 1187.985982282641
2139 1188.240202053664
2140 1188.481919268762
2141 1188.716887698742
2142 1188.949359792538
2143 1189.174339029594
2144 1189.399267368037
2145 1190.048941014015
2146 1189.825814637952
2147 1189.448784655273
2148 1189.255295765937
2149 1189.288142935261
2150 1189.33141336257
2151 1189.455980370592
2152 1189.625324462181
2153 1189.799999572323
2154 1189.956517764265
2155 1190.024248849144
2156 1190.001699638631
2157 1189.968854014467
2158 1189.949548906239
2159 1189.966771804805
2160 1190.014885479998
2161 1190.107591779131
2162 1190.247028662273
2163 1190.439010992668
2164 1190.684583138641
2165 1190.979257073559
2166 1191.123627758178
2167 1191.268671221786
2168 1190.806669805788
2169 1182.235995068045
2170 1174.503271223187
2171 1167.534437750677
2172 1162.051103208011
2173 1156.276648906762
2174 1151.361028276386
2175 1150.138232227692
2176 1154.961591191691
2177 1161.396656077737
2178 1168.371845955272
2179 1175.399358543718
2180 1182.1659368246
2181 1184.073367061018
2182 1189.9505375073
2183 1195.550876505538
2184 1200.761658598088
2185 1205.673833334594
2186 1210.444320110396
2187 1215.311654078618
2188 1220.578778997693
2189 1223.245944505008
2190 1230.672217754103
2191 1235.367572601877
2192 1239.026053499669
2193 1242.304922942437
2194 1245.767444866183
2195 1246.753356232717
2196 1250.95037335688
2197 1256.258089431133
2198 1260.764677888068
2199 1264.948185429997
2200 1268.825484901287
2201 1271.395847659714
2202 1272.531424829906
2203 1274.099458539173
2204 1275.683223767744
2205 1276.826498478207
2206 1278.232714339652
2207 1279.81232408653
2208 1281.455648242963
2209 1282.82101119173
2210 1283.501853609133
2211 1283.613496716744
2212 1283.940714941878
2213 1284.757523805481
2214 1286.213279266484
2215 1288.536461045411
2216 1291.43488603054
2217 1293.498211672349
2218 1296.659580208533
2219 1300.887814401964
2220 1305.727471117709
2221 1311.016341375623
2222 1316.1994266468
2223 1321.163554808367
2224 1325.878450156501
2225 1330.37120404829
2226 1334.605186603628
2227 1338.633840588176
2228 1342.48171462036
2229 1346.169049285755
2230 1348.91224625731
2231 1352.273515284805
2232 1356.024658870995
2233 1359.686689174334
2234 1363.32512841878
2235 1366.773732200093
2236 1370.068026262094
2237 1373.256861058804
2238 1376.299448974287
2239 1379.649506098019
2240 1382.880701423577
2241 1386.042444337068
2242 1389.109315205977
2243 1392.034013854139
2244 1394.796431953603
2245 1397.390039914523
2246 1399.831886485452
2247 1402.638616193979
2248 1405.311818766248
2249 1407.802899402197
2250 1410.129108783864
2251 1412.136514173639
2252 1414.010904064829
2253 1415.15735777971
2254 1416.014681564702
2255 1416.562936246312
2256 1417.736060493031
2257 1418.771916539924
2258 1419.820577194645
2259 1420.774397695148
2260 1421.567908931335
2261 1422.588917960992
2262 1423.511001987868
2263 1424.434594208658
2264 1425.291818582745
2265 1426.066660177205
2266 1426.941786053712
2267 1427.736556491722
2268 1428.435982339315
2269 1429.0378970011
2270 1429.12623860672
2271 1429.833357606066
2272 1430.317860594012
2273 1430.824661175229
2274 1431.22572019743
2275 1431.170249598321
2276 1431.657571948677
2277 1431.838193107828
2278 1432.124471353068
2279 1432.330157644933
2280 1432.558309808458
2281 1432.658692190285
2282 1432.700306289508
2283 1432.841940386472
2284 1432.797439664659
2285 1432.858133229078
2286 1432.873155668954
2287 1432.939774610677
2288 1432.966508984098
2289 1432.910428521542
2290 1432.745111267619
2291 1432.652047862484
2292 1432.599230938835
2293 1432.523219456833
2294 1432.402856099725
2295 1432.211684784462
2296 1431.999463194115
2297 1431.767011142319
2298 1431.468129954338
2299 1431.1329215701
2300 1430.778371955009
2301 1430.401430540979
2302 1429.949654231973
2303 1429.479067342189
2304 1428.966107115234
2305 1428.416924158503
2306 1427.843938859777
2307 1427.193480812943
2308 1426.529941103704
2309 1425.865310344688
2310 1425.2097887818
2311 1424.576766467268
2312 1423.982377561834
2313 1423.438889927191
2314 1422.959205494094
2315 1422.554662505534
2316 1422.240982787095
2317 1421.997748074469
2318 1421.83735684523
2319 1421.821458160318
2320 1421.97306532417
2321 1422.28592723091
2322 1422.787626121613
2323 1423.515102661231
2324 1424.544662829185
2325 1426.014025235986
2326 1427.750840691884
2327 1429.333362770177
2328 1430.740407506083
2329 1431.974454681503
2330 1437.981430816125
2331 1437.813614137536
2332 1434.993020757297
2333 1425.564966393344
2334 1416.367743200152
2335 1408.11591953305
2336 1401.593948610647
2337 1397.324775151262
2338 1395.459526282078
2339 1395.989824102167
2340 1396.629522117168
2341 1397.570442675554
2342 1398.784960636227
2343 1400.390115376461
2344 1402.395558882254
2345 1405.097520227593
2346 1408.646441934245
2347 1413.727901477834
2348 1418.142671678761
2349 1422.137811921689
2350 1425.4130301623
2351 1423.907373113655
2352 1427.083686888645
2353 1425.722724621316
2354 1424.531044987276
2355 1428.076607255885
2356 1427.278568105384
2357 1430.888516635866
2358 1430.324098107829
2359 1429.832616730766
2360 1433.514450756815
2361 1433.004808884326
2362 1432.378146878523
2363 1431.816324468357
2364 1431.271220030497
2365 1435.516670730298
2366 1434.920304225076
2367 1434.321183635061
2368 1437.56737624857
2369 1440.408551836931
2370 1437.447349452746
2371 1433.868864840801
2372 1427.732938025373
2373 1421.364558413871
2374 1414.539294605463
2375 1412.604020556165
2376 1412.671767413468
2377 1412.654539632298
2378 1414.25262495475
2379 1417.696771847473
2380 1422.860039762581
2381 1428.216204794616
2382 1433.692114319823
2383 1437.74713074417
2384 1440.090773230581
2385 1443.158007381494
2386 1447.22271636554
2387 1452.734624477087
2388 1457.889264561767
2389 1462.675398869189
2390 1467.047936544913
2391 1471.103537053333
2392 1470.21233826491
2393 1469.785690082946
2394 1474.384432809622
2395 1474.25393558818
2396 1478.754417157019
2397 1478.759352236455
2398 1483.162571217026
2399 1484.681576355553
2400 1486.461001798452
2401 1488.721644984103
2402 1490.801925930427
2403 1492.735386118908
2404 1491.912743558798
2405 1491.009906746821
2406 1494.440585535499
2407 1494.931131313547
2408 1493.554262365725
2409 1497.050544151867
2410 1495.283099247094
2411 1493.546784829834
2412 1492.120870403057
2413 1488.511208910905
2414 1485.39577731043
2415 1482.343113744923
2416 1479.276380932304
2417 1475.855950435943
2418 1473.133829342767
2419 1472.0144298609
2420 1472.316093361964
2421 1474.026211567345
2422 1476.956713273603
2423 1479.954829755395
2424 1482.831623684621
2425 1485.555994920974
2426 1488.067721213254
2427 1490.384965223977
2428 1492.541480432391
2429 1494.573442469813
2430 1496.515968785942
2431 1498.425003159453
2432 1500.295580667108
2433 1502.153418307213
2434 1504.013076321045
2435 1505.854208593378
2436 1507.670480804185
2437 1509.505637612844
2438 1511.300673014573
2439 1512.855726748111
2440 1514.881857446817
2441 1516.926406304433
2442 1518.983446008529
2443 1521.029989910031
2444 1523.097048157211
2445 1525.164232851568
2446 1527.239721376248
2447 1529.325578139565
2448 1531.421315744794
2449 1533.398604057194
2450 1535.170289029363
2451 1537.381677262205
2452 1539.61082529253
2453 1541.922444240107
2454 1544.356747218443
2455 1546.914497416284
2456 1549.624798472725
2457 1552.518965452207
2458 1555.646691243803
2459 1559.081412284473
2460 1562.919572327613
2461 1567.1811585162
2462 1572.080935483161
2463 1577.751097268762
2464 1582.8540611162
2465 1587.519219501486
2466 1591.823477044406
2467 1592.801741237994
2468 1597.436836182828
2469 1598.375464510898
2470 1599.04204952297
2471 1599.413488107181
2472 1604.044552188594
2473 1605.047350420232
2474 1605.972364342435
2475 1612.566649768488
2476 1617.805135760075
2477 1618.207032877565
2478 1621.892835294997
2479 1617.890327458185
2480 1613.73418295199
2481 1614.683031890049
2482 1614.922673028706
2483 1611.691258296369
2484 1607.130895839858
2485 1603.894510902422
2486 1602.230977238594
2487 1601.989297870449
2488 1602.73082188858
2489 1603.85180699151
2490 1605.117000839408
2491 1606.519850914294
2492 1607.978843914749
2493 1609.435495971136
2494 1610.852049728069
2495 1612.200196403732
2496 1613.417872212058
2497 1614.625006653247
2498 1615.737242883921
2499 1616.85580749158
2500 1617.894123584937
2501 1618.973505154629
2502 1619.984922329837
2503 1620.972895770877
2504 1621.922364354747
2505 1622.836096981477
2506 1623.724896387167
2507 1624.636164987472
2508 1625.584890933911
2509 1626.573966829169
2510 1627.610553171759
2511 1628.685526132473
2512 1629.823855003968
2513 1630.994100965806
2514 1632.236500110103
2515 1633.479393044592
2516 1634.809856923541
2517 1636.125319263174
2518 1637.499172819895
2519 1638.843575466923
2520 1640.233885586639
2521 1641.555447109908
2522 1642.901443354289
2523 1644.218123355063
2524 1652.932670460055
2525 1657.259224870205
2526 1660.239874608245
2527 1662.738023422008
2528 1665.147621400159
2529 1667.431092946207
2530 1669.653428787093
2531 1671.809818012436
2532 1673.868366890654
2533 1675.832702389166
2534 1677.658956764986
2535 1679.409446537741
2536 1681.004403168705
2537 1688.325384863261
2538 1693.486686890855
2539 1697.776420198306
2540 1701.425166951552
2541 1704.692832577856
2542 1707.557318429415
2543 1710.139417239912
2544 1712.347289268657
2545 1714.251528521446
2546 1715.873273697107
2547 1717.271715427647
2548 1718.481288874728
2549 1719.514616099597
2550 1720.4155198724
2551 1721.17093302883
2552 1721.883260539644
2553 1726.664643249426
2554 1730.443875754395
2555 1733.341520251204
2556 1735.856204631991
2557 1738.007809731476
2558 1739.867070344619
2559 1741.361381226083
2560 1742.673098143861
2561 1743.694531178368
2562 1744.584720081355
2563 1745.281760826472
2564 1745.911088696281
2565 1746.363930892085
2566 1746.78500590602
2567 1747.063512572683
2568 1747.347347273957
2569 1747.505112709936
2570 1747.681054604053
2571 1747.754425759966
2572 1747.87233147383
2573 1747.886796453808
2574 1747.942668185302
2575 1747.916579051729
2576 1747.941599597
2577 1747.869440860796
2578 1747.844132574292
2579 1747.735671250366
2580 1747.694635149711
2581 1747.573722169989
2582 1747.527009570717
2583 1747.443565349448
2584 1747.450835217274
2585 1747.415079666188
2586 1747.480545642296
2587 1747.527822845253
2588 1747.679255913368
2589 1747.788771491692
2590 1747.989081579508
2591 1748.160610927795
2592 1748.406741705685
2593 1748.585827232316
2594 1748.823737067343
2595 1748.991987095329
2596 1749.207934856968
2597 1749.326763570544
2598 1749.47549997152
2599 1749.534072893031
2600 1749.61911699345
2601 1749.589991804197
2602 1749.580544719498
2603 1749.485549020128
2604 1749.411006865981
2605 1749.230198472225
2606 1749.080101406525
2607 1748.844976427196
2608 1748.658802183015
2609 1748.387903568832
2610 1748.170485735961
2611 1747.893296566763
2612 1747.690999752826
2613 1747.428290530422
2614 1747.251826544727
2615 1747.06135081583
2616 1746.970526477034
2617 1746.854890800822
2618 1746.853911670363
2619 1746.833223244373
2620 1746.929050773152
2621 1746.993702799329
2622 1747.158423033954
2623 1747.281063973756
2624 1747.487380330376
2625 1747.61306681285
2626 1747.787181109411
2627 1747.869733086484
2628 1747.988638981599
2629 1747.985793840648
2630 1751.335373620175
2631 1753.60936620269
2632 1755.259713637785
2633 1756.256446663882
2634 1756.916391879709
2635 1757.215691161073
2636 1757.382372851023
2637 1757.322320901903
2638 1757.230813809536
2639 1756.9911261517
2640 1756.769431689908
2641 1756.424192368247
2642 1756.113431476522
2643 1755.711064357601
2644 1755.359193423817
2645 1754.908100735068
2646 1754.512129215609
2647 1754.030781642307
2648 1753.62202192256
2649 1753.130465029452
2650 1752.721299815067
2651 1752.25743487498
2652 1751.898534201146
2653 1751.488323021004
2654 1751.191681460255
2655 1750.867060145239
2656 1750.673843668175
2657 1750.447229082682
2658 1750.343298925346
2659 1750.210194986706
2660 1750.19825406241
2661 1750.130291843524
2662 1750.160555115362
2663 1750.133054775648
2664 1750.187721309722
2665 1750.151766902154
2666 1750.175129170205
2667 1750.099998365222
2668 1750.072525466776
2669 1749.926161412295
2670 1749.818663041795
2671 1749.604499426934
2672 1749.437676055788
2673 1749.161713341759
2674 1748.94377957641
2675 1748.644797751843
2676 1748.418799869464
2677 1748.111202163697
2678 1747.886375357087
2679 1747.603459146082
2680 1747.414227342465
2681 1747.157389949735
2682 1746.991294364443
2683 1746.773741578553
2684 1746.657179761148
2685 1746.454856576113
2686 1746.324658792884
2687 1746.117865480884
2688 1745.968154518965
2689 1745.72985361228
2690 1745.564136647563
2691 1745.333955447607
2692 1745.186546654865
2693 1744.969949715847
2694 1744.848429215267
2695 1744.689296775568
2696 1744.643824973899
2697 1744.558402682343
2698 1744.595443569347
2699 1744.619157432794
2700 1744.760764597672
2701 1744.866991890161
2702 1745.078193078627
2703 1745.262715943109
2704 1745.548919039611
2705 1745.757245223108
2706 1746.022767904019
2707 1746.211582850538
2708 1746.439773789198
2709 1746.559534496448
2710 1746.720459566948
2711 1746.785835182358
2712 1746.88428897314
2713 1746.867600200172
2714 1746.885794952191
2715 1746.821281854427
2716 1746.79382835596
2717 1746.676184741641
2718 1746.621813919702
2719 1746.510187508831
2720 1746.476703037979
2721 1746.384679403058
2722 1746.382889433655
2723 1746.36503798536
2724 1746.442253290968
2725 1746.492537106885
2726 1746.649069036161
2727 1746.771314363028
2728 1746.952272524451
2729 1746.953269759476
2730 1746.935344886245
2731 1746.751777532735
2732 1746.528608163523
2733 1746.126666535411
2734 1745.68572054727
2735 1745.089416671984
2736 1744.463145735768
2737 1743.676203142078
2738 1742.886790528903
2739 1742.006785748837
2740 1741.155138179548
2741 1742.640604441214
2742 1743.497396817873
2743 1743.869162536651
2744 1744.027149532858
2745 1743.954451250334
2746 1743.860140367489
2747 1743.687544153768
2748 1743.576554663967
2749 1743.427292162562
2750 1743.378773134724
2751 1743.31108861763
2752 1743.292470491272
2753 1743.214576097632
2754 1743.19101961692
2755 1743.09312594839
2756 1743.021535525612
2757 1742.85002437495
2758 1742.688064647567
2759 1742.420651614259
2760 1742.156214530754
2761 1741.782111734268
2762 1741.415859018953
2763 1740.958320507817
2764 1740.522760170413
2765 1740.003619568168
2766 1739.522506683423
2767 1738.990042682613
2768 1738.513818685405
2769 1737.982785919789
2770 1737.51298357624
2771 1737.047311703944
2772 1736.617748434173
2773 1736.16637171634
2774 1735.785469888882
2775 1735.354471742245
2776 1734.97409841139
2777 1734.564856758029
2778 1734.174266825416
2779 1733.708255671718
2780 1733.27132880171
2781 1732.747344038488
2782 1732.248960520451
2783 1731.671398707204
2784 1731.135916526764
2785 1730.524048272531
2786 1729.95701273806
2787 1729.372337933209
2788 1728.863560370962
2789 1728.327782410539
2790 1727.888345996547
2791 1727.43302369273
2792 1727.081701808053
2793 1726.71335959606
2794 1726.449360777867
2795 1726.153881277059
2796 1725.942524255169
2797 1725.686626072641
2798 1725.490225781567
2799 1725.249371073165
2800 1725.044364694118
2801 1724.759478582175
2802 1724.505975490295
2803 1724.158625202744
2804 1723.829224669329
2805 1723.391601038144
2806 1722.970272811636
2807 1722.460026513213
2808 1721.981813729685
2809 1721.412184182214
2810 1720.877735863203
2811 1720.290211491766
2812 1719.734557703638
2813 1719.10704608312
2814 1718.528727565039
2815 1717.881935008932
2816 1717.287382301568
2817 1716.620620614467
2818 1716.022761928457
2819 1715.375016959186
2820 1714.511838063679
2821 1713.623790099834
2822 1712.814892617856
2823 1711.968979579556
2824 1711.214141329345
2825 1710.409418866371
2826 1709.680584880876
2827 1708.916670872622
2828 1708.20886004571
2829 1707.44784609039
2830 1706.769100650715
2831 1706.043028697632
2832 1705.411428237686
2833 1704.743038835055
2834 1704.181510107366
2835 1703.589507372353
2836 1703.113703968755
2837 1702.614592792178
2838 1702.228200523195
2839 1701.8112216706
2840 1701.505742174544
2841 1701.164786476517
2842 1700.924389943648
2843 1700.6264285533
2844 1700.410262073609
2845 1700.125119230767
2846 1699.902800710758
2847 1699.586926571465
2848 1699.322779816865
2849 1698.966811811099
2850 1698.625296022632
2851 1698.160295533643
2852 1697.728980375484
2853 1697.1901131308
2854 1696.699715131942
2855 1696.11129708938
2856 1695.584823098395
2857 1694.974754982576
2858 1694.438397884908
2859 1693.820103298126
2860 1693.279543579514
2861 1692.661175894793
2862 1692.119081687151
2863 1691.486909757771
2864 1690.943253833244
2865 1690.318588314385
2866 1689.769080433253
2867 1689.119999229135
2868 1688.538622826859
2869 1687.84977386068
2870 1687.22496225697
2871 1686.490573488425
2872 1685.824822916358
2873 1685.059684816421
2874 1684.373262444359
2875 1683.608702324372
2876 1682.935127397376
2877 1682.210596871576
2878 1681.585918883842
2879 1680.929598212132
2880 1680.379355612058
2881 1679.818264306146
2882 1679.362494500391
2883 1678.906860222923
2884 1678.545865348458
2885 1678.180794493304
2886 1677.879232488239
2887 1677.557758558422
2888 1677.278303195174
2889 1676.967672719206
2890 1676.676759318393
2891 1676.342916148929
2892 1676.010064177845
2893 1675.625468138648
2894 1675.228278526914
2895 1674.776777966191
2896 1674.310298074378
2897 1673.797124385771
2898 1673.277152977396
2899 1672.725714006052
2900 1672.181720472019
2901 1671.625764736862
2902 1671.096411151398
2903 1670.574022284379
2904 1670.092968318849
2905 1669.631401195725
2906 1669.218872705239
2907 1668.829386570909
2908 1668.487207449902
2909 1669.549443712021
2910 1670.299315822615
2911 1670.761974357669
2912 1671.022801787796
2913 1671.107298820727
2914 1671.079930805874
2915 1670.943507862829
2916 1670.739303887181
2917 1670.454473114099
2918 1670.118315889261
2919 1669.715146808444
2920 1669.272520111022
2921 1668.776978405554
2922 1668.256079166394
2923 1667.698864815648
2924 1667.130900932158
2925 1666.543577724341
2926 1665.960201904266
2927 1665.374007776209
2928 1664.80568706329
2929 1664.250711249952
2930 1663.727118921831
2931 1663.231121178258
2932 1662.777142103328
2933 1662.360838959539
2934 1661.992379917124
2935 1661.666193106892
2936 1661.387884047746
2937 1661.149681594255
2938 1660.954169954824
2939 1660.791641569718
2940 1660.661842518266
2941 1660.55351635683
2942 1660.465031326844
2943 1660.385696281253
2944 1660.314067601041
2945 1660.239660798774
2946 1660.158742848127
2947 1660.06083802495
2948 1659.945224129825
2949 1659.804654146249
2950 1659.641069163056
2951 1659.451078110868
2952 1659.239384828538
2953 1659.005087356804
2954 1658.7543765896
2955 1658.487581189615
2956 1658.21094054853
2957 1657.92538469325
2958 1657.637632503724
2959 1657.348918599543
2960 1657.064630515266
2961 1656.78554911749
2962 1656.515377027956
2963 1656.252352706512
2964 1655.99631443242
2965 1655.744054604391
2966 1655.496069459114
2967 1655.25084178974
2968 1655.01083667471
2969 1654.775836699943
2970 1654.549320432904
2971 1654.331444351826
2972 1654.125716012255
2973 1653.933310352333
2974 1653.757678276354
2975 1653.598410301622
2976 1653.457358706216
2977 1653.334076287236
2978 1653.227067682016
2979 1653.134403638915
2980 1653.054221229779
2981 1652.981320165677
2982 1652.911791409044
2983 1652.842556400251
2984 1652.781904419509
2985 1652.709932895709
2986 1652.628768491397
2987 1652.536804412091
2988 1652.436925743239
2989 1652.330688656733
2990 1652.220679007364
2991 1652.109711308424
2992 1652.002373982823
2993 1651.902738788138
2994 1651.815692426413
2995 1651.744509295959
2996 1651.692150415722
2997 1651.660757473878
2998 1651.651562962682
2999 1651.662563353459
3000 1651.688320574895
3001 1651.725258591574
3002 1651.772039454778
3003 1669.058413568887
3004 1688.388770821785
3005 1688.680151032858
3006 1689.576773844868
3007 1690.715708500676
3008 1690.888894810614
3009 1678.921607526963
3010 1667.20750441319
3011 1658.230709117301
3012 1655.111213341119
3013 1654.52045798149
3014 1654.302553402559
3015 1654.71938233501
3016 1653.202276560861
3017 1647.501984588385
3018 1642.252657930762
3019 1635.703667188164
3020 1629.773007006613
3021 1624.450195912895
3022 1619.727052712609
3023 1615.657631657944
3024 1612.148047598552
3025 1609.138339358569
3026 1606.569793213752
3027 1604.427965858549
3028 1602.427494232072
3029 1600.422756868943
3030 1598.269914102582
3031 1595.789549793927
3032 1592.770162043954
3033 1589.603987830538
3034 1586.789678991427
3035 1584.492477069611
3036 1582.74026995582
3037 1581.554035899728
3038 1580.799080344952
3039 1580.050036539051
3040 1579.670699319069
3041 1579.608057980727
3042 1579.830961886237
3043 1580.364276546058
3044 1581.194978522633
3045 1582.288585534553
3046 1583.58418756597
3047 1584.998971489499
3048 1586.488672346112
3049 1588.195181377573
3050 1589.72190316099
3051 1591.284101677551
3052 1592.886077704163
3053 1594.502708190285
3054 1596.115004878436
3055 1597.715816610445
3056 1599.977556715327
3057 1600.66037539144
3058 1601.394240063466
3059 1602.127445896931
3060 1602.816688853156
3061 1603.429900336885
3062 1603.940074518172
3063 1604.311972577616
3064 1604.536297877522
3065 1604.613968010395
3066 1604.587425526165
3067 1604.504498938515
3068 1604.428637435191
3069 1604.372884741833
3070 1604.368046126658
3071 1604.425021710745
3072 1604.567318808078
3073 1604.816227881171
3074 1605.178185352099
3075 1605.651136292129
3076 1606.231547759675
3077 1606.910566504679
3078 1607.693904140858
3079 1608.573603758065
3080 1609.543642003671
3081 1610.581244950938
3082 1611.662766401068
3083 1612.764739118715
3084 1613.869201193975
3085 1614.963203319235
3086 1616.04131259113
3087 1617.075143154007
3088 1618.062435648612
3089 1618.995054849975
3090 1619.885821123884
3091 1620.721657700783
3092 1621.515314667883
3093 1622.307456849188
3094 1623.096142719728
3095 1623.865013316986
3096 1624.615102644242
3097 1625.355279035306
3098 1626.09332403969
3099 1626.830599153653
3100 1627.572945384007
3101 1628.323798401575
3102 1629.085846428275
3103 1629.86000424402
3104 1630.646700686993
3105 1631.440987782461
3106 1632.239141583734
3107 1633.039042323992
3108 1633.842493414637
3109 1634.654958224771
3110 1635.487449998657
3111 1636.34105589865
3112 1637.224656012105
3113 1638.153488061144
3114 1639.144169333017
3115 1640.229179123116
3116 1640.428205384597
3117 1640.328558588279
3118 1640.121115306076
3119 1639.799229766052
3120 1639.36541637434
3121 1638.830807640379
3122 1639.381075197518
3123 1638.091802157943
3124 1636.811248732792
3125 1635.538121106796
3126 1634.275976905074
3127 1631.50789550612
3128 1629.366759815176
3129 1627.693549691
3130 1627.832093203544
3131 1626.866789406183
3132 1626.015078284191
3133 1625.257225027192
3134 1625.179691086584
3135 1624.196047602178
3136 1623.358476887022
3137 1622.550153323406
3138 1621.761082623821
3139 1620.990772762549
3140 1621.147917122768
3141 1621.304406087991
3142 1621.311165561836
3143 1621.411889721943
3144 1622.045779585745
3145 1623.354541034426
3146 1625.876171670321
3147 1630.552297350518
3148 1627.36091510046
3149 1623.733959649425
3150 1620.002063293901
3151 1614.394265610173
3152 1608.450372197144
3153 1604.882746673544
3154 1602.313989516988
3155 1600.345353817415
3156 1598.244542920567
3157 1596.31725232374
3158 1594.654805843086
3159 1593.595628467535
3160 1593.314642518073
3161 1593.602052698369
3162 1592.47180193781
3163 1589.413687059084
3164 1585.581911699923
3165 1581.313826976863
3166 1577.352154523367
3167 1574.255391943108
3168 1572.211940837618
3169 1570.60228378023
3170 1568.37084757423
3171 1566.050662483164
3172 1563.527717570055
3173 1559.217374082951
3174 1553.919374686687
3175 1548.599947293605
3176 1543.127586078568
3177 1537.482332278277
3178 1531.825869562689
3179 1526.628943622995
3180 1522.527548010237
3181 1519.646936085627
3182 1517.913264942268
3183 1516.925882008973
3184 1516.427996703423
3185 1516.72323461088
3186 1515.98537031047
3187 1514.597921383732
3188 1512.450617676493
3189 1509.6701996474
3190 1506.465980806549
3191 1503.042462843978
3192 1499.544182019714
3193 1496.21881043771
3194 1493.223557512186
3195 1490.534664690434
3196 1488.166383490754
3197 1486.125846636271
3198 1484.289528943234
3199 1482.535681812088
3200 1480.773881077755
3201 1479.063529517741
3202 1477.213693734526
3203 1474.880895286012
3204 1472.300182229351
3205 1469.548603000204
3206 1466.654515616816
3207 1463.722729118717
3208 1460.83323453073
3209 1458.055875580042
3210 1455.38429583819
3211 1452.887890617804
3212 1450.613930860939
3213 1448.575365627975
3214 1446.722911698842
3215 1445.004259694718
3216 1443.382870921777
3217 1441.814490009158
3218 1440.263656421577
3219 1438.70996393915
3220 1437.155297759674
3221 1435.604940858848
3222 1434.038607538394
3223 1432.460757610785
3224 1430.859060436059
3225 1429.272915703524
3226 1427.738543355985
3227 1426.056701253492
3228 1422.904481712916
3229 1419.466463812393
3230 1415.89590610741
3231 1412.267686843027
3232 1408.651966103682
3233 1405.08168560077
3234 1401.562378785649
3235 1398.161532949342
3236 1394.854680975105
3237 1391.623445895167
3238 1388.48369269661
3239 1385.437540520379
3240 1382.488012719411
3241 1379.672818180944
3242 1377.007913201563
3243 1374.503748811793
3244 1372.171272328507
3245 1370.026982606085
3246 1368.059075902597
3247 1366.280918037519
3248 1364.702265824743
3249 1363.243465873044
3250 1361.844566806218
3251 1360.519732164172
3252 1359.26527795249
3253 1358.083245834992
3254 1356.950094351293
3255 1355.894025621865
3256 1354.918071878429
3257 1354.027222594355
3258 1353.206196155959
3259 1352.456046722095
3260 1351.763555580448
3261 1351.117355631281
3262 1350.511882501894
3263 1349.944628424736
3264 1349.411657473238
3265 1348.894733402147
3266 1348.395812586928
3267 1347.916823681215
3268 1347.452105093124
3269 1346.993528919661
3270 1346.546666925694
3271 1346.110170388939
3272 1345.685015641834
3273 1345.276061653877
3274 1344.882278638908
3275 1344.504756339633
3276 1344.144545669528
3277 1343.802825996165
3278 1343.481181462806
3279 1343.178154322669
3280 1342.89144838803
3281 1342.620166146261
3282 1342.372344086862
3283 1342.158634068744
3284 1341.978035535642
3285 1341.818955089848
3286 1341.674957101847
3287 1341.542772582019
3288 1341.422918924164
3289 1341.319873843292
3290 1341.231076329669
3291 1341.198280781707
3292 1341.250955158878
3293 1341.436955229723
3294 1341.809875879473
3295 1342.448828054486
3296 1343.310280858345
3297 1344.909196363906
3298 1345.895787071575
3299 1346.700667859082
3300 1346.747838742896
3301 1345.763918393045
3302 1344.068050541331
3303 1341.936978910904
3304 1340.069550716503
3305 1338.753767278102
3306 1339.336475314772
3307 1339.423227787267
3308 1340.280605127867
3309 1341.665750309968
3310 1343.186129714872
3311 1344.513442454667
3312 1345.633592272592
3313 1346.623689813547
3314 1346.952813586573
3315 1346.126856985583
3316 1344.404285981729
3317 1341.722162982854
3318 1338.363930137892
3319 1334.676052098673
3320 1331.575339236754
3321 1329.540574237755
3322 1329.326024479667
3323 1330.708983646999
3324 1333.107744054207
3325 1335.093691448511
3326 1336.703881021367
3327 1337.753392460958
3328 1337.955161411777
3329 1337.727725588266
3330 1336.611842603646
3331 1334.858874622709
3332 1332.918765223483
3333 1331.421698588357
3334 1330.996116634919
3335 1331.814216789085
3336 1333.668191767384
3337 1336.618004041215
3338 1339.268879774519
3339 1341.198907675096
3340 1342.29505594311
3341 1342.64185094255
3342 1342.372103717311
3343 1341.596578221832
3344 1340.421157206527
3345 1338.998446817568
3346 1337.547927445495
3347 1336.333296665972
3348 1335.647648738739
3349 1335.69376097286
3350 1336.432588228361
3351 1337.524777460438
3352 1338.543604854927
3353 1339.200633269799
3354 1339.367946173691
3355 1339.038551741231
3356 1338.273219799349
3357 1337.166169331514
3358 1335.839385338885
3359 1334.437015574831
3360 1333.122737614396
3361 1332.056838772136
3362 1331.352815679817
3363 1331.027011122256
3364 1330.976919551686
3365 1331.016973029929
3366 1330.51936284423
3367 1329.855177538271
3368 1328.989096644997
3369 1327.93317289104
3370 1326.735801734936
3371 1325.474003451495
3372 1324.226004124246
3373 1323.063283456326
3374 1322.048168409347
3375 1321.221834263577
3376 1320.580562242923
3377 1320.104225620377
3378 1319.738705429884
3379 1319.420871091725
3380 1319.098101230584
3381 1318.744212168957
3382 1318.350069859324
3383 1317.921647519833
3384 1317.482921872131
3385 1317.060842956417
3386 1316.681402825656
3387 1316.363609412663
3388 1316.121016627764
3389 1315.953624496879
3390 1315.768675163471
3391 1315.555040417092
3392 1315.300052298561
3393 1315.004113609913
3394 1314.667183350982
3395 1314.293744064619
3396 1313.886585274331
3397 1313.460141230095
3398 1313.025387311897
3399 1312.596922856269
3400 1312.192472283907
3401 1311.818437644195
3402 1311.460626959174
3403 1311.133877140511
3404 1310.840396825013
3405 1310.590686556708
3406 1310.381585545107
3407 1310.2051667581
3408 1310.062078203717
3409 1309.951602441798
3410 1309.868013744544
3411 1309.812707464949
3412 1309.782565821103
3413 1309.77720154976
3414 1309.794410322458
3415 1309.827071515832
3416 1309.886017683036
3417 1309.974459283183
3418 1310.08884149408
3419 1310.226261258744
3420 1310.385716235248
3421 1310.566456661914
3422 1310.767211447092
3423 1310.987768414313
3424 1311.222758187828
3425 1311.471872924309
3426 1311.738139698262
3427 1312.020191430857
3428 1312.317360242315
3429 1312.625465265227
3430 1312.943403726212
3431 1313.265738737153
3432 1313.591636510174
3433 1313.917336183785
3434 1314.238914669389
3435 1314.555657344738
3436 1314.865627630673
3437 1315.166276288428
3438 1315.453831255715
3439 1315.732514793624
3440 1316.005453322846
3441 1316.274617263882
3442 1316.541177606135
3443 1316.804828837187
3444 1317.06630826529
3445 1317.321936354139
3446 1317.572711686546
3447 1317.822382027033
3448 1318.072133234834
3449 1318.321102331047
3450 1318.567560327093
3451 1318.809003794285
3452 1319.043720273948
3453 1319.270466293771
3454 1319.488360632909
3455 1319.696794940498
3456 1319.893817096779
3457 1320.084606099258
3458 1320.264671172342
3459 1320.435057793053
3460 1320.596054307269
3461 1320.747384948759
3462 1320.888724167168
3463 1321.020281572754
3464 1321.142684066365
3465 1321.257443036628
3466 1321.366867144473
3467 1321.47355373804
3468 1321.579617637987
3469 1321.686699151352
3470 1321.79597670753
3471 1321.908348049527
3472 1322.024331548013
3473 1322.143953008148
3474 1322.266756270243
3475 1322.392150315269
3476 1322.519611807269
3477 1322.64695943957
3478 1322.772528039421
3479 1322.895755593166
3480 1323.015685805994
3481 1323.131390936135
3482 1323.241283221626
3483 1323.342480714323
3484 1323.438093008159
3485 1323.527491018009
3486 1323.610699053186
3487 1323.68870706574
3488 1323.762135828428
3489 1323.832470466923
3490 1323.900515549345
3491 1323.966832074899
3492 1324.03156567301
3493 1324.094731091516
3494 1324.156022415819
3495 1324.214717339606
3496 1324.275286791195
3497 1324.344615287915
3498 1324.418381976988
3499 1324.494087444825
3500 1324.570105718506
3501 1324.64489072821
3502 1324.71650812381
3503 1324.784837665317
3504 1324.849283581652
3505 1324.907922456194
3506 1324.959330302677
3507 1325.002583586028
3508 1325.037228720517
3509 1325.063614056837
3510 1325.082476706052
3511 1325.094537315466
3512 1325.100831796782
3513 1325.100491423415
3514 1325.095826063253
3515 1325.089447016351
3516 1325.083000218196
3517 1325.077088199807
3518 1325.069812151496
3519 1325.062846232621
3520 1325.055058447158
3521 1325.04562746735
3522 1325.033246182186
3523 1325.017222819003
3524 1324.997206112964
3525 1324.973471075253
3526 1324.944316654148
3527 1324.908840356956
3528 1324.864162064755
3529 1324.813834173896
3530 1324.758943855536
3531 1324.69890164085
3532 1324.633831515731
3533 1324.564078442015
3534 1324.49027199924
3535 1324.413236251514
3536 1324.333703005656
3537 1324.252358130939
3538 1324.169867670518
3539 1324.086922895032
3540 1324.00372368685
3541 1323.920269256848
3542 1323.836549464815
3543 1323.752319325868
3544 1323.66730249327
3545 1323.580764525412
3546 1323.491700654955
3547 1323.40027733754
3548 1323.307094008741
3549 1323.212784093843
3550 1323.11769298777
3551 1323.022291364114
3552 1322.926064644643
3553 1322.828165687698
3554 1322.729781955892
3555 1322.631903607399
3556 1322.5340377344
3557 1322.436418104872
3558 1322.335101095057
3559 1322.233875770232
3560 1322.135306922847
3561 1322.041024396809
3562 1321.951247542643
3563 1321.8642091989
3564 1321.780862721152
3565 1321.695980208441
3566 1321.611334783389
3567 1321.530814496716
3568 1321.454824620634
3569 1321.381799492877
3570 1321.309738541809
3571 1321.236999849932
3572 1321.162859782359
3573 1321.0871378537
3574 1321.010141589953
3575 1320.932495428694
3576 1320.854783286258
3577 1320.777188915028
3578 1320.700390880695
3579 1320.622027304242
3580 1320.546310640839
3581 1320.472517805995
3582 1320.400326447643
3583 1320.329724702063
3584 1320.260902900583
3585 1320.193896548913
3586 1320.128704428957
3587 1320.065391376633
3588 1320.004036896492
3589 1319.944713073054
3590 1319.887467718499
3591 1319.832168648531
3592 1319.778833043546
3593 1319.727358152208
3594 1319.6778652835
3595 1319.630561335324
3596 1319.585560906296
3597 1319.542888353558
3598 1319.502689025107
3599 1319.464883284528
3600 1319.429249753852
3601 1319.395731378353
3602 1319.364361841664
3603 1319.335188498178
3604 1319.308221446612
3605 1319.283001385397
3606 1319.259140841421
3607 1319.237031084505
3608 1319.217728081168
3609 1319.201961908768
3610 1319.190064856524
3611 1319.181842761822
3612 1319.176787438666
3613 1319.17388276366
3614 1319.172525273487
3615 1319.172168034314
3616 1319.172670650963
3617 1319.174262058064
3618 1319.176833042491
3619 1319.180572446244
3620 1319.185566514571
3621 1319.191979982455
3622 1319.19984518886
3623 1319.209165338352
3624 1319.219886224536
3625 1319.231959246201
3626 1319.24537855831
3627 1319.260178724063
3628 1319.276491114357
3629 1319.294430094814
3630 1319.313994288444
3631 1319.335175115729
3632 1319.357905471433
3633 1319.382149770719
3634 1319.408055348384
3635 1319.435671393864
3636 1319.464964282331
3637 1319.495762543106
3638 1319.527837281231
3639 1319.561247758242
3640 1319.595331956836
3641 1319.62953385714
3642 1319.663714654699
3643 1319.697739277632
3644 1319.731539572541
3645 1319.765142371793
3646 1319.798672752285
3647 1319.832321261264
3648 1319.866179439487
3649 1319.900750940357
3650 1319.93627605723
3651 1319.973022637057
3652 1320.011205506832
3653 1320.050938460969
3654 1320.092180915371
3655 1320.134713602483
3656 1320.178826088571
3657 1320.224955944232
3658 1320.272991492838
3659 1320.322007610591
3660 1320.370914495789
3661 1320.418986685904
3662 1320.466013462335
3663 1320.512184440596
3664 1320.557871079355
3665 1320.603469336868
3666 1320.649295558873
3667 1320.695569934608
3668 1320.742511060105
3669 1320.790257527546
3670 1320.838844618216
3671 1320.888248258169
3672 1320.938413024294
3673 1320.989002585709
3674 1321.040271570729
3675 1321.092140491843
3676 1321.144450195026
3677 1321.196995829343
3678 1321.249497497904
3679 1321.30184531717
3680 1321.353874592912
3681 1321.40541926654
3682 1321.456351960633
3683 1321.506579970837
3684 1321.556031375319
3685 1321.60469207764
3686 1321.652541104322
3687 1321.69966165411
3688 1321.74610667636
3689 1321.792030564807
3690 1321.837517849814
3691 1321.882642414535
3692 1321.927474380617
3693 1321.972060017383
3694 1322.016424935546
3695 1322.060566317748
3696 1322.104478418088
3697 1322.148132896299
3698 1322.191484781688
3699 1322.234476616512
3700 1322.277036060229
3701 1322.319060344254
3702 1322.360474722887
3703 1322.401222218878
3704 1322.44124937511
3705 1322.4805037844
3706 1322.518939629725
3707 1322.55652177325
3708 1322.593223973178
3709 1322.629036302324
3710 1322.663969445283
3711 1322.698067733834
3712 1322.731396515195
3713 1322.764017782582
3714 1322.79598108127
3715 1322.827322362231
3716 1322.858065718794
3717 1322.888229474949
3718 1322.917702205121
3719 1322.946501452695
3720 1322.974821649496
3721 1323.002649310779
3722 1323.029914025034
3723 1323.056545710881
3724 1323.082488780208
3725 1323.107705111058
3726 1323.132163158773
3727 1323.155830151534
3728 1323.178734424458
3729 1323.200879336498
3730 1323.222263008005
3731 1323.242891435956
3732 1323.262783575441
3733 1323.281955273829
3734 1323.300438325558
3735 1323.31826412947
3736 1323.335461132191
3737 1323.352046917699
3738 1323.368015788557
3739 1323.383373451129
3740 1323.398120891969
3741 1323.412255745134
3742 1323.425776113102
3743 1323.438682593147
3744 1323.45098702484
3745 1323.462683204623
3746 1323.473767779881
3747 1323.484251727935
3748 1323.494140140994
3749 1323.50340508328
3750 1323.512104415937
3751 1323.520284233679
3752 1323.527930864658
3753 1323.535037628794
3754 1323.541617994267
3755 1323.547674984736
3756 1323.553215792407
3757 1323.558256577525
3758 1323.562821627099
3759 1323.566927377281
3760 1323.570589846856
3761 1323.573819357114
3762 1323.576628321203
3763 1323.579015234503
3764 1323.580980662936
3765 1323.582485679263
3766 1323.583548675711
3767 1323.584193597939
3768 1323.58442487262
3769 1323.584249490823
3770 1323.583693342901
3771 1323.582784274508
3772 1323.58109491926
3773 1323.578454193049
3774 1323.57526770305
3775 1323.572025081702
3776 1323.569082598203
3777 1323.566332309595
3778 1323.563516525562
3779 1323.561075687319
3780 1323.558885268143
3781 1323.556710874272
3782 1323.554285129357
3783 1323.551310984453
3784 1323.547609509832
3785 1323.543146103765
3786 1323.538005929197
3787 1323.532336094091
3788 1323.526292182952
3789 1323.520005961599
3790 1323.513563926298
3791 1323.506990489649
3792 1323.500264519549
3793 1323.493409943925
3794 1323.486467385296
3795 1323.479482185975
3796 1323.472494215072
3797 1323.465532115263
3798 1323.458609979483
3799 1323.451729639643
3800 1323.444889504077
3801 1323.438093747473
3802 1323.431368218259
3803 1323.424753996564
3804 1323.41829022362
3805 1323.411991624523
3806 1323.4058601727
3807 1323.399881998234
3808 1323.394029678768
3809 1323.388268433241
3810 1323.382565086847
3811 1323.376902213041
3812 1323.371267804575
3813 1323.365653072492
3814 1323.360054816977
3815 1323.354473324859
3816 1323.348920273043
3817 1323.343402022942
3818 1323.337914634829
3819 1323.332457440931
3820 1323.327039132746
3821 1323.321672417016
3822 1323.316367100924
3823 1323.311133208512
3824 1323.305976575981
3825 1323.30090115267
3826 1323.295914598598
3827 1323.291026677464
3828 1323.286248092363
3829 1323.281592066456
3830 1323.27707253547
3831 1323.27270167073
3832 1323.268494817332
3833 1323.26445448496
3834 1323.260583449871
3835 1323.256902741896
3836 1323.253398605748
3837 1323.250006781389
3838 1323.2467224702
3839 1323.243601346323
3840 1323.240709784528
3841 1323.238093259898
3842 1323.235766053872
3843 1323.233717438202
3844 1323.231924021032
3845 1323.230362788345
3846 1323.229020648673
3847 1323.227898389145
3848 1323.227009361035
3849 1323.22637509702
3850 1323.226020907527
3851 1323.225971383712
3852 1323.226247776365
3853 1323.226866976226
3854 1323.227841133062
3855 1323.229177417063
3856 1323.230881601145
3857 1323.232960977034
3858 1323.235416122793
3859 1323.238239935572
3860 1323.241423886836
3861 1323.244958671806
3862 1323.248833566324
3863 1323.253033893242
3864 1323.257535967243
3865 1323.262318857218
3866 1323.267362988434
3867 1323.272648971905
3868 1323.278157437865
3869 1323.283869716536
3870 1323.289773601571
3871 1323.295862446887
3872 1323.302128059961
3873 1323.308570244959
3874 1323.315196798089
3875 1323.322022416496
3876 1323.329066474961
3877 1323.336349968145
3878 1323.34389278829
3879 1323.351710284205
3880 1323.359843577754
3881 1323.368245500181
3882 1323.376910764185
3883 1323.38582906939
3884 1323.394980010904
3885 1323.404336661558
3886 1323.413868676708
3887 1323.423544996968
3888 1323.43333605391
3889 1323.443215453008
3890 1323.453161064604
3891 1323.463155575046
3892 1323.473186534854
3893 1323.483245974792
3894 1323.49332973873
3895 1323.503436618262
3896 1323.513567338252
3897 1323.52372356365
3898 1323.533906982598
3899 1323.544118532946
3900 1323.554357759737
3901 1323.564622458593
3902 1323.574907285766
3903 1323.58520244164
3904 1323.595501168029
3905 1323.605797633637
3906 1323.616085972366
3907 1323.626359518048
3908 1323.636610592111
3909 1323.64683087019
3910 1323.657012117184
3911 1323.667146991898
3912 1323.677229771775
3913 1323.687256599796
3914 1323.697225515735
3915 1323.707136188941
3916 1323.716989461752
3917 1323.726786822922
3918 1323.736529927192
3919 1323.746220184225
3920 1323.755858437267
3921 1323.765444735575
3922 1323.774978207489
3923 1323.784456951103
3924 1323.793878160317
3925 1323.803238267079
3926 1323.812532927837
3927 1323.821757477034
3928 1323.830907066563
3929 1323.839976773959
3930 1323.848961892015
3931 1323.857858159558
3932 1323.866661930237
3933 1323.875370350983
3934 1323.8839814208
3935 1323.892493953623
3936 1323.900907598202
3937 1323.909222723313
3938 1323.917440231838
3939 1323.925561439393
3940 1323.933587975192
3941 1323.941521619336
3942 1323.949364164769
3943 1323.95711725713
3944 1323.964782221645
3945 1323.972359905749
3946 1323.979850554902
3947 1323.987253739735
3948 1323.994568346474
3949 1324.00179262901
3950 1324.008924342999
3951 1324.01596092461
3952 1324.022899627352
3953 1324.029737788457
3954 1324.036473028167
3955 1324.043103416319
3956 1324.049627605064
3957 1324.056044902768
3958 1324.06235533685
3959 1324.068559662587
3960 1324.074659307527
3961 1324.080656245287
3962 1324.086552815588
3963 1324.0923515121
3964 1324.098054766437
3965 1324.103664749789
3966 1324.109183216228
3967 1324.114611401599
3968 1324.119949985204
3969 1324.125199096514
3970 1324.130358385649
3971 1324.135427142054
3972 1324.140404425757
3973 1324.145289201389
3974 1324.150080446556
3975 1324.15477741182
3976 1324.159379594359
3977 1324.163886831635
3978 1324.168299356339
3979 1324.17261781064
3980 1324.176843228244
3981 1324.180976991963
3982 1324.185020772361
3983 1324.188976447979
3984 1324.192846016912
3985 1324.196631538262
3986 1324.200334996777
3987 1324.203958231854
3988 1324.207502956092
3989 1324.210970806825
3990 1324.214363380816
3991 1324.217682240591
3992 1324.220928895856
3993 1324.224104772543
3994 1324.227211186184
3995 1324.230249328838
3996 1324.233220272862
3997 1324.236124992785
3998 1324.238964402028
3999 1324.241739400478
4000 1324.244450929687
4001 1324.247100019731
4002 1324.24968782748
4003 1317.790642229759
4004 1307.496737062412
4005 1296.222238175733
4006 1287.864645128772
4007 1281.995844935038
4008 1277.611710303458
4009 1274.768632751279
4010 1273.019786635947
4011 1272.100218823861
4012 1271.714863815819
4013 1271.707361466179
4014 1271.99219580894
4015 1272.54812937592
4016 1272.827589521493
4017 1272.308697786909
4018 1271.702202652678
4019 1273.573390376992
4020 1274.693607216293
4021 1275.396056859018
4022 1275.788229298581
4023 1275.938021224757
4024 1275.812885121802
4025 1275.477222906189
4026 1274.957934938606
4027 1274.272146135551
4028 1273.459321385553
4029 1272.534750377982
4030 1271.525047325677
4031 1270.460608536682
4032 1269.367950484838
4033 1268.272426315526
4034 1267.192833813608
4035 1266.139066128471
4036 1265.16074702313
4037 1264.213982866917
4038 1263.30958523314
4039 1262.464011946867
4040 1261.696177689463
4041 1261.009183675395
4042 1260.38741436918
4043 1259.819662716285
4044 1259.306053676173
4045 1258.865561052677
4046 1258.482046882758
4047 1258.186392928944
4048 1257.981991805749
4049 1257.881142716342
4050 1257.86243996354
4051 1257.926931875534
4052 1258.139612842578
4053 1260.212903708271
4054 1261.71171657216
4055 1262.983694815308
4056 1264.103064223283
4057 1265.078612239179
4058 1265.952442699058
4059 1266.74702293971
4060 1267.491185128047
4061 1268.287414027445
4062 1269.056455124955
4063 1269.874218648495
4064 1270.674643173035
4065 1271.480025133011
4066 1272.289109825386
4067 1273.100926198132
4068 1273.970458913236
4069 1274.911014341912
4070 1275.901585376847
4071 1276.964653064133
4072 1278.070584826954
4073 1279.208612104834
4074 1280.445510858859
4075 1281.77556034162
4076 1283.188237461424
4077 1284.651854848242
4078 1286.15780287734
4079 1287.711243893064
4080 1289.301833177532
4081 1290.970806950404
4082 1292.695861701618
4083 1294.44932133582
4084 1296.241522476432
4085 1298.064615645675
4086 1299.874957115529
4087 1301.682640009615
4088 1303.424928961578
4089 1306.302409876988
4090 1308.852924020235
4091 1311.137559792846
4092 1313.229124446568
4093 1315.178262542054
4094 1317.010515546811
4095 1318.744339814411
4096 1320.388790392031
4097 1321.966328312938
4098 1323.499754840158
4099 1324.98344058479
4100 1326.429332034114
4101 1327.827737988197
4102 1329.188009535028
4103 1330.533253044725
4104 1331.870276739781
4105 1333.195799091273
4106 1334.504537050517
4107 1335.793119535058
4108 1337.096859615383
4109 1338.419303985478
4110 1339.767188933933
4111 1341.132124027266
4112 1342.531737621477
4113 1343.896025740824
4114 1345.214399973054
4115 1346.497886612244
4116 1347.752107084095
4117 1348.787623089717
4118 1349.562125601074
4119 1350.31499230249
4120 1351.099266863177
4121 1351.902223708889
4122 1352.838238159896
4123 1353.966926458783
4124 1355.306208157773
4125 1356.792920774635
4126 1359.109060419622
4127 1360.345714032746
4128 1362.421670284681
4129 1364.204964370037
4130 1365.692174206234
4131 1367.111371602194
4132 1367.148896576434
4133 1368.388383588361
4134 1368.968919112064
4135 1368.765292207162
4136 1367.275725392172
4137 1364.378654627957
4138 1362.030086655995
4139 1360.598817058311
4140 1362.539979352491
4141 1365.363890284227
4142 1368.87188914438
4143 1371.221889600206
4144 1373.087713107229
4145 1374.814662956121
4146 1375.806657391797
4147 1376.020979034497
4148 1375.633700469736
4149 1374.926546324364
4150 1375.214786446987
4151 1375.239113723917
4152 1375.730377823284
4153 1376.873177848882
4154 1378.752636831534
4155 1381.081257580803
4156 1381.18862029143
4157 1380.52464426283
4158 1379.50589986264
4159 1379.8728779587
4160 1379.780788149638
4161 1379.909912843186
4162 1380.806118395578
4163 1382.384757735159
4164 1382.413414130109
4165 1382.164939580287
4166 1380.382415537346
4167 1378.771623887477
4168 1378.807316728532
4169 1379.008207003272
4170 1379.72235220263
4171 1381.063251533207
4172 1380.632673127442
4173 1379.989101152224
4174 1378.749360009652
4175 1377.751593954904
4176 1377.920827641277
4177 1378.198992611563
4178 1379.112747476064
4179 1379.063995379336
4180 1378.782029730353
4181 1376.981587500806
4182 1374.78539284727
4183 1374.62841876268
4184 1374.90252745587
4185 1375.741333146493
4186 1377.215353832765
4187 1376.895593794711
4188 1376.624631600013
4189 1375.541669471064
4190 1374.429838955036
4191 1374.630490488349
4192 1374.854513532569
4193 1375.537588469373
4194 1375.018620604767
4195 1374.337592430233
4196 1372.456282075633
4197 1370.447052755843
4198 1370.428159826415
4199 1370.689942139221
4200 1371.409650079332
4201 1371.120765235306
4202 1371.217278841836
4203 1370.129452668051
4204 1367.865447761299
4205 1365.8448890774
4206 1365.759471956177
4207 1365.880830844073
4208 1365.246880375867
4209 1364.868807371958
4210 1364.104088704015
4211 1362.299822337419
4212 1360.168505001153
4213 1358.455622814014
4214 1358.677612076752
4215 1359.332587141954
4216 1358.869311261138
4217 1359.115746442234
4218 1358.308113942951
4219 1356.73323235159
4220 1355.480553801244
4221 1356.412288221275
4222 1357.678865570408
4223 1357.915326813019
4224 1358.831721811997
4225 1358.622529561247
4226 1357.394636913637
4227 1355.93188619003
4228 1354.901442770419
4229 1355.911818018124
4230 1357.218421169505
4231 1357.080871153697
4232 1357.590169137342
4233 1356.819478021595
4234 1355.023423148952
4235 1353.121581864202
4236 1351.756904559202
4237 1352.570996052196
4238 1353.776409928397
4239 1353.816319226224
4240 1354.548064235005
4241 1353.945178075114
4242 1352.253883449923
4243 1350.295888544933
4244 1348.823211086652
4245 1349.606626601054
4246 1350.739857135378
4247 1351.113678617406
4248 1352.004697292602
4249 1351.793360570742
4250 1350.284759588123
4251 1348.136630562747
4252 1346.397986597213
4253 1346.91877496135
4254 1347.769729647604
4255 1347.950952553326
4256 1348.524640089074
4257 1348.645159818455
4258 1347.507682880067
4259 1345.533995802885
4260 1344.013146155506
4261 1344.701558827606
4262 1345.719303554163
4263 1346.028499460414
4264 1346.93178816004
4265 1347.000049621076
4266 1345.879602178395
4267 1344.197048607485
4268 1343.007911711424
4269 1344.042607084025
4270 1345.377692115574
4271 1345.943703995396
4272 1347.033958887245
4273 1347.113155389449
4274 1345.914229576928
4275 1344.136913624039
4276 1342.833972319338
4277 1343.763800037822
4278 1344.99815428511
4279 1345.452254006536
4280 1346.379489296419
4281 1346.359609771024
4282 1345.065015467311
4283 1343.22001958452
4284 1341.866020848531
4285 1342.712634526086
4286 1343.882993990147
4287 1344.277337706975
4288 1345.183577300598
4289 1344.984088620088
4290 1343.593852370612
4291 1341.838070916944
4292 1340.600696370254
4293 1341.549071168531
4294 1342.831993410709
4295 1343.320278142535
4296 1344.315020778405
4297 1343.994326314238
4298 1342.516977042879
4299 1340.832669131244
4300 1341.202583597085
4301 1342.01493750025
4302 1343.407110954923
4303 1343.675489067425
4304 1344.335570173012
4305 1343.705342358174
4306 1342.050748584938
4307 1340.653884195067
4308 1341.328338091006
4309 1342.329151776262
4310 1342.573964744183
4311 1343.042752075418
4312 1343.103050577745
4313 1341.994655426719
4314 1340.499904336595
4315 1339.405328790788
4316 1340.295973297995
4317 1341.505203728251
4318 1341.669027941569
4319 1342.49645632656
4320 1341.862925340556
4321 1340.199412188012
4322 1338.771959079964
4323 1339.583467404492
4324 1340.756727070106
4325 1341.136815344303
4326 1341.744147049326
4327 1342.152124630865
4328 1341.317431229085
4329 1339.892952365174
4330 1338.879534046517
4331 1339.883902339298
4332 1341.162807542308
4333 1341.265777584897
4334 1342.074313793888
4335 1341.396007647609
4336 1339.737041915548
4337 1338.296628439201
4338 1339.65318875943
4339 1341.196195865036
4340 1341.784345421483
4341 1342.6955561066
4342 1342.82380761359
4343 1341.78065405716
4344 1340.466771200435
4345 1339.587544312243
4346 1340.744209293225
4347 1342.183686246499
4348 1342.281836556049
4349 1342.810787339992
4350 1342.026621439625
4351 1340.438064598118
4352 1339.334064447418
4353 1340.416315132432
4354 1341.774980311123
4355 1342.130840592657
4356 1343.147484015936
4357 1342.580240906148
4358 1340.95637187754
4359 1339.408184416486
4360 1340.030585482066
4361 1341.037192557499
4362 1341.174577286272
4363 1341.467027957778
4364 1342.07139372091
4365 1341.366153229387
4366 1339.744447499931
4367 1338.387062022548
4368 1339.206483640417
4369 1340.362172868896
4370 1340.597322955772
4371 1341.382624540371
4372 1341.002779991548
4373 1339.573756334651
4374 1338.005329160064
4375 1338.51651784521
4376 1339.417619751432
4377 1339.427870096732
4378 1339.742031611856
4379 1340.567098664864
4380 1340.04384279464
4381 1338.65620083438
4382 1337.460982101545
4383 1338.506132783201
4384 1339.871152059802
4385 1340.235814569793
4386 1341.211560820512
4387 1340.902245863674
4388 1339.5527027459
4389 1337.990585154894
4390 1336.96650648882
4391 1338.096050973378
4392 1339.498750321724
4393 1339.599113413336
4394 1340.400147279755
4395 1339.665025039584
4396 1337.946371542077
4397 1336.163513347741
4398 1336.523984532085
4399 1337.513604880272
4400 1337.806316836013
4401 1338.569331574544
4402 1339.705959721882
4403 1339.29568681617
4404 1337.842517678306
4405 1336.224614509452
4406 1336.708614646545
4407 1337.655431815206
4408 1339.145300067259
4409 1339.338926529511
4410 1340.059873864457
4411 1339.314342136336
4412 1337.519329397203
4413 1335.750296160902
4414 1336.089864996382
4415 1336.859333920769
4416 1336.815955862178
4417 1337.239700427806
4418 1337.910682610103
4419 1337.157066269814
4420 1335.33757915734
4421 1333.464865407303
4422 1333.716520420732
4423 1334.422059438784
4424 1335.712152342044
4425 1335.56608181713
4426 1336.267180941454
4427 1335.575549544938
4428 1333.918030542187
4429 1332.331018418316
4430 1332.931993372082
4431 1333.963602521838
4432 1334.15357469459
4433 1334.530306365922
4434 1335.219651051403
4435 1334.501052567347
4436 1332.887911214164
4437 1331.396812908108
4438 1332.19850762788
4439 1333.35746887381
4440 1333.53748055817
4441 1334.350519251241
4442 1334.282050551205
4443 1333.081144683222
4444 1331.238742462215
4445 1330.041706083901
4446 1331.230201774613
4447 1332.750040697022
4448 1332.963697610718
4449 1334.17014234678
4450 1333.631060486528
4451 1332.072692658513
4452 1330.246820531909
4453 1329.041562478663
4454 1330.353355772712
4455 1332.044396099213
4456 1332.876931951839
4457 1334.241878748125
4458 1334.341567648753
4459 1333.146636328099
4460 1331.286363463933
4461 1329.898430270289
4462 1330.958342021468
4463 1332.375974394288
4464 1332.980023906447
4465 1334.063695229471
4466 1334.31500797598
4467 1333.215809759913
4468 1331.324247267439
4469 1329.923680297841
4470 1330.919242652963
4471 1332.252831692497
4472 1332.729819284696
4473 1333.780000275497
4474 1333.839974259386
4475 1332.633255018569
4476 1330.776649413626
4477 1329.450169060767
4478 1330.529180304624
4479 1331.93315648017
4480 1332.419743135328
4481 1333.560293600667
4482 1333.435231212809
4483 1332.128599276758
4484 1330.288795488841
4485 1329.003713680431
4486 1330.150788275427
4487 1331.612918894729
4488 1332.121176361537
4489 1333.292549537333
4490 1333.056311881169
4491 1331.643408031226
4492 1329.734946130911
4493 1328.383429223508
4494 1329.482182945083
4495 1330.899178788971
4496 1331.383389441314
4497 1332.50018027539
4498 1332.24063982625
4499 1330.787472210276
4500 1328.828069545495
4501 1327.413824416531
4502 1328.450304780983
4503 1329.819590737434
4504 1330.290442856508
4505 1331.382962346197
4506 1331.170000240085
4507 1329.774482273425
4508 1327.895023483512
4509 1326.548517197286
4510 1327.636393283745
4511 1329.063749723339
4512 1329.596089151548
4513 1330.746852880231
4514 1330.59038132096
4515 1329.255555325437
4516 1327.458620472903
4517 1326.178352454155
4518 1327.312571030064
4519 1328.777380588049
4520 1329.336173629699
4521 1330.517238965072
4522 1330.374434328583
4523 1329.060413453101
4524 1327.286560014294
4525 1326.045777951811
4526 1327.231500491685
4527 1328.749771612662
4528 1329.341135097235
4529 1330.589232645798
4530 1330.469283155398
4531 1329.19840359491
4532 1327.550533751685
4533 1326.42447106153
4534 1327.7416654039
4535 1329.375706620314
4536 1329.871802318585
4537 1331.173938641567
4538 1330.816359595503
4539 1329.297372952683
4540 1327.495433418783
4541 1326.261147413427
4542 1327.549772093942
4543 1329.171010566221
4544 1329.872892363011
4545 1331.139347270971
4546 1331.165153616085
4547 1329.927390608721
4548 1328.056976697561
4549 1326.684051939796
4550 1327.821781457991
4551 1329.313636147782
4552 1329.770240063521
4553 1330.948784640164
4554 1330.770897892135
4555 1329.357893799778
4556 1327.50736503729
4557 1326.190388145518
4558 1327.423823652322
4559 1329.019570069134
4560 1329.543896239262
4561 1330.789373941259
4562 1330.5794859239
4563 1329.122840552828
4564 1327.210519480707
4565 1325.806963343702
4566 1326.979056780822
4567 1328.531519230757
4568 1329.065684974807
4569 1330.241574886895
4570 1330.129100938062
4571 1328.816508317004
4572 1326.804767236092
4573 1325.306548747344
4574 1326.373689722233
4575 1327.83074944735
4576 1328.272596573071
4577 1329.393764381106
4578 1329.314291419915
4579 1327.925498699492
4580 1325.948815648476
4581 1324.489969355707
4582 1325.61480442777
4583 1327.136912806966
4584 1327.64169625814
4585 1328.819345091315
4586 1328.795493863643
4587 1327.466931079427
4588 1325.539470006374
4589 1324.118310996528
4590 1325.275754167014
4591 1326.831042118059
4592 1327.36410684113
4593 1328.560333296491
4594 1328.566361154633
4595 1327.249221805387
4596 1325.29744247341
4597 1323.862314370059
4598 1325.014655311606
4599 1326.57171202379
4600 1327.107472950359
4601 1328.316092286719
4602 1328.355353598741
4603 1327.075331604412
4604 1325.140662807684
4605 1323.744032382302
4606 1324.954903000978
4607 1326.581724538764
4608 1327.177366063771
4609 1328.452968828997
4610 1328.546788195097
4611 1327.307252810309
4612 1325.370040454231
4613 1323.969271874249
4614 1325.189777175354
4615 1326.826324582585
4616 1327.419241371833
4617 1328.674070069089
4618 1328.784789017074
4619 1327.534349886072
4620 1325.533575716346
4621 1324.078402108769
4622 1325.268683541017
4623 1326.891830170822
4624 1327.478639611784
4625 1328.719515725085
4626 1328.878260112225
4627 1327.65285722345
4628 1325.633338332108
4629 1324.162171665592
4630 1325.327572763232
4631 1326.936210493433
4632 1327.522027128475
4633 1328.736326441066
4634 1328.987742570057
4635 1327.802092590375
4636 1325.803863182521
4637 1324.281585049097
4638 1325.700664884642
4639 1327.491346895791
4640 1328.207018524759
4641 1329.447096921914
4642 1329.99179653787
4643 1328.97174524915
4644 1327.095424460967
4645 1325.557623547837
4646 1326.618437949203
4647 1328.172110509246
4648 1328.663055777592
4649 1329.727938319065
4650 1330.131551547797
4651 1329.020418374147
4652 1327.080035054814
4653 1325.481942658642
4654 1326.477666779596
4655 1327.978985900765
4656 1328.414182344897
4657 1329.441653270548
4658 1329.754858551303
4659 1328.587942282168
4660 1326.603712556953
4661 1324.995746183843
4662 1325.993573531459
4663 1327.494276753593
4664 1327.939178532705
4665 1328.997116570298
4666 1329.257548037998
4667 1328.086125462368
4668 1326.117159282175
4669 1324.574065248155
4670 1325.575208880212
4671 1327.081783527311
4672 1327.60698042223
4673 1328.655118910856
4674 1329.276904024632
4675 1328.280644893761
4676 1326.417900289
4677 1324.832725246663
4678 1325.772832375222
4679 1327.239789054433
4680 1327.705005097449
4681 1328.62095780955
4682 1329.44567956487
4683 1328.541614869991
4684 1326.743700473737
4685 1325.10516611453
4686 1324.216391055935
4687 1325.857285175681
4688 1327.816264898114
4689 1328.252722502914
4690 1329.683980637811
4691 1328.949728354349
4692 1327.187291930587
4693 1325.276917570465
4694 1323.971457124603
4695 1325.364618047913
4696 1327.183813862352
4697 1328.089425635523
4698 1329.467580572316
4699 1330.093138534253
4700 1329.04873587409
4701 1327.100576037523
4702 1325.478492567321
4703 1326.439707258717
4704 1327.914169113674
4705 1328.403403363591
4706 1329.3513739526
4707 1330.172767766494
4708 1329.240283221296
4709 1327.411545305873
4710 1325.683595179979
4711 1324.708660579927
4712 1326.302234523368
4713 1328.251897267639
4714 1328.621556415483
4715 1330.119585083656
4716 1329.368999170708
4717 1327.564359352147
4718 1325.465775662886
4719 1323.947578503022
4720 1325.200601334796
4721 1326.935375384435
4722 1327.757961258093
4723 1328.996356147946
4724 1329.806739506618
4725 1328.982049318316
4726 1327.06907090212
4727 1325.180411022455
4728 1325.698580129219
4729 1326.849503863801
4730 1327.096947729419
4731 1328.064534553144
4732 1329.49293929091
4733 1329.305622031898
4734 1327.772834963143
4735 1325.590418637726
4736 1323.930337420028
4737 1324.938471631588
4738 1326.426974069566
4739 1326.98374861156
4740 1328.01476603186
4741 1328.705634096344
4742 1327.661915731239
4743 1325.718491025224
4744 1323.946277320759
4745 1324.643028927642
4746 1325.937126367189
4747 1326.304301981458
4748 1327.011341673981
4749 1328.479625456936
4750 1327.984650054072
4751 1326.283335660196
4752 1324.217052991711
4753 1322.723961488923
4754 1323.9490659977
4755 1325.653346705689
4756 1326.462612574652
4757 1327.693219667642
4758 1328.694990976867
4759 1327.798093245427
4760 1325.932535296524
4761 1324.11871782309
4762 1322.993174944282
4763 1324.460225136313
4764 1326.300553413592
4765 1327.125843016212
4766 1328.606936805572
4767 1328.525351640134
4768 1327.079939699239
4769 1324.908135366171
4770 1323.26670976375
4771 1324.342982981231
4772 1325.9273147589
4773 1326.591795201413
4774 1327.714805440074
4775 1328.584769866825
4776 1327.689476461589
4777 1325.881108951839
4778 1324.203081836806
4779 1325.003790056657
4780 1326.417084520906
4781 1326.903920001426
4782 1327.782948364475
4783 1329.407449891836
4784 1329.047038998114
4785 1327.431218743304
4786 1325.30182767728
4787 1323.742368256688
4788 1324.954258051724
4789 1326.671556560972
4790 1327.456221691541
4791 1328.616885391544
4792 1329.737488991151
4793 1328.846886100043
4794 1326.944800787069
4795 1324.994249024129
4796 1325.44724533664
4797 1326.579410103257
4798 1326.864126403088
4799 1327.997001228822
4800 1329.456077410895
4801 1329.797126825111
4802 1328.592873875305
4803 1326.522579803396
4804 1324.869660391774
4805 1325.874668359934
4806 1327.416305795694
4807 1327.987061742871
4808 1328.998022360962
4809 1329.981348641248
4810 1329.084529915327
4811 1327.235512480321
4812 1325.397754176709
4813 1326.015018351485
4814 1327.26906975381
4815 1327.600330297051
4816 1328.641295117631
4817 1330.15902200748
4818 1330.042200650676
4819 1328.548857838509
4820 1326.281989018107
4821 1324.59051182227
4822 1325.644225154645
4823 1327.207667915417
4824 1327.796900641471
4825 1328.863621457829
4826 1329.639312922055
4827 1328.591974384231
4828 1326.603963549578
4829 1324.684117133997
4830 1325.242699961922
4831 1326.45233798866
4832 1326.761994409499
4833 1327.801236492838
4834 1329.302354294572
4835 1329.1643744813
4836 1327.670989646118
4837 1325.468304483911
4838 1323.807388434352
4839 1324.879892648426
4840 1326.47837790066
4841 1327.135313444842
4842 1328.235686122771
4843 1329.194800592011
4844 1328.271910245446
4845 1326.38755744573
4846 1324.544158360082
4847 1325.144795728615
4848 1326.388772436101
4849 1326.74117086126
4850 1327.847858686021
4851 1329.356970567191
4852 1329.377865903242
4853 1327.96508752408
4854 1325.737441559063
4855 1324.054578418224
4856 1325.078495491396
4857 1326.610715889562
4858 1327.179687668716
4859 1328.222794251595
4860 1329.056369543545
4861 1328.05925310266
4862 1326.134723391551
4863 1324.285731628779
4864 1324.919545466849
4865 1326.200782343298
4866 1326.579208976893
4867 1327.664345287956
4868 1329.232752275696
4869 1329.128129220819
4870 1327.664895388004
4871 1325.455710868123
4872 1323.801867957338
4873 1324.882153590901
4874 1326.473803935904
4875 1327.098707413518
4876 1328.170403546843
4877 1329.053288767347
4878 1328.054011706859
4879 1326.095057506818
4880 1324.156217388534
4881 1324.669763982733
4882 1325.84406212169
4883 1326.146304909539
4884 1327.234209984415
4885 1328.733238997431
4886 1328.809038305224
4887 1327.448510682468
4888 1325.248695413828
4889 1323.570073520289
4890 1324.631879534091
4891 1326.223081752544
4892 1326.835531728526
4893 1327.933126798388
4894 1328.751927058101
4895 1327.774916638883
4896 1325.860070985345
4897 1324.014131225715
4898 1324.635456773301
4899 1325.891954469229
4900 1326.271215749171
4901 1327.344609229923
4902 1328.892118561371
4903 1328.814211251542
4904 1327.351126604803
4905 1325.091868604348
4906 1323.396586250371
4907 1324.457411456843
4908 1326.047804800724
4909 1326.674220492293
4910 1327.72866050183
4911 1328.716293512615
4912 1327.768067036321
4913 1325.839546285632
4914 1323.878887270611
4915 1324.345675656799
4916 1325.478005687466
4917 1327.291678016323
4918 1327.942011967294
4919 1329.182505658581
4920 1329.198675031237
4921 1327.791739518382
4922 1325.514153226416
4923 1323.826818906216
4924 1324.727846057233
4925 1326.165785290505
4926 1326.668681126562
4927 1327.446768368605
4928 1328.598929424967
4929 1327.912947785446
4930 1326.043049097143
4931 1323.947541009887
4932 1322.475616695243
4933 1323.710484911556
4934 1325.413124640853
4935 1326.219090841481
4936 1327.486442132299
4937 1328.406011316144
4938 1327.397514073982
4939 1325.421297017042
4940 1323.47636212504
4941 1324.02424658523
4942 1325.236002048151
4943 1325.568767023125
4944 1326.662709648126
4945 1328.161057350845
4946 1328.186584993046
4947 1326.799300909064
4948 1324.57964745262
4949 1322.860846888143
4950 1323.878702544064
4951 1325.443621642432
4952 1326.044331397506
4953 1327.135580172883
4954 1327.944923661799
4955 1326.971862520488
4956 1325.062375686261
4957 1323.19852938339
4958 1323.767624516691
4959 1324.97921953771
4960 1325.338692582972
4961 1326.430426979121
4962 1327.956265102469
4963 1327.971691031721
4964 1326.570672905836
4965 1324.33748835338
4966 1322.635339043953
4967 1323.670501642776
4968 1325.259447916498
4969 1325.904953764662
4970 1326.957318515191
4971 1328.035540721231
4972 1327.157812167467
4973 1325.287253750359
4974 1323.385152290459
4975 1323.8808922076
4976 1325.037717235542
4977 1326.879578313415
4978 1327.610047320454
4979 1328.862939996825
4980 1329.007923672371
4981 1327.695865045806
4982 1325.497446051528
4983 1323.861466329912
4984 1324.779970224846
4985 1326.228908016024
4986 1326.738029387732
4987 1327.489977395391
4988 1328.756935360201
4989 1327.896425325745
4990 1326.012271891589
4991 1323.999537246678
4992 1324.3875065969
4993 1325.465170318282
4994 1327.234475826269
4995 1327.920705741908
4996 1329.107993870084
4997 1329.41765479917
4998 1328.20534755528
4999 1326.101482644336
5000 1324.374908886959
5001 1325.182916265624
5002 1326.5558788306
5003 1373.456859412404
5004 1367.818815279536
5005 1349.87430320932
5006 1339.314011696614
5007 1324.206484649302
5008 1315.712532183512
5009 1310.396797943049
5010 1311.95808099899
5011 1307.935992622732
5012 1306.363532763849
5013 1303.181029860415
5014 1291.735433617469
5015 1279.595880588618
5016 1275.529213277669
5017 1269.075659290602
5018 1265.660679967814
5019 1262.125750106253
5020 1259.771171602986
5021 1253.897887755394
5022 1254.844201309547
5023 1250.657098476151
5024 1253.232237969802
5025 1255.309314635229
5026 1250.902183706285
5027 1249.633905149394
5028 1254.308382749503
5029 1252.229246393954
5030 1251.892931408921
5031 1255.276839264273
5032 1254.789942559917
5033 1258.299332296486
5034 1253.224644459658
5035 1257.804995902214
5036 1257.918781161706
5037 1255.814338303998
5038 1253.385754645054
5039 1258.431892047523
5040 1259.538441527425
5041 1262.798760847969
5042 1259.096756912204
5043 1263.288106367822
5044 1264.387020712606
5045 1267.386729905458
5046 1263.930657550633
5047 1267.937462695882
5048 1269.173002572013
5049 1272.023232366836
5050 1268.754859158707
5051 1272.403408129343
5052 1273.425828951831
5053 1275.906130907678
5054 1276.028490975773
5055 1274.21987946843
5056 1275.445270925085
5057 1277.95730926939
5058 1278.05795263544
5059 1279.874099165092
5060 1279.469716460972
5061 1281.023199547123
5062 1282.063532266834
5063 1280.941671551333
5064 1282.142760401887
5065 1282.851282126491
5066 1281.241771652071
5067 1282.032990367029
5068 1282.283222251895
5069 1282.086211469616
5070 1281.460827568921
5071 1278.219891155834
5072 1277.525412204083
5073 1276.217160469753
5074 1274.331910843526
5075 1271.961547706803
5076 1269.263605435789
5077 1266.292789872321
5078 1264.005369641809
5079 1260.624904857802
5080 1258.613531298657
5081 1256.743895020628
5082 1255.100890827724
5083 1253.754453418506
5084 1252.722406951665
5085 1251.98358054129
5086 1251.278249505698
5087 1250.642450146197
5088 1249.973530275037
5089 1249.632444266821
5090 1248.966249465004
5091 1248.041026323355
5092 1246.939410721786
5093 1245.673827568419
5094 1244.294301522527
5095 1242.863071473385
5096 1241.437941604452
5097 1240.06156185877
5098 1238.854843905044
5099 1237.751259865621
5100 1236.826837714119
5101 1236.143214182505
5102 1235.69841305441
5103 1235.410722311108
5104 1235.192234783063
5105 1235.001268202486
5106 1234.734952574302
5107 1234.326746386509
5108 1233.75062135143
5109 1232.968362891916
5110 1231.956032556539
5111 1230.728702387212
5112 1229.327139850676
5113 1227.792589670112
5114 1226.21176653813
5115 1224.674065173035
5116 1223.25875720999
5117 1221.989935737163
5118 1220.899641860372
5119 1220.028444932886
5120 1219.365640797764
5121 1218.777040752046
5122 1218.327825717105
5123 1217.90847464947
5124 1217.450448331435
5125 1216.917400032591
5126 1216.266649638346
5127 1215.507814800528
5128 1214.688513818456
5129 1213.850010544241
5130 1213.035750145198
5131 1212.291758144934
5132 1211.652460392732
5133 1211.134034702863
5134 1210.72796538925
5135 1210.433445536241
5136 1210.217751414653
5137 1210.035376814731
5138 1209.848484271606
5139 1209.622968262353
5140 1209.326076153076
5141 1208.935919055182
5142 1208.460134716458
5143 1207.907695648857
5144 1207.302101341787
5145 1206.676853370629
5146 1206.041571655397
5147 1205.406530844008
5148 1204.771282210729
5149 1204.164827865931
5150 1203.601630503011
5151 1203.076078908894
5152 1202.578071583531
5153 1202.092050496953
5154 1201.612911098808
5155 1201.141226575148
5156 1200.656212964592
5157 1200.167188865907
5158 1199.680148930858
5159 1199.199638250089
5160 1198.719263745087
5161 1198.232828908964
5162 1197.738135545214
5163 1197.235106961871
5164 1196.750378567165
5165 1196.292664892099
5166 1195.86435521319
5167 1195.45248553286
5168 1195.063063474204
5169 1194.700486736439
5170 1194.356162916167
5171 1194.033624402306
5172 1193.738652797121
5173 1193.452737119577
5174 1193.176807784944
5175 1192.902781442702
5176 1192.62729950248
5177 1192.350556723096
5178 1192.082615956057
5179 1191.801445410671
5180 1191.508174014235
5181 1191.214937481603
5182 1190.926917106948
5183 1190.64339984859
5184 1190.364863412931
5185 1190.086436443341
5186 1189.813482862513
5187 1189.532855852421
5188 1189.261888033274
5189 1188.992066458656
5190 1188.711940694347
5191 1188.424879254638
5192 1188.126676603917
5193 1187.804866391291
5194 1187.464633556443
5195 1187.105900661658
5196 1186.710380019204
5197 1186.302102035921
5198 1185.880105661087
5199 1185.451800177457
5200 1185.006585770406
5201 1184.555314213051
5202 1184.096777446171
5203 1183.644183341023
5204 1183.190528443194
5205 1182.72227992224
5206 1182.237768400131
5207 1181.737924270973
5208 1181.225234658497
5209 1180.702727087982
5210 1180.201451646245
5211 1179.624664480763
5212 1179.08144533174
5213 1178.524631891328
5214 1177.962116605764
5215 1177.393262837959
5216 1176.795645207517
5217 1176.151034513993
5218 1175.49940202884
5219 1174.807416020277
5220 1174.115120557844
5221 1173.40420625993
5222 1172.699808716361
5223 1172.00843350424
5224 1171.316531015852
5225 1170.637346387683
5226 1169.974022301049
5227 1169.323283862335
5228 1168.669374308415
5229 1168.013343837791
5230 1167.377816994236
5231 1166.773858996648
5232 1166.219756362945
5233 1165.694078208588
5234 1165.202146461729
5235 1164.744035758095
5236 1164.312019661839
5237 1163.898501827005
5238 1163.497006251628
5239 1163.093427990897
5240 1162.67137259352
5241 1162.263657871551
5242 1161.858033893834
5243 1161.426760644118
5244 1161.035291945065
5245 1160.633191929125
5246 1160.201830406776
5247 1159.825704993418
5248 1159.44841586384
5249 1159.101236101312
5250 1158.661382041932
5251 1158.340136458186
5252 1158.021982514035
5253 1157.666881217148
5254 1157.308551942181
5255 1156.977403947994
5256 1156.604845776951
5257 1156.299211564887
5258 1155.884861469517
5259 1155.603507893434
5260 1155.285856100357
5261 1155.014402777474
5262 1154.716661057114
5263 1154.438406031612
5264 1154.063418596788
5265 1153.829736535944
5266 1153.582895749265
5267 1153.304346887803
5268 1153.091301469116
5269 1152.861809624775
5270 1152.503045547458
5271 1152.317308046044
5272 1152.115678572591
5273 1151.939106659644
5274 1151.72300352133
5275 1151.481747085489
5276 1151.324400088971
5277 1151.148897460953
5278 1150.915325247714
5279 1150.772076356515
5280 1150.58005703938
5281 1150.441517604803
5282 1150.223350769348
5283 1150.096504462344
5284 1149.975353120468
5285 1149.682843090594
5286 1149.582664815407
5287 1149.484080586183
5288 1149.367215187553
5289 1149.248347515833
5290 1149.063125603797
5291 1148.977426029054
5292 1148.895565455749
5293 1148.708718533377
5294 1148.630953969789
5295 1148.508387620095
5296 1148.445419011939
5297 1148.246771231774
5298 1148.19457441815
5299 1148.140083537092
5300 1148.006503947939
5301 1147.950484613934
5302 1147.894947999124
5303 1147.667847872093
5304 1147.624843720032
5305 1147.580615071584
5306 1147.516152353583
5307 1147.448167560363
5308 1147.259584858524
5309 1147.227926223731
5310 1147.195525385942
5311 1147.118286113354
5312 1147.084697042951
5313 1146.909179399986
5314 1146.88752246988
5315 1146.84584165014
5316 1146.799065044291
5317 1146.776393283809
5318 1146.588338034808
5319 1146.578231011975
5320 1146.566182076228
5321 1146.533860028057
5322 1146.466662978664
5323 1146.434959285676
5324 1146.330892870336
5325 1146.309992421203
5326 1146.281858026419
5327 1146.276167905238
5328 1146.160187496998
5329 1146.160239199399
5330 1146.139450719487
5331 1146.139550404612
5332 1145.977502374144
5333 1145.986008935222
5334 1145.992081009317
5335 1145.977741653996
5336 1145.929131198305
5337 1145.914007429513
5338 1145.826624750912
5339 1145.819139763247
5340 1145.804749488055
5341 1145.793737863226
5342 1145.773345338554
5343 1145.742327585483
5344 1145.664233955738
5345 1145.664556973609
5346 1145.679216840422
5347 1145.625120498087
5348 1145.640228056989
5349 1145.636064177337
5350 1145.514711477045
5351 1145.538686651722
5352 1145.541810940719
5353 1145.561425276136
5354 1145.51276729892
5355 1145.532353484184
5356 1145.498389041042
5357 1145.518971076733
5358 1145.472711975998
5359 1145.494143687941
5360 1145.497178590238
5361 1145.385433860692
5362 1145.415089767481
5363 1145.424537796196
5364 1145.449884762146
5365 1145.407442148507
5366 1145.431680227732
5367 1145.437359461876
5368 1145.377079184823
5369 1145.387296982537
5370 1145.412775908967
5371 1145.398804086597
5372 1145.386993471117
5373 1145.393507109358
5374 1145.367367656952
5375 1145.373606858279
5376 1145.39713081841
5377 1145.273259729641
5378 1145.304963077306
5379 1145.31715278377
5380 1145.347147750307
5381 1145.333479763207
5382 1145.326330040264
5383 1145.331576375653
5384 1145.298781720388
5385 1145.305498438918
5386 1145.328496824375
5387 1145.286239714332
5388 1145.307891935653
5389 1145.281990613988
5390 1145.289219880374
5391 1145.29708076266
5392 1145.293610790892
5393 1145.276633673025
5394 1145.260447108156
5395 1145.261690078528
5396 1145.230927430999
5397 1145.2301433119
5398 1145.245765315459
5399 1145.161433528319
5400 1145.177975734364
5401 1145.175735193699
5402 1145.190357279238
5403 1145.138274217595
5404 1145.14875287998
5405 1145.107377390674
5406 1145.080546601713
5407 1145.09031424656
5408 1145.055934897631
5409 1145.063992418466
5410 1144.999682886181
5411 1145.005586685962
5412 1144.973835926637
5413 1144.952836651197
5414 1144.940338642175
5415 1144.906506278575
5416 1144.876547714182
5417 1144.863254075998
5418 1144.81904173154
5419 1144.804685780565
5420 1144.806058636007
5421 1144.742938557258
5422 1144.742304215543
5423 1144.722936417922
5424 1144.627204244618
5425 1144.627760988112
5426 1144.610602102445
5427 1144.610039847363
5428 1144.544899173493
5429 1144.54163057447
5430 1144.520196580792
5431 1144.422835666911
5432 1144.421317031827
5433 1144.400983201123
5434 1144.359570688702
5435 1144.354928167837
5436 1144.305063919434
5437 1144.295450618396
5438 1144.247845895707
5439 1144.162004846473
5440 1144.152069559003
5441 1144.104937248806
5442 1144.094551495244
5443 1144.064672479756
5444 1143.991346139775
5445 1143.97798980475
5446 1143.946660893509
5447 1143.871407010158
5448 1143.857198703028
5449 1143.824672932108
5450 1143.772686779712
5451 1143.732280548776
5452 1143.701359592994
5453 1143.65132653958
5454 1143.638543631478
5455 1143.582812492847
5456 1143.553362887174
5457 1143.522007718449
5458 1143.491830951925
5459 1143.418399448716
5460 1143.40623818365
5461 1143.377148912233
5462 1143.329431738109
5463 1143.317427882574
5464 1143.264291177313
5465 1143.236645883455
5466 1143.204574378622
5467 1143.174145822018
5468 1143.119607068103
5469 1143.105064600938
5470 1143.054701300532
5471 1143.023809882007
5472 1142.985501259379
5473 1142.937181261223
5474 1142.907666707719
5475 1142.895819817368
5476 1142.847380530046
5477 1142.818179835593
5478 1142.781058663727
5479 1142.734529236044
5480 1142.722203774518
5481 1142.693586783945
5482 1142.647304090735
5483 1142.636086262533
5484 1142.585279762805
5485 1142.559365198623
5486 1142.530848660936
5487 1142.505709147009
5488 1142.481023294134
5489 1142.454193602197
5490 1142.429939485855
5491 1142.380386493981
5492 1142.370062945439
5493 1142.326346044022
5494 1142.301063344089
5495 1142.292402009767
5496 1142.248981297682
5497 1142.224230425116
5498 1142.216515083242
5499 1142.175205465574
5500 1142.15221099346
5501 1142.14597030486
5502 1142.08253899355
5503 1142.062380739686
5504 1142.061649019723
5505 1142.046434007349
5506 1142.01402736792
5507 1142.014218910492
5508 1141.994542288107
5509 1141.958540439917
5510 1141.957648559209
5511 1141.942864253429
5512 1141.911283286297
5513 1141.912369979554
5514 1141.898123785582
5515 1141.866635247037
5516 1141.866878885273
5517 1141.851852489934
5518 1141.819660176852
5519 1141.819913532845
5520 1141.805144468225
5521 1141.773410257599
5522 1141.77414536246
5523 1141.759863575385
5524 1141.728715356808
5525 1141.730272162237
5526 1141.717046406212
5527 1141.686801284094
5528 1141.688723719485
5529 1141.677680347097
5530 1141.647408692756
5531 1141.647839550935
5532 1141.634278714801
5533 1141.604733342869
5534 1141.607651757513
5535 1141.595617818986
5536 1141.566946988945
5537 1141.570355755298
5538 1141.558762798411
5539 1141.530614740971
5540 1141.520132633312
5541 1141.524636546749
5542 1141.49648687263
5543 1141.486233476134
5544 1141.49009842618
5545 1141.433728293732
5546 1141.416549851812
5547 1141.414034892194
5548 1141.378534404443
5549 1141.36154991122
5550 1141.345971289063
5551 1141.327024784619
5552 1141.311146027021
5553 1141.296055762613
5554 1141.264043426026
5555 1141.264140596747
5556 1141.249640816009
5557 1141.218637196641
5558 1141.219184050328
5559 1141.187978376599
5560 1141.174615424121
5561 1141.162164377823
5562 1141.14574510315
5563 1141.132372621966
5564 1141.119460998001
5565 1141.067094569449
5566 1141.067437353009
5567 1141.052761744921
5568 1141.021234022704
5569 1141.021668080116
5570 1141.007362920332
5571 1140.976857094509
5572 1140.964018350624
5573 1140.964429405926
5574 1140.912890043727
5575 1140.900766985812
5576 1140.889886005555
5577 1140.875180309389
5578 1140.864165604423
5579 1140.854275035463
5580 1140.828262559558
5581 1140.833014105482
5582 1140.807450634211
5583 1140.799533804712
5584 1140.792515820527
5585 1140.748455696235
5586 1140.757019760232
5587 1140.752699049805
5588 1140.732280048195
5589 1140.741973759129
5590 1140.737617819762
5591 1140.71771563536
5592 1140.714996026043
5593 1140.675403448904
5594 1140.685759959986
5595 1140.682648619714
5596 1140.663412531702
5597 1140.661483433555
5598 1140.670825538697
5599 1140.652246748514
5600 1140.65006114824
5601 1140.61228182062
5602 1140.622930487148
5603 1140.621094353018
5604 1140.603884138083
5605 1140.603436229253
5606 1140.602802730579
5607 1140.566636171887
5608 1140.577897459418
5609 1140.577136135014
5610 1140.561580000807
5611 1140.562455904111
5612 1140.56330556528
5613 1140.529517443929
5614 1140.541839747932
5615 1140.542833514664
5616 1140.529418985406
5617 1140.531906014754
5618 1140.534254948572
5619 1140.502632176772
5620 1140.515810632148
5621 1140.51760385327
5622 1140.505057514989
5623 1140.507826853137
5624 1140.476095484685
5625 1140.484964386995
5626 1140.480726566768
5627 1140.461367181015
5628 1140.456583264393
5629 1140.437362282845
5630 1140.432968366506
5631 1140.410193131787
5632 1140.392198279405
5633 1140.399149625201
5634 1140.397133784632
5635 1140.365887244156
5636 1140.369487967033
5637 1140.376587030431
5638 1140.374315055726
5639 1140.389542881759
5640 1140.375222349822
5641 1140.402382768492
5642 1140.420334670626
5643 1140.425780563041
5644 1140.444826186393
5645 1140.432998477785
5646 1140.450875035825
5647 1140.466908935513
5648 1140.464143285477
5649 1140.479697127488
5650 1140.465106731352
5651 1140.485940131154
5652 1140.495501470371
5653 1140.490650758288
5654 1140.496435575546
5655 1140.472089921593
5656 1140.474459736612
5657 1140.475481750222
5658 1140.463871465235
5659 1140.463469975758
5660 1140.434870699326
5661 1140.432617555023
5662 1140.429800240997
5663 1140.415520257314
5664 1140.412655082876
5665 1140.382962445063
5666 1140.379190888059
5667 1140.37530111696
5668 1140.360642577017
5669 1140.357184300325
5670 1140.343060834089
5671 1140.339913050777
5672 1140.311034413134
5673 1140.306655236647
5674 1140.30210108974
5675 1140.293459560264
5676 1140.300151244663
5677 1140.29837990058
5678 1140.307537885716
5679 1140.291830092766
5680 1140.299114980169
5681 1140.305717369119
5682 1140.30180819025
5683 1140.307284563147
5684 1140.30205950202
5685 1140.304701126427
5686 1140.297579366828
5687 1140.300018720168
5688 1140.29436029425
5689 1140.299373511275
5690 1140.280255209779
5691 1140.28274189843
5692 1140.286061852263
5693 1140.280478776338
5694 1140.283807309247
5695 1140.277687116511
5696 1140.28018793078
5697 1140.273241616554
5698 1140.27458821512
5699 1140.266611792429
5700 1140.266365652751
5701 1140.256245708214
5702 1140.253826203524
5703 1140.24242020922
5704 1140.238845776526
5705 1140.226843567949
5706 1140.222712265471
5707 1140.210328624658
5708 1140.204626957781
5709 1140.191026775486
5710 1140.185481294115
5711 1140.172279052162
5712 1140.16668508613
5713 1140.153352390716
5714 1140.147383259532
5715 1140.133070793325
5716 1140.122199880227
5717 1140.10286046991
5718 1140.090440643412
5719 1140.070730407549
5720 1140.058216243938
5721 1140.038698203701
5722 1140.026326066879
5723 1140.007174511056
5724 1139.995188704541
5725 1139.976594387273
5726 1139.965025332739
5727 1139.94691660901
5728 1139.935755671523
5729 1139.918597427573
5730 1139.908134816716
5731 1139.890376855636
5732 1139.879795815368
5733 1139.86229710442
5734 1139.853527448563
5735 1139.835512861848
5736 1139.827226303508
5737 1139.809821399058
5738 1139.801641674792
5739 1139.784841951888
5740 1139.776555758849
5741 1139.760458275003
5742 1139.752081750098
5743 1139.736716133505
5744 1139.728284097573
5745 1139.713494870989
5746 1139.705104991083
5747 1139.690812596263
5748 1139.682558677573
5749 1139.668669180085
5750 1139.660627890318
5751 1139.652267422412
5752 1139.639106281576
5753 1139.632003555082
5754 1139.61962238053
5755 1139.612521914977
5756 1139.600007251152
5757 1139.592633059031
5758 1139.580020399686
5759 1139.572537932629
5760 1139.560015538768
5761 1139.552637792738
5762 1139.540343893241
5763 1139.532990734073
5764 1139.520904094799
5765 1139.513843422636
5766 1139.502211228846
5767 1139.495511576217
5768 1139.484330776745
5769 1139.47780599602
5770 1139.471961577908
5771 1139.461315597304
5772 1139.455789879645
5773 1139.446100547869
5774 1139.440715722839
5775 1139.431018820362
5776 1139.425406955857
5777 1139.415601322648
5778 1139.409863394389
5779 1139.400047001076
5780 1139.394385989769
5781 1139.384643166385
5782 1139.379305578998
5783 1139.369956679995
5784 1139.364884362795
5785 1139.355933150749
5786 1139.351020163582
5787 1139.342403358817
5788 1139.337616168577
5789 1139.329318377231
5790 1139.324655943296
5791 1139.316612376643
5792 1139.310940846935
5793 1139.302619437136
5794 1139.297676731809
5795 1139.290038709956
5796 1139.285608036432
5797 1139.278482023059
5798 1139.274385236494
5799 1139.267592675107
5800 1139.263655266561
5801 1139.257111085578
5802 1139.253261553989
5803 1139.246931314228
5804 1139.24316631278
5805 1139.237052661282
5806 1139.233365849801
5807 1139.227457680624
5808 1139.223846598855
5809 1139.218141939715
5810 1139.214614259217
5811 1139.208871743844
5812 1139.205703549385
5813 1139.198682833143
5814 1139.197226910325
5815 1139.189021463812
5816 1139.189113159795
5817 1139.179765041729
5818 1139.179966807208
5819 1139.169906233947
5820 1139.171592475384
5821 1139.161414507254
5822 1139.163232191052
5823 1139.154041797193
5824 1139.155062936442
5825 1139.147468320368
5826 1139.147514020705
5827 1139.14139801788
5828 1139.140532055281
5829 1139.135623922875
5830 1139.134069651194
5831 1139.130025719708
5832 1139.128079231206
5833 1139.124581042909
5834 1139.12246710079
5835 1139.119280239313
5836 1139.117147610236
5837 1139.114128245244
5838 1139.112054566242
5839 1139.10913433334
5840 1139.107138917115
5841 1139.104306194444
5842 1139.10239377195
5843 1139.099643867932
5844 1139.097818686999
5845 1139.095149106723
5846 1139.09341752525
5847 1139.090823795367
5848 1139.089186474062
