"exit_mach-rfile"
"Iteration" "exit_mach"
("Iteration" "exit_mach")
2001 2.826118532692835
2002 2.823789112022061
2003 2.82098576735431
2004 2.819324169671806
2005 2.819224634943848
2006 2.818690624554803
2007 2.819011245444202
2008 2.819653157351944
2009 2.818900639398303
2010 2.819063963137475
2011 2.819492112008778
2012 2.820130823343458
2013 2.820631365198062
2014 2.820543681421463
2015 2.820022799656682
2016 2.81785420205024
2017 2.815848820513505
2018 2.813961545891845
2019 2.812234286242982
2020 2.810780539894126
2021 2.80954367961266
2022 2.80837971465425
2023 2.807327711023511
2024 2.80645106510558
2025 2.805627445891173
2026 2.804780407225115
2027 2.803905770361968
2028 2.801402133409986
2029 2.799374424298202
2030 2.79771584464428
2031 2.796344413089762
2032 2.795165986544563
2033 2.794132772266663
2034 2.793187582196847
2035 2.792284623983749
2036 2.791388111294438
2037 2.790479480590103
2038 2.789504416946038
2039 2.788471678309635
2040 2.787362914350594
2041 2.786168352853227
2042 2.78488261993015
2043 2.783527986994913
2044 2.782115375946394
2045 2.78061739347611
2046 2.779001368221173
2047 2.777354498091654
2048 2.775711187494308
2049 2.77409424974587
2050 2.772492237799789
2051 2.770889134048743
2052 2.769263094711158
2053 2.767587995846347
2054 2.764011897646764
2055 2.761390756372319
2056 2.759381240891837
2057 2.757832390660364
2058 2.756524535344651
2059 2.755302701377286
2060 2.754081675085638
2061 2.752788525926321
2062 2.751406917336603
2063 2.749945352282426
2064 2.748408584762931
2065 2.746817671405654
2066 2.745196837449024
2067 2.743536832550233
2068 2.741812137536704
2069 2.740014107647571
2070 2.738158572428153
2071 2.736232593069444
2072 2.734276370471851
2073 2.73230222298686
2074 2.730314705261977
2075 2.728314814068626
2076 2.726303077580424
2077 2.724275250691348
2078 2.722250675425121
2079 2.720255564770352
2080 2.718267419738756
2081 2.716293752141679
2082 2.714357149617435
2083 2.71246225497543
2084 2.710604715827732
2085 2.708784440889991
2086 2.706996783181335
2087 2.705231378301445
2088 2.701267867225038
2089 2.698680224583826
2090 2.696887175044068
2091 2.695563862290129
2092 2.694493729551309
2093 2.69350830842766
2094 2.692508045294567
2095 2.691484596421051
2096 2.690408595255885
2097 2.689252121492648
2098 2.688009652761751
2099 2.686669168092031
2100 2.685239635691345
2101 2.683742619716074
2102 2.682167364218444
2103 2.68055824462282
2104 2.678923944674768
2105 2.677280095595251
2106 2.675630690638784
2107 2.67398123788842
2108 2.672338517453254
2109 2.670701109361141
2110 2.669083123396364
2111 2.667490723924045
2112 2.665935276767318
2113 2.664413713136756
2114 2.662910316100851
2115 2.661404317666579
2116 2.659898450780946
2117 2.658394628088061
2118 2.656889212210129
2119 2.655376650554571
2120 2.653844269116019
2121 2.652300655688613
2122 2.650742784004318
2123 2.64916370828736
2124 2.647558990710008
2125 2.645935233155465
2126 2.6443042530741
2127 2.642674713121694
2128 2.641054573797601
2129 2.639436037807661
2130 2.637810202386097
2131 2.636171957006412
2132 2.63452688051259
2133 2.632884925517058
2134 2.63125231847934
2135 2.629633417840333
2136 2.628034840924766
2137 2.626464048884493
2138 2.62492723692442
2139 2.623427004162455
2140 2.621956637369864
2141 2.620509555601167
2142 2.619078818432971
2143 2.617652928922158
2144 2.608667711132424
2145 2.602234945968344
2146 2.597779824400692
2147 2.59428232695342
2148 2.591274102852367
2149 2.588688868328632
2150 2.586307526480254
2151 2.584098559515898
2152 2.582042407123209
2153 2.580107048963198
2154 2.578339546608044
2155 2.576684082437082
2156 2.575011130013172
2157 2.573270246500377
2158 2.571450727265736
2159 2.569561941524471
2160 2.56764295075178
2161 2.565718563534906
2162 2.563783202506687
2163 2.561841411813625
2164 2.559899097507355
2165 2.558438870783557
2166 2.556817036132229
2167 2.5205637389652
2168 2.500474624818675
2169 2.508265398970088
2170 2.519054198432819
2171 2.527665814252608
2172 2.538257930730575
2173 2.550656105997243
2174 2.565178101951188
2175 2.574737078179043
2176 2.582794123691246
2177 2.590757985744458
2178 2.599677663448101
2179 2.610103800961995
2180 2.615610532121369
2181 2.62850599235765
2182 2.642709987439808
2183 2.658201672731741
2184 2.67535206239343
2185 2.695018963007922
2186 2.718247495750527
2187 2.746724102407066
2188 2.761344355366774
2189 2.787370775834485
2190 2.811552625406322
2191 2.839332601081716
2192 2.869371423221654
2193 2.902568592239622
2194 2.917146349122727
2195 2.952196870773467
2196 2.953265282968827
2197 2.956913769095758
2198 2.963465327134063
2199 2.971285918073095
2200 2.980566047656966
2201 2.991507052877971
2202 2.992256122489232
2203 2.993503122556043
2204 2.995806776135947
2205 2.998317723056747
2206 3.001103822788839
2207 3.004240087308345
2208 3.009827930277955
2209 3.018097174785477
2210 3.028067991336517
2211 3.039355335695528
2212 3.051398317739757
2213 3.063690911190387
2214 3.075796934459628
2215 3.087506779298852
2216 3.095753832356569
2217 3.108091475411531
2218 3.113897774016078
2219 3.12023502082993
2220 3.126238918280295
2221 3.130162793200042
2222 3.132696467042275
2223 3.134830331215927
2224 3.137600628262867
2225 3.1412615735961
2226 3.145889472937697
2227 3.151477167488776
2228 3.158081651941226
2229 3.162462913664887
2230 3.169987357554221
2231 3.171702226094662
2232 3.173855166135616
2233 3.177219924633015
2234 3.181189621376
2235 3.185774692656671
2236 3.190967653746703
2237 3.196890856084462
2238 3.19813798425807
2239 3.199792975685169
2240 3.202117568575102
2241 3.205002642806889
2242 3.208346401394979
2243 3.212203960345098
2244 3.216576774428781
2245 3.221626948990058
2246 3.223233944530985
2247 3.225496721631639
2248 3.228108438087688
2249 3.230566605350095
2250 3.233483494155288
2251 3.236958518720691
2252 3.239307811824524
2253 3.241774877964635
2254 3.244219913872531
2255 3.247884086357702
2256 3.251258360396483
2257 3.254144461021422
2258 3.257381846890512
2259 3.261783649666829
2260 3.26166444921535
2261 3.262090203259545
2262 3.264066010941197
2263 3.266909728766868
2264 3.270770911622413
2265 3.272492261183834
2266 3.27472943286004
2267 3.277522785336615
2268 3.281042698459228
2269 3.284011049290482
2270 3.286324430235253
2271 3.289040981298298
2272 3.292303082561213
2273 3.296344201332629
2274 3.299904293770507
2275 3.303455920475675
2276 3.307001624259758
2277 3.311644661357818
2278 3.317039877295092
2279 3.321195004027163
2280 3.32564946027824
2281 3.330499377249617
2282 3.334217366192203
2283 3.338160159286443
2284 3.341164567223806
2285 3.344259685626772
2286 3.346623707443668
2287 3.34900666419063
2288 3.351418595636319
2289 3.353620510685516
2290 3.355807724500311
2291 3.357744403400821
2292 3.359672557840654
2293 3.361527284902074
2294 3.363375062062434
2295 3.365229875368785
2296 3.367104435025215
2297 3.369011891170924
2298 3.370965735778908
2299 3.372979614742628
2300 3.375068826371648
2301 3.377246496116505
2302 3.379258166097017
2303 3.381392409526301
2304 3.383612205509907
2305 3.38613193269903
2306 3.388839234664529
2307 3.391700044108207
2308 3.394687902177185
2309 3.397794268794168
2310 3.401014273930803
2311 3.404284842725047
2312 3.407649359817482
2313 3.411065109983435
2314 3.414535296826962
2315 3.418120497192343
2316 3.421627449259809
2317 3.425216411141769
2318 3.428887832061775
2319 3.433237881761962
2320 3.438385049839988
2321 3.444616319339021
2322 3.45301985811138
2323 3.464300876866969
2324 3.481714409144764
2325 3.497950985199706
2326 3.515187748299366
2327 3.532480085887006
2328 3.550918874674247
2329 3.552393000548522
2330 3.56409221579181
2331 3.582677650915457
2332 3.586677393982141
2333 3.593181299472923
2334 3.600130704519649
2335 3.606581918828155
2336 3.611894199766544
2337 3.616243691451669
2338 3.618872950839869
2339 3.621968047526184
2340 3.625573553627262
2341 3.629678371545272
2342 3.634280416935765
2343 3.639516154149194
2344 3.645540164658392
2345 3.653278517485815
2346 3.663576387655564
2347 3.674196018826516
2348 3.684987491126487
2349 3.696156375099162
2350 3.702542230904584
2351 3.713498342140206
2352 3.71980160844862
2353 3.72534271612033
2354 3.736528631284683
2355 3.741913949966527
2356 3.753883058518865
2357 3.759220243046404
2358 3.764852772456953
2359 3.777916265332194
2360 3.7840514056157
2361 3.790493766312872
2362 3.797122383418186
2363 3.803815459320546
2364 3.818823785564059
2365 3.826311128546438
2366 3.833992435737336
2367 3.820880154999618
2368 3.826486723016554
2369 3.830279818258802
2370 3.837474719999662
2371 3.849629267466121
2372 3.864930007028021
2373 3.881312131345327
2374 3.912983175643054
2375 3.91565088602734
2376 3.918065849779938
2377 3.919688919493451
2378 3.920987331417585
2379 3.921359738617591
2380 3.922471298126031
2381 3.924383082638223
2382 3.927135320437452
2383 3.930802820796168
2384 3.935556651079223
2385 3.941810433876745
2386 3.950511154768686
2387 3.95961253344067
2388 3.969071945634578
2389 3.97893113202958
2390 3.989182840560639
2391 3.994766468719292
2392 3.999897575300482
2393 4.01017687002248
2394 4.014912750435296
2395 4.025799533050329
2396 4.030434574087032
2397 4.042206227238918
2398 4.052016072597612
2399 4.063544779833391
2400 4.079434056179331
2401 4.096294700124047
2402 4.114300994546239
2403 4.123409107026124
2404 4.132910879265306
2405 4.135337515493657
2406 4.13619793016548
2407 4.136378926170802
2408 4.120082441502125
2409 4.110469798040655
2410 4.105419944162209
2411 4.103433161629131
2412 4.103560087149812
2413 4.104924668524788
2414 4.106850422228469
2415 4.108842284147095
2416 4.111016583313789
2417 4.112774055812545
2418 4.113327419739653
2419 4.113060996487362
2420 4.112204627988032
2421 4.110402160198917
2422 4.108754905187616
2423 4.107314230150139
2424 4.106112470193943
2425 4.105175732950177
2426 4.104488617593782
2427 4.104023453032481
2428 4.103754936320132
2429 4.103664459607386
2430 4.102926813316823
2431 4.102348128685958
2432 4.101901023898802
2433 4.101578699504752
2434 4.101353881299789
2435 4.101230808851663
2436 4.101226309800322
2437 4.101224530085205
2438 4.101234702161177
2439 4.101243535790477
2440 4.101234894350091
2441 4.101201835523574
2442 4.101144951216294
2443 4.100272055368475
2444 4.099434562147475
2445 4.098646141846075
2446 4.097911134971352
2447 4.097239657725813
2448 4.096647634409504
2449 4.096116930310385
2450 4.095656266183152
2451 4.095278494066942
2452 4.094998238956171
2453 4.094805237772369
2454 4.094759062090719
2455 4.094907049447229
2456 4.095317330052461
2457 4.096091315276555
2458 4.097379903423465
2459 4.099432604982852
2460 4.102701868968055
2461 4.108128835060859
2462 4.115332402746284
2463 4.123128360651974
2464 4.131633548887359
2465 4.140403026355814
2466 4.142568914927383
2467 4.149731765313748
2468 4.151608801588622
2469 4.153573507410796
2470 4.155649533383197
2471 4.163580088368054
2472 4.165833340959112
2473 4.168300107682793
2474 4.153841801113752
2475 4.155410321321223
2476 4.154247758271569
2477 4.163974949024581
2478 4.168826197973424
2479 4.17594875845263
2480 4.175979466491239
2481 4.176279983313364
2482 4.176799425431658
2483 4.177688928283915
2484 4.177907741101277
2485 4.177445819383918
2486 4.176492449192267
2487 4.174786565630217
2488 4.173002516488418
2489 4.171178170633041
2490 4.169351078552397
2491 4.167535597644806
2492 4.165744405417899
2493 4.163935090268917
2494 4.162203955956151
2495 4.160512700907782
2496 4.158845545643584
2497 4.157176749377345
2498 4.155506121322488
2499 4.153837813398768
2500 4.152174961331878
2501 4.150520171525062
2502 4.148900325137945
2503 4.147302799783686
2504 4.145727060446669
2505 4.144169740224986
2506 4.142611109747262
2507 4.141052906529728
2508 4.139498705591603
2509 4.137947508046314
2510 4.136400261264613
2511 4.134823723221675
2512 4.133231419943951
2513 4.131625060662547
2514 4.130008647495555
2515 4.128384524340882
2516 4.12675742554906
2517 4.125131803450254
2518 4.123521508594753
2519 4.121924819031483
2520 4.120343299385278
2521 4.1187737521945
2522 4.117220289531411
2523 4.10206327551693
2524 4.092372992931224
2525 4.085390211087292
2526 4.079812760125513
2527 4.074955843341195
2528 4.070538070037369
2529 4.066386978889077
2530 4.062450708175573
2531 4.058710162203503
2532 4.055152285349814
2533 4.051773969240133
2534 4.048573432385825
2535 4.045549676543688
2536 4.036069061466065
2537 4.02820060618836
2538 4.02146092959349
2539 4.015573211491684
2540 4.010348002142216
2541 4.005720924659424
2542 4.001570962894381
2543 3.997839017418934
2544 3.99445891543622
2545 3.991375529711875
2546 3.988540881220162
2547 3.985922137829599
2548 3.983496632854858
2549 3.981244287455166
2550 3.97914578685461
2551 3.977182584790772
2552 3.97166540464298
2553 3.967149569143822
2554 3.963385463328355
2555 3.96017502556058
2556 3.957370978898279
2557 3.954907364839076
2558 3.95272788810378
2559 3.95077580501319
2560 3.949012523413722
2561 3.947407531825602
2562 3.946198805308854
2563 3.945093749134343
2564 3.944075684734314
2565 3.943129144124006
2566 3.942243303304907
2567 3.941409402532845
2568 3.940621252894729
2569 3.939871934248232
2570 3.939158926697209
2571 3.938479002377127
2572 3.937831738270486
2573 3.937214788480872
2574 3.936631224481379
2575 3.936077485558049
2576 3.935553944972968
2577 3.935058058394836
2578 3.934588398036052
2579 3.934139328154373
2580 3.933705019958961
2581 3.933278328114627
2582 3.932854201338853
2583 3.93242688063359
2584 3.931993772486871
2585 3.931551335563071
2586 3.931099844316695
2587 3.93063841740563
2588 3.930170478302821
2589 3.929696156068017
2590 3.929220022387247
2591 3.928744748167422
2592 3.928274956970895
2593 3.927812517154286
2594 3.927360974490164
2595 3.926920979174643
2596 3.92649584592463
2597 3.926085634423937
2598 3.925692075379815
2599 3.925314849200213
2600 3.924955329662336
2601 3.924612116847343
2602 3.924284963603267
2603 3.92397244212563
2604 3.923676094297574
2605 3.923392775685566
2606 3.923121511476541
2607 3.922859293071726
2608 3.922606218798005
2609 3.922360730856131
2610 3.922122434182454
2611 3.921887996767784
2612 3.921653309519209
2613 3.921413988624501
2614 3.921167776960314
2615 3.920912692011798
2616 3.920649610909988
2617 3.920378604007151
2618 3.920103023551206
2619 3.919822864305533
2620 3.919540651208529
2621 3.919258580068396
2622 3.918981269909091
2623 3.918712052877432
2624 3.918455593050022
2625 3.918212877445201
2626 3.917987432906095
2627 3.917780237711791
2628 3.917594332723964
2629 3.914711860082287
2630 3.912800518910784
2631 3.911545223190953
2632 3.910717016052849
2633 3.910155835789932
2634 3.909767918077463
2635 3.909494330375635
2636 3.909298924543224
2637 3.909161460267547
2638 3.909064345395683
2639 3.908994819330411
2640 3.908946309543359
2641 3.908913124851638
2642 3.908893523870559
2643 3.908884670589766
2644 3.908886207473631
2645 3.908895581523671
2646 3.908912159438051
2647 3.908932689927698
2648 3.908955194879344
2649 3.908973715063188
2650 3.908986595612974
2651 3.908990239962354
2652 3.908983038872676
2653 3.908961771017617
2654 3.908926934844573
2655 3.908874226773717
2656 3.908809570503856
2657 3.908733805252859
2658 3.908649416992418
2659 3.908556906689858
2660 3.908461767225368
2661 3.908363780683386
2662 3.908265296461135
2663 3.908167506426086
2664 3.908073916923767
2665 3.907985596533153
2666 3.907905396753445
2667 3.907833012095963
2668 3.907769226806188
2669 3.907712081346266
2670 3.907660926523758
2671 3.907613364660852
2672 3.907568791846729
2673 3.907523791847435
2674 3.907477751498676
2675 3.907427524256772
2676 3.907372840159016
2677 3.907311446563513
2678 3.907243320082125
2679 3.907167009424433
2680 3.907084102144892
2681 3.906995216044714
2682 3.906902018186803
2683 3.90680437039342
2684 3.906706222941188
2685 3.906607431333606
2686 3.906510941502909
2687 3.906026311130885
2688 3.905539796907231
2689 3.905046916773785
2690 3.90454476769277
2691 3.904028251285569
2692 3.903494504581658
2693 3.902939338309436
2694 3.902359732987259
2695 3.901753142429066
2696 3.901119385064302
2697 3.900457040985442
2698 3.899767737380965
2699 3.899052615019289
2700 3.898316729654852
2701 3.897566403952179
2702 3.896803208201222
2703 3.896029600575056
2704 3.895792173906082
2705 3.895560128395237
2706 3.895335384710089
2707 3.895119637911496
2708 3.894913461488975
2709 3.894712639492071
2710 3.894516949986729
2711 3.89432533579797
2712 3.894138730434467
2713 3.893955042428447
2714 3.893773739867736
2715 3.893592440222589
2716 3.893410252876505
2717 3.893224280031526
2718 3.893033804507542
2719 3.892836455296516
2720 3.892632295303205
2721 3.892419700091738
2722 3.89175162290563
2723 3.891073942489311
2724 3.89038876104271
2725 3.889696788862279
2726 3.889002414349261
2727 3.888307978277507
2728 3.887622287768319
2729 3.886913117750094
2730 3.886209949831201
2731 3.885529932230281
2732 3.884883221295309
2733 3.884272156271183
2734 3.883697339503684
2735 3.883156555042903
2736 3.882645077939286
2737 3.882149787419512
2738 3.881660371888487
2739 3.881166807271179
2740 3.87885770669496
2741 3.877145591825432
2742 3.875805945467528
2743 3.874688051089366
2744 3.873696529518815
2745 3.872770147310056
2746 3.871872115212248
2747 3.870979229346336
2748 3.870073769021642
2749 3.870006261616787
2750 3.869977107243184
2751 3.86998596374044
2752 3.870035356689205
2753 3.870119867761883
2754 3.870236458057963
2755 3.870377930163816
2756 3.870533714842819
2757 3.870690400141122
2758 3.870838531658227
2759 3.870972150510016
2760 3.871091876136478
2761 3.871196181273069
2762 3.871287167663047
2763 3.871366755850953
2764 3.871439398431824
2765 3.871507105762492
2766 3.871573468985646
2767 3.871639120193753
2768 3.871706823097187
2769 3.871776867076453
2770 3.871850685607854
2771 3.871928521666481
2772 3.872012825420744
2773 3.872104707766586
2774 3.872206615435609
2775 3.872320215168807
2776 3.872448591796359
2777 3.872593511513396
2778 3.872757487325078
2779 3.872940816192574
2780 3.873144535911377
2781 3.87336629449767
2782 3.873604908491614
2783 3.873857274559254
2784 3.874119643377798
2785 3.873891683891543
2786 3.873658438147589
2787 3.873416446952394
2788 3.873150039781821
2789 3.872861788104624
2790 3.872557636366952
2791 3.872238996151677
2792 3.871904133694961
2793 3.872165550231394
2794 3.872430887674278
2795 3.872699493553302
2796 3.872974381666653
2797 3.873256692023076
2798 3.873547000801432
2799 3.873843991923304
2800 3.87414896892534
2801 3.874460941790973
2802 3.874780963387328
2803 3.875107911703608
2804 3.875442330892783
2805 3.87578262645867
2806 3.876129525078596
2807 3.876481947282235
2808 3.876841326751241
2809 3.877207454926813
2810 3.877582171001953
2811 3.877966123252908
2812 3.878361749917721
2813 3.878769903721361
2814 3.879192825125288
2815 3.879631205061961
2816 3.87959063842856
2817 3.879573464584895
2818 3.87958716005173
2819 3.879688133655782
2820 3.87975087055661
2821 3.87978311560942
2822 3.879794331783396
2823 3.879789157378616
2824 3.87977312205234
2825 3.879747664121107
2826 3.879715593122556
2827 3.879674762870192
2828 3.879623608354492
2829 3.879558341459673
2830 3.879476747128739
2831 3.879374468827984
2832 3.879249355586404
2833 3.879098042274252
2834 3.878919678980994
2835 3.878712132529811
2836 3.878476142297078
2837 3.878211828070257
2838 3.877919743517745
2839 3.877602126949845
2840 3.877262534959169
2841 3.876903359797581
2842 3.87652944878389
2843 3.876143786264478
2844 3.875751055838326
2845 3.875353930740409
2846 3.874956743856757
2847 3.87456082529435
2848 3.875028691097668
2849 3.875505541922539
2850 3.875988186574648
2851 3.876472691502166
2852 3.876958132188375
2853 3.877442547850679
2854 3.87792712055203
2855 3.878411788388789
2856 3.878899120348799
2857 3.879390469721366
2858 3.879889385679216
2859 3.880397803701251
2860 3.880919669534908
2861 3.881457054211495
2862 3.881476134078617
2863 3.881524811257028
2864 3.881604811624262
2865 3.881714453291627
2866 3.881853261403619
2867 3.882018250392585
2868 3.88220764656517
2869 3.882417185429868
2870 3.88264362250284
2871 3.882881507852301
2872 3.883126753415627
2873 3.883372839169845
2874 3.883614523364216
2875 3.883845295925285
2876 3.884062041603872
2877 3.884261386020186
2878 3.88444083275408
2879 3.884596707284794
2880 3.884727624533789
2881 3.88483202247988
2882 3.884910121277736
2883 3.884962387859951
2884 3.88499144975461
2885 3.884999816641102
2886 3.884989730411934
2887 3.884963667597817
2888 3.884925052997218
2889 3.884876674424219
2890 3.884821678498139
2891 3.884762362244718
2892 3.884701092427363
2893 3.884639691235682
2894 3.884579233731542
2895 3.88451947425674
2896 3.884459606618901
2897 3.88439797605889
2898 3.884332797981335
2899 3.88426158971109
2900 3.884181238232914
2901 3.884089278662386
2902 3.883984242576762
2903 3.8838650047096
2904 3.883731470151683
2905 3.883584019002936
2906 3.883424149772572
2907 3.883253807693789
2908 3.881980174893013
2909 3.881077755050363
2910 3.880419557149033
2911 3.879920159631716
2912 3.879528021974367
2913 3.87921071588576
2914 3.87894861103663
2915 3.878729585868707
2916 3.878546214915533
2917 3.878393455341523
2918 3.878266616906346
2919 3.878161118497876
2920 3.878072540362439
2921 3.877996899773721
2922 3.877930892830161
2923 3.877871294633477
2924 3.87781522544811
2925 3.877759813303157
2926 3.877702622233531
2927 3.877641245633762
2928 3.87757352548523
2929 3.877497141002802
2930 3.877409939870684
2931 3.877309911103238
2932 3.877195379952302
2933 3.877064963499343
2934 3.876917862286324
2935 3.876754905780249
2936 3.876577694838448
2937 3.876387231016363
2938 3.876184182091891
2939 3.875970273837472
2940 3.87574771991922
2941 3.875518774043234
2942 3.875286307623584
2943 3.875053446674793
2944 3.874822557772855
2945 3.874596659049769
2946 3.874378128755259
2947 3.874168416295554
2948 3.873968513485536
2949 3.873778316932571
2950 3.873597164379974
2951 3.873423876018364
2952 3.87325723341942
2953 3.873095773502365
2954 3.872938232712554
2955 3.872783626159347
2956 3.872630441805369
2957 3.872476764092333
2958 3.872320803465322
2959 3.872161553303478
2960 3.87199748723782
2961 3.871828812202387
2962 3.871656115382878
2963 3.87148061263155
2964 3.871303316445133
2965 3.871125002065948
2966 3.870945661850532
2967 3.870765308153323
2968 3.870583624634971
2969 3.870399921645893
2970 3.870213770364321
2971 3.870024551015533
2972 3.86983179341799
2973 3.869634937661558
2974 3.869434282491415
2975 3.869229671516879
2976 3.869021247683906
2977 3.868809613329471
2978 3.868595669255082
2979 3.868380664553833
2980 3.86816585424355
2981 3.867952734874726
2982 3.86774212664583
2983 3.867534936637632
2984 3.867332585290517
2985 3.867135289389259
2986 3.866942969517145
2987 3.866753229023264
2988 3.866564857638729
2989 3.86637712709071
2990 3.866189220117972
2991 3.866000223545244
2992 3.865809156470349
2993 3.865615047304859
2994 3.86541701506894
2995 3.865213627763433
2996 3.86500341626158
2997 3.864786449162214
2998 3.864563718140676
2999 3.86433754337634
3000 3.86410940096335
3001 3.863879982091004
3002 3.69821895429783
3003 3.645953001510059
3004 3.651315315897578
3005 3.637719196602334
3006 3.625521794743371
3007 3.630803803967601
3008 3.63476798656343
3009 3.639843637862999
3010 3.644068239060017
3011 3.571032680132837
3012 3.488520680374286
3013 3.446313656465904
3014 3.41753469513755
3015 3.413852402092455
3016 3.411696073020333
3017 3.414003016569857
3018 3.414998909973741
3019 3.415596332065726
3020 3.415972825792319
3021 3.41605450913484
3022 3.416880002782711
3023 3.41715250113025
3024 3.416545242540292
3025 3.414346099437879
3026 3.404706863194984
3027 3.393768266094054
3028 3.388612767178126
3029 3.386391954935192
3030 3.385398412948776
3031 3.385050548237153
3032 3.3840596756985
3033 3.383099175416472
3034 3.382037522431831
3035 3.380884067079269
3036 3.379667096582529
3037 3.378417855471971
3038 3.377167742169962
3039 3.375957050440513
3040 3.374795756424313
3041 3.373679547389082
3042 3.372595513494534
3043 3.371532281288022
3044 3.370454288528689
3045 3.369283897274133
3046 3.368031310026589
3047 3.366627215642575
3048 3.358813452713699
3049 3.357877008653192
3050 3.357154534482605
3051 3.356394547418628
3052 3.355621573526909
3053 3.354892947331348
3054 3.354631896396851
3055 3.374357427142616
3056 3.37316376014746
3057 3.371859861237713
3058 3.370513639096986
3059 3.369167396480552
3060 3.3680727954868
3061 3.366999535895891
3062 3.365998099989431
3063 3.364820108978515
3064 3.363678329909009
3065 3.362568937899607
3066 3.36148942753386
3067 3.360411678799488
3068 3.359362110047534
3069 3.358333352246959
3070 3.357320744294071
3071 3.356311232231088
3072 3.355299042801512
3073 3.354280115928765
3074 3.353253513672089
3075 3.352218767648561
3076 3.351178565778375
3077 3.350127616666291
3078 3.349066258585613
3079 3.348000448258837
3080 3.346936388509029
3081 3.34588298805799
3082 3.344850573504289
3083 3.343847337746636
3084 3.342878699724909
3085 3.341949938664461
3086 3.341068955143232
3087 3.340244581598828
3088 3.339487976812181
3089 3.338798195456527
3090 3.338175498811848
3091 3.337621462009119
3092 3.337135824889545
3093 3.336722531956574
3094 3.336383410937235
3095 3.33611675577033
3096 3.335917644157143
3097 3.33578867615812
3098 3.335723957264916
3099 3.335719652385062
3100 3.335774203139317
3101 3.335886563544582
3102 3.336055866221211
3103 3.336281210902075
3104 3.336561341664916
3105 3.33689444155057
3106 3.33727842547972
3107 3.337709794092128
3108 3.338184252728484
3109 3.338683687471906
3110 3.339218436942578
3111 3.33978505900228
3112 3.340379859144059
3113 3.340998266928243
3114 3.341642046324298
3115 3.342311139172798
3116 3.343328680944285
3117 3.344470061793721
3118 3.345702199258262
3119 3.346999951918624
3120 3.348361280506765
3121 3.354190005143838
3122 3.355898557532895
3123 3.357501348877857
3124 3.359003652864898
3125 3.360376732665948
3126 3.363467215742773
3127 3.365730947089762
3128 3.366322397898454
3129 3.290610383441884
3130 3.292512846515773
3131 3.294434763835184
3132 3.296861216746149
3133 3.317779479019745
3134 3.319468536512438
3135 3.320960213082377
3136 3.322109323887685
3137 3.322467398848126
3138 3.32011665632999
3139 3.252830330911739
3140 3.228587788826644
3141 3.199778882217416
3142 3.157804935627246
3143 3.116778578747079
3144 3.082327067697172
3145 3.052413339458364
3146 3.019652868026003
3147 3.001805691890427
3148 2.993849044110266
3149 2.990234810012539
3150 2.988062240957093
3151 2.992729197515688
3152 2.856172291187026
3153 2.878756294190914
3154 2.879755980678478
3155 2.904220201091904
3156 2.880263714586603
3157 2.833962123131298
3158 2.770307911789406
3159 2.718206962385302
3160 2.683873233117156
3161 2.662171687545562
3162 2.647379076801257
3163 2.636460851925452
3164 2.626418293315876
3165 2.618080908860533
3166 2.610688440536251
3167 2.604189414981723
3168 2.598641322206515
3169 2.594368019623507
3170 2.591221564706792
3171 2.589005192580788
3172 2.57748738346689
3173 2.565264058760061
3174 2.557994991180791
3175 2.554684324105751
3176 2.556706333471811
3177 2.559462283411154
3178 2.562818894474423
3179 2.566669341660494
3180 2.570774850307961
3181 2.574964789388999
3182 2.579045966441111
3183 2.57622538769465
3184 2.604171325302851
3185 2.59971650723009
3186 2.593899582847597
3187 2.591000693373263
3188 2.59061749031507
3189 2.591816303346308
3190 2.594007711172237
3191 2.599555105595683
3192 2.605210297517625
3193 2.61096744910455
3194 2.61675509682495
3195 2.622433753530284
3196 2.627950935138031
3197 2.633347768063801
3198 2.638620022256252
3199 2.643698950772624
3200 2.641678924761568
3201 2.638795258270505
3202 2.644455048822117
3203 2.650002022270657
3204 2.655477041600763
3205 2.660929478303403
3206 2.666418000158064
3207 2.672003011193133
3208 2.677695653025995
3209 2.683392430077549
3210 2.688916591996783
3211 2.694219151380179
3212 2.699326299865843
3213 2.704309154637502
3214 2.709235028965747
3215 2.714150290517587
3216 2.719088371144428
3217 2.724030815664904
3218 2.728847351571064
3219 2.733465008011118
3220 2.737929302403797
3221 2.742322672149223
3222 2.746719504193731
3223 2.7511646289867
3224 2.755678905831794
3225 2.760265256981321
3226 2.764898186448155
3227 2.769551960333577
3228 2.774290405804324
3229 2.779129225879139
3230 2.784098734489801
3231 2.789211847939991
3232 2.794470724849663
3233 2.799945100053902
3234 2.805168897419778
3235 2.810329454662125
3236 2.815418419083511
3237 2.820452744372848
3238 2.825435387616948
3239 2.830365591510637
3240 2.835251005996327
3241 2.840126312368569
3242 2.845037933495889
3243 2.850026537398001
3244 2.85512962035598
3245 2.860363076653029
3246 2.865744025769138
3247 2.871312677306376
3248 2.876633276291433
3249 2.881588182793517
3250 2.886256495532894
3251 2.890700634947502
3252 2.894931800679708
3253 2.898937369179372
3254 2.902688366825886
3255 2.906188108523626
3256 2.90943831340097
3257 2.912474287308059
3258 2.91528567149629
3259 2.917925445597607
3260 2.920406881745053
3261 2.922725003896856
3262 2.924869236016868
3263 2.926840573884894
3264 2.928652021950837
3265 2.93030997361964
3266 2.931831914114774
3267 2.93324701658069
3268 2.934577614944858
3269 2.935837169870072
3270 2.937041018877003
3271 2.938195019524017
3272 2.939298116608712
3273 2.940344824595754
3274 2.941326413561648
3275 2.94223619734025
3276 2.943070827171833
3277 2.94383111123099
3278 2.944520814658151
3279 2.945146041586615
3280 2.945710947365248
3281 2.946217610411977
3282 2.946677149926824
3283 2.947111540284476
3284 2.947544418948396
3285 2.947999934927621
3286 2.948498781423547
3287 2.949060086958617
3288 2.949702566171179
3289 2.950465918893146
3290 2.951367547160587
3291 2.95240437468879
3292 2.953603009461103
3293 2.954305534171452
3294 2.953904321504343
3295 2.952433889639517
3296 2.950644546265941
3297 2.948174927072567
3298 2.945918777371308
3299 2.945202028316354
3300 2.94545191852634
3301 2.945932530020024
3302 2.946854815302713
3303 2.948962717611419
3304 2.95224033331961
3305 2.955592485748361
3306 2.957237899467798
3307 2.957863527555633
3308 2.957216226314964
3309 2.955649649747068
3310 2.954048674424909
3311 2.952022848904934
3312 2.949685767897039
3313 2.94676825412622
3314 2.944113508251367
3315 2.94176696794181
3316 2.940016193759256
3317 2.939004456062432
3318 2.93883825268378
3319 2.93952819365516
3320 2.940914613706843
3321 2.942746804845052
3322 2.94418730194048
3323 2.944736805488202
3324 2.944658598647024
3325 2.944243941665345
3326 2.943547131183557
3327 2.943000364709302
3328 2.942467806957202
3329 2.942292119063473
3330 2.942496293560965
3331 2.94304418536786
3332 2.943872357323964
3333 2.944971650801524
3334 2.946288235580585
3335 2.947517304785999
3336 2.948453688616071
3337 2.948955279586471
3338 2.949134538972931
3339 2.949234735278192
3340 2.949432318898892
3341 2.949816027957439
3342 2.950395453079103
3343 2.951154928333269
3344 2.952074225311395
3345 2.953136903586275
3346 2.954323478383607
3347 2.955587235986786
3348 2.956863466528731
3349 2.958079573882729
3350 2.959162881273535
3351 2.960085128879749
3352 2.960912534644491
3353 2.961736565093678
3354 2.962627338500097
3355 2.963618026325729
3356 2.964715194944742
3357 2.965914089665542
3358 2.967208099672053
3359 2.968586715368278
3360 2.970035663405168
3361 2.971539241072789
3362 2.973082141949874
3363 2.974648975014886
3364 2.976263719032402
3365 2.97785873577627
3366 2.979302831797061
3367 2.98062395359256
3368 2.981873565980354
3369 2.983091505083347
3370 2.984305609516474
3371 2.985544024616122
3372 2.986833725151983
3373 2.988195839531655
3374 2.989632761481688
3375 2.991133195589353
3376 2.992671439371573
3377 2.994213693966791
3378 2.995740845109025
3379 2.997240754241468
3380 2.998716723406038
3381 3.000190507621
3382 3.001697642460923
3383 3.003275836628289
3384 3.004966819115673
3385 3.006813882136615
3386 3.008864319360079
3387 3.011162057448114
3388 3.013706117620918
3389 3.015989910003062
3390 3.018066318441831
3391 3.01994430165962
3392 3.021622231514506
3393 3.023116157007305
3394 3.024462347268977
3395 3.025681074519803
3396 3.026793543993789
3397 3.027821636296873
3398 3.028794486446575
3399 3.029696142414793
3400 3.030518751130336
3401 3.031254421807589
3402 3.031885926594179
3403 3.032409295916792
3404 3.032827000524609
3405 3.033146719980524
3406 3.033378942422308
3407 3.033540912096356
3408 3.033646388288985
3409 3.033709007610549
3410 3.033734426032305
3411 3.03372639021718
3412 3.033683897741689
3413 3.033608251611612
3414 3.033501903008923
3415 3.033361030964971
3416 3.033183831279066
3417 3.032969816955575
3418 3.032717790961823
3419 3.032426426957663
3420 3.032095520394529
3421 3.031726737616996
3422 3.031322703149699
3423 3.030886900320811
3424 3.030421492372133
3425 3.029928840510293
3426 3.029412236572862
3427 3.028873703827949
3428 3.028318015772086
3429 3.027749621193851
3430 3.027173832792339
3431 3.02659545402887
3432 3.026019774936907
3433 3.025449745816325
3434 3.024884978076368
3435 3.024330412841914
3436 3.023788155436085
3437 3.023258727660928
3438 3.022737585084665
3439 3.022221562450736
3440 3.021708903736894
3441 3.021198215771707
3442 3.020688606062436
3443 3.02017961403253
3444 3.019670533483179
3445 3.01915914724208
3446 3.018644199215796
3447 3.018126965588657
3448 3.017610206492105
3449 3.017097178217836
3450 3.01659101157367
3451 3.016095180458712
3452 3.015612855350509
3453 3.015145962234329
3454 3.014695792604872
3455 3.014264755154568
3456 3.013845422903572
3457 3.013443103035076
3458 3.013057620222613
3459 3.0126893280784
3460 3.012338113242669
3461 3.012002925537956
3462 3.011682476756038
3463 3.011374198413881
3464 3.011074685410675
3465 3.010780659734327
3466 3.010489934993117
3467 3.010199861011493
3468 3.00990820542965
3469 3.00961374920999
3470 3.009316057161726
3471 3.009015059636416
3472 3.008711139144854
3473 3.008405128125711
3474 3.008098128007811
3475 3.007791638534886
3476 3.007487200741485
3477 3.007186847013416
3478 3.006892220296209
3479 3.006605124007801
3480 3.00632718516734
3481 3.006060058449163
3482 3.005807579870802
3483 3.00556766567291
3484 3.005341766076598
3485 3.005132405682825
3486 3.004940087902162
3487 3.004763476081934
3488 3.004600262699217
3489 3.004448625597516
3490 3.0043077311133
3491 3.004177794056456
3492 3.004059912091486
3493 3.00395614967951
3494 3.003871837756194
3495 3.003797648246859
3496 3.003721088544784
3497 3.003651943084397
3498 3.003595952578264
3499 3.003556687891743
3500 3.003536541254411
3501 3.003537289863174
3502 3.003558825111438
3503 3.003602219310167
3504 3.003668234634771
3505 3.003757146235548
3506 3.003868834040744
3507 3.004003034659832
3508 3.004159114132945
3509 3.004336143579796
3510 3.004533072781881
3511 3.00474847193555
3512 3.004980023891232
3513 3.005224498166484
3514 3.005479669678606
3515 3.005745014912369
3516 3.006020755717752
3517 3.006308329445887
3518 3.006606933297838
3519 3.006917280643199
3520 3.007239929677377
3521 3.007574736129484
3522 3.007921222661479
3523 3.008279340533588
3524 3.008649492177686
3525 3.009032906010007
3526 3.009429588591956
3527 3.009838865539947
3528 3.010259175518904
3529 3.010689891919027
3530 3.011130578852984
3531 3.011580419471537
3532 3.012038550896819
3533 3.012504072926578
3534 3.012976016854582
3535 3.013453499210682
3536 3.013935568274585
3537 3.01442122271681
3538 3.014909733053149
3539 3.015400875068663
3540 3.015894495199247
3541 3.016390267349721
3542 3.016888011668581
3543 3.017387392102174
3544 3.017884179335013
3545 3.018374386020082
3546 3.018859105571988
3547 3.019338942524851
3548 3.019814598609424
3549 3.020287085475791
3550 3.020757536656943
3551 3.021227625835984
3552 3.021699350453189
3553 3.022173509615128
3554 3.022651483073372
3555 3.023134505244028
3556 3.023623482994396
3557 3.024118114630885
3558 3.024615298214947
3559 3.025114785750823
3560 3.025616559176708
3561 3.026121924899667
3562 3.026632609951647
3563 3.027148837170023
3564 3.027649332342472
3565 3.028131231802719
3566 3.028595053914964
3567 3.029043417269981
3568 3.029479621516149
3569 3.02990673380935
3570 3.030326874576657
3571 3.030741355907339
3572 3.031150739121958
3573 3.031554959639379
3574 3.031953600265452
3575 3.032346184022579
3576 3.032732241767583
3577 3.033111068814977
3578 3.033484321920455
3579 3.033847653511698
3580 3.034202159989497
3581 3.034548363700259
3582 3.034886497118425
3583 3.035217281729411
3584 3.035540857095252
3585 3.035857404319462
3586 3.036167276025741
3587 3.036470439664904
3588 3.036766840767442
3589 3.03705638149719
3590 3.037339064984226
3591 3.037614771018055
3592 3.03788371859529
3593 3.038145843694538
3594 3.038400893761601
3595 3.038648775762837
3596 3.038889505857902
3597 3.039123112101755
3598 3.039349764655544
3599 3.039569597430159
3600 3.039782693935088
3601 3.039989053212247
3602 3.040188665287666
3603 3.040381545290272
3604 3.040568106114586
3605 3.040748062455246
3606 3.040920343549435
3607 3.041083627212767
3608 3.041237836660744
3609 3.041383653190381
3610 3.041522107996829
3611 3.041654067626395
3612 3.041780673756795
3613 3.0419026025183
3614 3.042020473909056
3615 3.042134612173641
3616 3.042244967567768
3617 3.042351513265816
3618 3.042454033846524
3619 3.042552293588232
3620 3.042646204444897
3621 3.042735743347501
3622 3.042820953712439
3623 3.042901928398772
3624 3.042978789389015
3625 3.04305166496392
3626 3.043120673264192
3627 3.043185817478489
3628 3.04324708264432
3629 3.043304471787272
3630 3.043357972901194
3631 3.043407603727466
3632 3.043453350100018
3633 3.04349513890061
3634 3.04353299392425
3635 3.043567071230704
3636 3.04359760813111
3637 3.043624960591679
3638 3.043649557880169
3639 3.043671910666494
3640 3.043692463384219
3641 3.043711577681935
3642 3.04372935735849
3643 3.043745791247213
3644 3.043760761843217
3645 3.04377406442446
3646 3.043785437990194
3647 3.043794653827931
3648 3.043801348173247
3649 3.043805304235896
3650 3.04380630679443
3651 3.043804217657215
3652 3.043799029213645
3653 3.043790829305848
3654 3.043779694384138
3655 3.043765148516675
3656 3.043747838396846
3657 3.043728959442179
3658 3.0437097611493
3659 3.043691045324214
3660 3.043673007140257
3661 3.043655356844221
3662 3.043637558906097
3663 3.043619059763271
3664 3.043599412231385
3665 3.043578342187857
3666 3.043555690069709
3667 3.043531374973741
3668 3.04350541500312
3669 3.043477900414933
3670 3.043448971399553
3671 3.043418794851174
3672 3.04338763185189
3673 3.04335552822708
3674 3.043322745825841
3675 3.043289590072367
3676 3.043256357224347
3677 3.04322331487085
3678 3.043190650862861
3679 3.043158571825064
3680 3.043127258443069
3681 3.043096848422826
3682 3.043067433446788
3683 3.043039094919962
3684 3.043011867628798
3685 3.042985803565621
3686 3.042960847174414
3687 3.042937086166078
3688 3.042914452682264
3689 3.04289290630477
3690 3.042872403240211
3691 3.04285289870786
3692 3.042834360927358
3693 3.042816776607987
3694 3.042800154153635
3695 3.042784524939882
3696 3.042769942729419
3697 3.042756480475715
3698 3.042744226384461
3699 3.042733282851961
3700 3.042723714694128
3701 3.042715604478675
3702 3.04270904815406
3703 3.042704143026865
3704 3.042700977424916
3705 3.042699618744579
3706 3.042700107532594
3707 3.042702452018665
3708 3.042706640008595
3709 3.04271264374692
3710 3.042720413761448
3711 3.042729898689797
3712 3.042741055291375
3713 3.042753849387077
3714 3.042768255506695
3715 3.042784257200425
3716 3.04280184778583
3717 3.042821064424217
3718 3.042841880830369
3719 3.042864224304668
3720 3.042888138726729
3721 3.042913694288679
3722 3.042940950446426
3723 3.042969959579077
3724 3.04300076518075
3725 3.043033393484512
3726 3.04306784402769
3727 3.043104118073199
3728 3.043142205644584
3729 3.043182089598435
3730 3.04322374625416
3731 3.043267136047265
3732 3.043312232712856
3733 3.043358997024584
3734 3.043407390448695
3735 3.043457377422075
3736 3.043508947265585
3737 3.043562105383023
3738 3.043616849686192
3739 3.043673180663636
3740 3.043731099130301
3741 3.04379060239328
3742 3.043851683674274
3743 3.043914317954165
3744 3.043978477310966
3745 3.044044133839107
3746 3.04411126092939
3747 3.044179831028908
3748 3.044249793336046
3749 3.044321075895658
3750 3.044393643864097
3751 3.044467485061352
3752 3.044542617053049
3753 3.044619052589069
3754 3.044696789607654
3755 3.044775799682362
3756 3.044856033076627
3757 3.044937428749083
3758 3.045019928690782
3759 3.045103480932182
3760 3.045188043079596
3761 3.045273583447944
3762 3.045360061648015
3763 3.045447445146861
3764 3.04553572781723
3765 3.045624884191686
3766 3.045714878526736
3767 3.045805674581202
3768 3.045897227826332
3769 3.045989476871009
3770 3.046082365370451
3771 3.046176430115656
3772 3.046271261769467
3773 3.046366080914682
3774 3.046460291985771
3775 3.046553675217138
3776 3.046646329484107
3777 3.046738540421098
3778 3.046830524539038
3779 3.046922712436045
3780 3.047015543088991
3781 3.047109292620717
3782 3.047204191665898
3783 3.04730028580166
3784 3.04739745237999
3785 3.047495461689203
3786 3.047594049264602
3787 3.047692971018745
3788 3.047792034628536
3789 3.047891109563316
3790 3.047990110943748
3791 3.04808897749673
3792 3.04818767469394
3793 3.048286178129064
3794 3.048384470029593
3795 3.048482534296855
3796 3.04858035808851
3797 3.04867793412359
3798 3.048775214197537
3799 3.048872141100684
3800 3.048968646341382
3801 3.049064662598241
3802 3.049160127862654
3803 3.049254993848589
3804 3.049349233157253
3805 3.049442831422786
3806 3.049535786857215
3807 3.049628106486389
3808 3.049719808416229
3809 3.049810916340745
3810 3.049901439594544
3811 3.049991386507471
3812 3.050080767303989
3813 3.050169592527375
3814 3.050257873457533
3815 3.050345614020368
3816 3.050432816223641
3817 3.050519472614565
3818 3.05060556896492
3819 3.050691090351129
3820 3.050776021241284
3821 3.050860345983343
3822 3.050944046873489
3823 3.051027102399763
3824 3.051109489264157
3825 3.051191196190318
3826 3.051272211930254
3827 3.051352519414979
3828 3.051432098219047
3829 3.051510925472063
3830 3.051588977070907
3831 3.051666229831694
3832 3.051742665527462
3833 3.051818271343521
3834 3.051893038249473
3835 3.051966956352393
3836 3.052040019375871
3837 3.052112208591258
3838 3.052183497322352
3839 3.052253862123156
3840 3.052323290834554
3841 3.05239178429357
3842 3.052459351073022
3843 3.052526001674455
3844 3.052591742517892
3845 3.052656572608401
3846 3.052720483570261
3847 3.052783461982063
3848 3.052845492627819
3849 3.052906561228867
3850 3.05296665649467
3851 3.05302577079621
3852 3.053083899940078
3853 3.053141044089862
3854 3.053197207232231
3855 3.053252390109806
3856 3.053306593914077
3857 3.053359825578206
3858 3.053412096950391
3859 3.053463422610407
3860 3.053513818930874
3861 3.053563303617401
3862 3.053611895639394
3863 3.053659615370115
3864 3.053706485759653
3865 3.053752532316759
3866 3.053797781682143
3867 3.053842259647527
3868 3.053885988965172
3869 3.053928987606176
3870 3.053971267115901
3871 3.0540128314497
3872 3.054053677319756
3873 3.054093795287095
3874 3.054133171767518
3875 3.054171791774624
3876 3.054209642052508
3877 3.054246713947876
3878 3.054283006361362
3879 3.05431852768826
3880 3.054353303324288
3881 3.054387359177321
3882 3.054420730397223
3883 3.054453459959262
3884 3.054485595496618
3885 3.054517186146068
3886 3.054548279689063
3887 3.054578920232112
3888 3.054609146563356
3889 3.054638991262207
3890 3.054668480513284
3891 3.054697634533773
3892 3.054726468457567
3893 3.054754993504149
3894 3.054783218266143
3895 3.054811149996222
3896 3.054838795753599
3897 3.0548661633253
3898 3.05489326186785
3899 3.054920102311703
3900 3.054946697655613
3901 3.054973062581335
3902 3.054999213038594
3903 3.055025164433268
3904 3.055050932644294
3905 3.055076533357857
3906 3.055101981895506
3907 3.055127293119061
3908 3.055152481221677
3909 3.055177559389891
3910 3.055202539395096
3911 3.055227431335876
3912 3.055252243645456
3913 3.055276983226349
3914 3.055301655798284
3915 3.055326266359334
3916 3.055350819687075
3917 3.055375320805191
3918 3.055399775374795
3919 3.05542418997246
3920 3.055448572235101
3921 3.055472930869184
3922 3.055497275568277
3923 3.055521616803844
3924 3.055545965579231
3925 3.055570332716385
3926 3.055594729081632
3927 3.055619165401077
3928 3.05564365191288
3929 3.055668198104232
3930 3.055692812574321
3931 3.055717502895703
3932 3.055742275643438
3933 3.055767136409211
3934 3.055792089828134
3935 3.055817139782268
3936 3.055842289568391
3937 3.055867541997577
3938 3.055892899503302
3939 3.055918364263268
3940 3.055943938348763
3941 3.055969623870024
3942 3.055995423126888
3943 3.056021338747976
3944 3.056047373808921
3945 3.056073531918083
3946 3.056099817254856
3947 3.056126234548853
3948 3.056152788993439
3949 3.056179486095368
3950 3.056206331459717
3951 3.056233330590246
3952 3.056260488642175
3953 3.056287810197291
3954 3.056315299081967
3955 3.056342958242394
3956 3.056370789691925
3957 3.056398794511514
3958 3.056426972919978
3959 3.056455324405882
3960 3.056483847908202
3961 3.056512542033729
3962 3.056541405292752
3963 3.056570436327732
3964 3.056599634113531
3965 3.05662899809666
3966 3.056658528265531
3967 3.05668822512756
3968 3.056718089699872
3969 3.056748123361718
3970 3.056778327662991
3971 3.056808704137667
3972 3.056839254126521
3973 3.056869978646497
3974 3.056900878198778
3975 3.056931952754946
3976 3.056963201716163
3977 3.056994623899498
3978 3.057026217563465
3979 3.057057980468925
3980 3.057089909959817
3981 3.057122003080156
3982 3.05715425667689
3983 3.057186667493422
3984 3.057219232365052
3985 3.057251948128019
3986 3.057284811658038
3987 3.057317819866967
3988 3.057350969698513
3989 3.057384258133138
3990 3.057417682200879
3991 3.057451238985068
3992 3.057484925633094
3993 3.057518739357981
3994 3.057552677428721
3995 3.057586737151933
3996 3.057620915837648
3997 3.057655210758453
3998 3.057689619105806
3999 3.057724137941491
4000 3.057758764155095
4001 3.057793494434287
4002 3.073008004283531
4003 3.093109907678891
4004 3.10686947127252
4005 3.113505669483247
4006 3.116038120317266
4007 3.1167018682454
4008 3.117915873451849
4009 3.120601418118135
4010 3.124997495610834
4011 3.131417467048899
4012 3.138932344667976
4013 3.145682528934361
4014 3.150645630221832
4015 3.154762900556435
4016 3.159192842873845
4017 3.164412310680865
4018 3.165637022729449
4019 3.167792403449863
4020 3.169814293055111
4021 3.171102150305574
4022 3.171732204873688
4023 3.171796966984612
4024 3.171329792089274
4025 3.170475651791338
4026 3.16937529164412
4027 3.168033400644569
4028 3.166407891210221
4029 3.164475599068189
4030 3.162225542672055
4031 3.159676083952706
4032 3.156845878508455
4033 3.153761418109361
4034 3.150453721797622
4035 3.146948610767179
4036 3.143283985055901
4037 3.139485655193618
4038 3.135578320650101
4039 3.13157261879189
4040 3.12747974263272
4041 3.123300257203125
4042 3.119056710569343
4043 3.114768611221038
4044 3.110439531371202
4045 3.106084079805915
4046 3.101724530369969
4047 3.097345887512262
4048 3.092927638507259
4049 3.088472061928964
4050 3.083972084204952
4051 3.079401313956176
4052 3.071565229137722
4053 3.064699840411679
4054 3.058497244047098
4055 3.052620532759065
4056 3.046921604424297
4057 3.041279677746294
4058 3.035640760680731
4059 3.02998204181788
4060 3.024309323165651
4061 3.018648178738964
4062 3.01299835265225
4063 3.007389459019024
4064 3.001789002657498
4065 2.996197086053015
4066 2.99062879793267
4067 2.985065337310905
4068 2.97952193921257
4069 2.973986262549723
4070 2.968418317912714
4071 2.962844881627132
4072 2.957300238711859
4073 2.951816650347065
4074 2.946423939176965
4075 2.941132058990527
4076 2.935963888043494
4077 2.93093192261649
4078 2.926019371250485
4079 2.921255858374378
4080 2.91666119600922
4081 2.912247441114976
4082 2.908043981245302
4083 2.904061812698139
4084 2.900319013216678
4085 2.896892528470536
4086 2.893827277346293
4087 2.890722037521295
4088 2.882554888096469
4089 2.876146247115237
4090 2.86988011993309
4091 2.864063716545484
4092 2.858178755274481
4093 2.852157508640059
4094 2.845922236222844
4095 2.839552558855948
4096 2.833116909930635
4097 2.826691122678167
4098 2.820288923097894
4099 2.813910985731488
4100 2.807583890584335
4101 2.801328094059798
4102 2.795150567678389
4103 2.789114619039655
4104 2.783298424317393
4105 2.77773626458762
4106 2.772411112239166
4107 2.767272446555853
4108 2.762294467429058
4109 2.757457949348611
4110 2.752771420874407
4111 2.748243077073693
4112 2.743905181316649
4113 2.739776085407857
4114 2.735876071826377
4115 2.732232734285286
4116 2.728874166033009
4117 2.725901164799922
4118 2.723398286124128
4119 2.721469069523251
4120 2.718991872866269
4121 2.71508747928522
4122 2.709770983506092
4123 2.703651310133552
4124 2.696196833103246
4125 2.688528190599564
4126 2.683474120161363
4127 2.682427563632439
4128 2.682017982075115
4129 2.681444865139722
4130 2.680182892501248
4131 2.678104927210495
4132 2.672435606514394
4133 2.659705725072121
4134 2.651692823340867
4135 2.64785264277547
4136 2.645695814640736
4137 2.646482085398056
4138 2.650886589718801
4139 2.657437303529298
4140 2.660766346876249
4141 2.66084088237435
4142 2.658280091453997
4143 2.655381676332679
4144 2.652730429291136
4145 2.649820134833372
4146 2.648671590818842
4147 2.650481678245535
4148 2.656792491567462
4149 2.66672327794767
4150 2.675059885777388
4151 2.679509232654101
4152 2.679368381934255
4153 2.676059983217605
4154 2.670613342148793
4155 2.665098487987055
4156 2.660806787099721
4157 2.661084013728169
4158 2.667307253631647
4159 2.674140564644315
4160 2.676403325360028
4161 2.674665587541268
4162 2.670389770710633
4163 2.664448381638918
4164 2.659163349042072
4165 2.655817699737978
4166 2.656992755059447
4167 2.664180748899668
4168 2.669415866335251
4169 2.670296326775393
4170 2.667871566137755
4171 2.663239291747855
4172 2.660452698710639
4173 2.660787378123902
4174 2.665273732446655
4175 2.671244952853589
4176 2.672445575634571
4177 2.669588963513578
4178 2.664452939942499
4179 2.65994521573163
4180 2.656682770767609
4181 2.657225848238329
4182 2.66401577331014
4183 2.669971427941819
4184 2.671933393891011
4185 2.670431442169439
4186 2.666509503660438
4187 2.663732761240534
4188 2.663409218215345
4189 2.666773680352917
4190 2.673103098284564
4191 2.675890663418361
4192 2.67433417681246
4193 2.67008661475184
4194 2.666231711001886
4195 2.663976574543836
4196 2.665497093794489
4197 2.672085159289715
4198 2.676679151668214
4199 2.677046278918262
4200 2.674135504119232
4201 2.669739982888438
4202 2.666604290235469
4203 2.666267873671873
4204 2.670501263782855
4205 2.677231633178206
4206 2.679616043352286
4207 2.677735985231331
4208 2.673736335266837
4209 2.670841636831371
4210 2.669790407662646
4211 2.671965659291306
4212 2.678195253454895
4213 2.683298133492526
4214 2.682149281530307
4215 2.677459873171859
4216 2.672805104545626
4217 2.669241655690374
4218 2.668507228282153
4219 2.672023696764502
4220 2.677307040973902
4221 2.678074578508391
4222 2.674882190948104
4223 2.67022840673729
4224 2.666195806323915
4225 2.664606319695438
4226 2.666532681129513
4227 2.672336413485623
4228 2.677580377035834
4229 2.677135923622868
4230 2.67306003962317
4231 2.668761370846993
4232 2.665328998219028
4233 2.664365716125873
4234 2.667075289993866
4235 2.673488729994005
4236 2.679156759983868
4237 2.678790814783289
4238 2.674686004458791
4239 2.669935141221756
4240 2.665946475810295
4241 2.664466644252452
4242 2.666589658025877
4243 2.673116226891654
4244 2.679872433201827
4245 2.680615327331113
4246 2.677279898658063
4247 2.67214567984596
4248 2.667797217957992
4249 2.665668005293755
4250 2.666954709921725
4251 2.673277971961953
4252 2.6806929543512
4253 2.682350450499708
4254 2.679654987591585
4255 2.675066112222535
4256 2.671042729860567
4257 2.668569604792495
4258 2.6691723705131
4259 2.674862838430768
4260 2.681714976403052
4261 2.682960478108867
4262 2.679895395311439
4263 2.674869985854275
4264 2.670286024507293
4265 2.667738940791249
4266 2.668618536381408
4267 2.674533218240319
4268 2.681313639364774
4269 2.682260364151893
4270 2.678986237959146
4271 2.673808950199882
4272 2.669151041502469
4273 2.666687467705475
4274 2.667713801891447
4275 2.673800362763362
4276 2.680832006434144
4277 2.681960999779032
4278 2.678830307050971
4279 2.673793423390797
4280 2.669313209273243
4281 2.666932661591466
4282 2.668064058750141
4283 2.674280197320117
4284 2.681225795338943
4285 2.682059630846179
4286 2.678684910921027
4287 2.673383427150763
4288 2.668792698023454
4289 2.666581611370473
4290 2.668093297835438
4291 2.67451460380646
4292 2.681152941926108
4293 2.681375251411782
4294 2.677571911330169
4295 2.671881746716754
4296 2.667222027944716
4297 2.665313900329464
4298 2.667378519145343
4299 2.674086994539647
4300 2.678177346145473
4301 2.677862507435522
4302 2.674227056904532
4303 2.6695150904086
4304 2.665829301856625
4305 2.665082657498763
4306 2.668988380301274
4307 2.675561752507142
4308 2.67755243589293
4309 2.67520303606953
4310 2.670781848546969
4311 2.66707827024033
4312 2.665025996412896
4313 2.666588321110382
4314 2.6728844752969
4315 2.678460683783384
4316 2.677257371518479
4317 2.672542676606831
4318 2.666890408142441
4319 2.662199341632547
4320 2.660905163614304
4321 2.664619689017871
4322 2.671465122477457
4323 2.673617369173177
4324 2.671266971194929
4325 2.666817901797694
4326 2.662534330868298
4327 2.659653497683183
4328 2.660350717307665
4329 2.666189504987655
4330 2.671903267637667
4331 2.671023510551711
4332 2.666425561428821
4333 2.660900716109071
4334 2.65618835798727
4335 2.655006055551689
4336 2.658788885384657
4337 2.664693821806508
4338 2.666022887662538
4339 2.663064728325651
4340 2.658047523465815
4341 2.65347936930995
4342 2.651035807217822
4343 2.652607108034946
4344 2.658548489431217
4345 2.663542479797553
4346 2.661853339201572
4347 2.656679224459216
4348 2.651702477674903
4349 2.647745411628923
4350 2.647356356897294
4351 2.652247382019048
4352 2.658179796296324
4353 2.658107116041757
4354 2.653948330157298
4355 2.647844258436965
4356 2.642796009775124
4357 2.64130963071843
4358 2.644529072945011
4359 2.651409886751613
4360 2.654226909501027
4361 2.652440613176117
4362 2.648468171904093
4363 2.643742481922735
4364 2.639869895037398
4365 2.639003494764733
4366 2.643045335018067
4367 2.648999995744576
4368 2.64972982128989
4369 2.64624084840289
4370 2.640773441158686
4371 2.635847473209318
4372 2.633700289127164
4373 2.635610378747194
4374 2.641657429877353
4375 2.644601677276731
4376 2.643118275198576
4377 2.639295274461583
4378 2.634356747322228
4379 2.630062182955939
4380 2.628852953167757
4381 2.632142669363416
4382 2.637787014482166
4383 2.638888747057453
4384 2.635775883852565
4385 2.630479267807903
4386 2.625414002331314
4387 2.623202627836327
4388 2.624855545785693
4389 2.630847178388126
4390 2.636417090694847
4391 2.635574120647425
4392 2.630849545746306
4393 2.625206431292048
4394 2.620302947346733
4395 2.618548092063596
4396 2.620885866484806
4397 2.627112151104445
4398 2.630247237064961
4399 2.629051276279008
4400 2.625649228313117
4401 2.620166474125241
4402 2.615344024404456
4403 2.613538298697089
4404 2.615868134106886
4405 2.6224758385256
4406 2.626404805381294
4407 2.625929577319561
4408 2.622146862684548
4409 2.6170414415292
4410 2.612626102037791
4411 2.61105932094201
4412 2.613534633342259
4413 2.619854314041425
4414 2.623089297851381
4415 2.621970496033914
4416 2.618657943081811
4417 2.613439153564969
4418 2.608984121920189
4419 2.607302977653255
4420 2.609760859478559
4421 2.616269737597495
4422 2.619780915030357
4423 2.618846667206613
4424 2.61470131282872
4425 2.609430927200473
4426 2.604861777666027
4427 2.603146499062374
4428 2.605400258293634
4429 2.611276878125377
4430 2.614115825248003
4431 2.612732117317415
4432 2.609089090777185
4433 2.60427647289593
4434 2.600143806859384
4435 2.598933524755243
4436 2.601842084340938
4437 2.60761176005373
4438 2.609572238347874
4439 2.607304713998881
4440 2.602694902627936
4441 2.597491425182965
4442 2.594329698073901
4443 2.594448342967236
4444 2.599135876251144
4445 2.604857073072889
4446 2.605256388971255
4447 2.601466005179975
4448 2.595539723205289
4449 2.590096362085156
4450 2.587951858075919
4451 2.589497248513919
4452 2.595445514588067
4453 2.602093492204268
4454 2.602688503817292
4455 2.598956107646774
4456 2.593235364627517
4457 2.587762187052298
4458 2.584735426711341
4459 2.585287425749822
4460 2.590817587266468
4461 2.597816630522358
4462 2.599137095294362
4463 2.595970602438071
4464 2.590773687455479
4465 2.585504814544143
4466 2.582132626295717
4467 2.582313361542604
4468 2.587658193716509
4469 2.59458645875331
4470 2.59587269722391
4471 2.592651849190211
4472 2.587345774670853
4473 2.581867604800191
4474 2.578571762149479
4475 2.578985322067572
4476 2.584377733252931
4477 2.591106010729638
4478 2.592109040014461
4479 2.588668195604617
4480 2.583115003951585
4481 2.577480275402172
4482 2.574436934280794
4483 2.575143827691997
4484 2.580605348250237
4485 2.587220259311908
4486 2.588097085797435
4487 2.584578923592999
4488 2.578948236934947
4489 2.573329078739
4490 2.570447847264018
4491 2.571340524085284
4492 2.576916421968901
4493 2.583632688564932
4494 2.584592796398866
4495 2.581141468252212
4496 2.575580636100435
4497 2.570022605304625
4498 2.567146059544767
4499 2.568053655033134
4500 2.573702296657407
4501 2.580527104097591
4502 2.581529173331687
4503 2.578076797911345
4504 2.572512496798594
4505 2.566934059872373
4506 2.563982052270868
4507 2.564843697543377
4508 2.570501600367774
4509 2.577289910142884
4510 2.578147742397464
4511 2.574554879571199
4512 2.568872407346259
4513 2.563216164477806
4514 2.560234379847299
4515 2.561109770007012
4516 2.566789582426197
4517 2.573524115299179
4518 2.574243998725009
4519 2.570532705548699
4520 2.564746477116883
4521 2.558992579218698
4522 2.55596291579399
4523 2.556766388329264
4524 2.562335802535202
4525 2.568953342820345
4526 2.569607607527269
4527 2.565843392730537
4528 2.55998319611798
4529 2.554125107523016
4530 2.551035307202156
4531 2.551693282179939
4532 2.556971508900386
4533 2.563154548130698
4534 2.563615024230698
4535 2.55976945529912
4536 2.553818998522972
4537 2.548014648053936
4538 2.545214226873354
4539 2.546444476547763
4540 2.552212180619458
4541 2.559035451541366
4542 2.559942151809825
4543 2.556396881787051
4544 2.550775303645312
4545 2.544990865683585
4546 2.541660687665321
4547 2.541838458615002
4548 2.546846703265401
4549 2.553341557051549
4550 2.554625253429207
4551 2.551460125246021
4552 2.546093633429178
4553 2.540373940096831
4554 2.537060085267013
4555 2.537456320750597
4556 2.542514160737768
4557 2.548906499294685
4558 2.550156508622697
4559 2.546983826293649
4560 2.541622695628096
4561 2.535971260061264
4562 2.532823604408569
4563 2.533358279478706
4564 2.53857315638942
4565 2.545207747044992
4566 2.546741170487679
4567 2.54379488485257
4568 2.538674047645048
4569 2.533140530358062
4570 2.530063072028979
4571 2.5302781070945
4572 2.535296061321337
4573 2.541944551746474
4574 2.543641838671581
4575 2.540822213587089
4576 2.535777214724089
4577 2.530169586967149
4578 2.526657990623984
4579 2.526762915266823
4580 2.531694386332143
4581 2.538262139650934
4582 2.539971226853906
4583 2.537157187719835
4584 2.532108445988908
4585 2.526512765730064
4586 2.523020831013018
4587 2.523115499307593
4588 2.528016844665018
4589 2.534560967291728
4590 2.53628612669033
4591 2.533499023099626
4592 2.528484028905119
4593 2.52287964907395
4594 2.519343023028186
4595 2.519376140972955
4596 2.524226326966643
4597 2.5307682680044
4598 2.532572665564405
4599 2.529854864530621
4600 2.524884095692205
4601 2.519266327574423
4602 2.515683046648612
4603 2.515631731013825
4604 2.520380933701044
4605 2.526850855456974
4606 2.528681825869692
4607 2.525999362926281
4608 2.521052393355332
4609 2.515413031158962
4610 2.511804373826398
4611 2.511699944529309
4612 2.516401377205626
4613 2.52289009192068
4614 2.524854968065675
4615 2.522306466311232
4616 2.51748467542516
4617 2.511896818135288
4618 2.508248650904239
4619 2.508079455393839
4620 2.512748684026008
4621 2.519291986761007
4622 2.521396824899404
4623 2.518965085126536
4624 2.514246962566856
4625 2.508694333070341
4626 2.504974595520318
4627 2.504727881227306
4628 2.509357388243708
4629 2.515981452918507
4630 2.518267104272207
4631 2.515984671159129
4632 2.511397192943261
4633 2.505849999911333
4634 2.501945868154849
4635 2.501508711859615
4636 2.505797550574184
4637 2.511936835583042
4638 2.514282034142251
4639 2.51216735701817
4640 2.507767994907901
4641 2.502160751179041
4642 2.497785731060982
4643 2.496877936475903
4644 2.500425379594576
4645 2.506573724374233
4646 2.509394029621434
4647 2.507840256405788
4648 2.503898257858264
4649 2.498575735761371
4650 2.494411624448854
4651 2.493603485334979
4652 2.497141798574326
4653 2.503272915397629
4654 2.506153546072641
4655 2.504682735569102
4656 2.50080273237847
4657 2.495571538294221
4658 2.491561793472778
4659 2.490904221900519
4660 2.494685913598242
4661 2.500944289700224
4662 2.503725898660205
4663 2.502088678294503
4664 2.498047754677693
4665 2.492788059440032
4666 2.4888808895698
4667 2.488377895450387
4668 2.492525166157305
4669 2.499189588488469
4670 2.502117666132341
4671 2.500457295702177
4672 2.496420999731557
4673 2.490995990717426
4674 2.486425453260611
4675 2.485400487062518
4676 2.48890360922518
4677 2.495353752087614
4678 2.498640697144358
4679 2.497442133953026
4680 2.493840350942109
4681 2.488520791361037
4682 2.48359971469224
4683 2.482211786911702
4684 2.485138303012114
4685 2.491422986290183
4686 2.497345470955614
4687 2.496957508413395
4688 2.492426985308819
4689 2.486250021466068
4690 2.480058916384882
4691 2.477818914808216
4692 2.479721222977524
4693 2.486008557703235
4694 2.493387074247909
4695 2.495087643631547
4696 2.492080936542584
4697 2.486968474725184
4698 2.481068012980062
4699 2.47659186788274
4700 2.475745730375304
4701 2.47952019992717
4702 2.486004140535086
4703 2.489156900994562
4704 2.487835704739589
4705 2.484136852166744
4706 2.478655111431406
4707 2.473685410376821
4708 2.472160939707983
4709 2.474648141941301
4710 2.480552060668935
4711 2.486414904054131
4712 2.486495249697377
4713 2.482362395105458
4714 2.476176085732885
4715 2.469904468192806
4716 2.467501780404811
4717 2.468952353747998
4718 2.474886198136587
4719 2.482238208342823
4720 2.484558670240461
4721 2.482156860301322
4722 2.477587178121302
4723 2.471924229798903
4724 2.46755762667136
4725 2.466213047248712
4726 2.468913662467614
4727 2.475401367840368
4728 2.47987153003866
4729 2.480153863290826
4730 2.47812205701226
4731 2.472943280030947
4732 2.467146724467076
4733 2.463826575753456
4734 2.464153747802757
4735 2.469413787315981
4736 2.476635801757969
4737 2.479378305829124
4738 2.477396751073437
4739 2.473123893762343
4740 2.46746665780758
4741 2.462665148612338
4742 2.461438339267962
4743 2.464491221923014
4744 2.470889640475204
4745 2.474826180492471
4746 2.474425177318569
4747 2.471639841666508
4748 2.466067171644033
4749 2.4604152815245
4750 2.457844080472785
4751 2.459043606518868
4752 2.464929240024962
4753 2.472413688864645
4754 2.474863202332469
4755 2.472490161942511
4756 2.467915519821539
4757 2.461881606658467
4758 2.456626485126809
4759 2.455077141167485
4760 2.457741885949729
4761 2.464123567299719
4762 2.470789989262145
4763 2.47149187022593
4764 2.467760941679054
4765 2.461993570344191
4766 2.455933736757593
4767 2.452456686325891
4768 2.452566624561312
4769 2.457554792203014
4770 2.464589418732052
4771 2.467359348560024
4772 2.465477767722334
4773 2.461309336376602
4774 2.455696686090561
4775 2.450825943228075
4776 2.449450079188896
4777 2.452205215768666
4778 2.458420041808018
4779 2.462374738627056
4780 2.462199900391392
4781 2.459627723538226
4782 2.454046712525821
4783 2.448192024661729
4784 2.445338890538395
4785 2.446117365680608
4786 2.451670508874999
4787 2.459090196976315
4788 2.461975822409864
4789 2.460070329610254
4790 2.455899368185179
4791 2.450023759632775
4792 2.444674202988816
4793 2.443013146512168
4794 2.445464033303052
4795 2.451995496226647
4796 2.45686144518655
4797 2.457800185439418
4798 2.456460137169731
4799 2.451798834289891
4800 2.446082438884413
4801 2.442057226442746
4802 2.441602003088563
4803 2.44592114028167
4804 2.452754105238888
4805 2.45599399065688
4806 2.454655969502457
4807 2.450951035721947
4808 2.445383774882784
4809 2.440198300788185
4810 2.438575737607011
4811 2.440988326963796
4812 2.447259914146351
4813 2.451747822725851
4814 2.452345388978473
4815 2.450582223068559
4816 2.445621112868838
4817 2.439837503401705
4818 2.436470938334947
4819 2.436612298562892
4820 2.441625528003034
4821 2.4487488066686
4822 2.451822363168642
4823 2.450216020572425
4824 2.446249685288266
4825 2.440628011821595
4826 2.435765774369897
4827 2.434432411972885
4828 2.43716495848112
4829 2.443645743469922
4830 2.448180147585967
4831 2.448725830848073
4832 2.446909180085722
4833 2.441907882597734
4834 2.436168270839523
4835 2.432889985298614
4836 2.433178067057003
4837 2.438393934046554
4838 2.445691235330491
4839 2.448747282979033
4840 2.447056429720085
4841 2.443037423217764
4842 2.437365559561283
4843 2.432269281481729
4844 2.43080247894665
4845 2.433506004214874
4846 2.440087607061419
4847 2.444760651843972
4848 2.445395483050779
4849 2.443693135459942
4850 2.438761913793112
4851 2.432978868758218
4852 2.429435734404596
4853 2.429482617830341
4854 2.434512823249407
4855 2.441715663676439
4856 2.444821343708231
4857 2.443210752844434
4858 2.439236702959222
4859 2.433573293530009
4860 2.428580790836455
4861 2.427176940387779
4862 2.429864942092388
4863 2.436294706061516
4864 2.440768613924295
4865 2.441262164905838
4866 2.439376536163202
4867 2.434301349148602
4868 2.428505037955492
4869 2.42521790651282
4870 2.425461488187047
4871 2.430579088999963
4872 2.437785915703474
4873 2.440909305918871
4874 2.439339091550521
4875 2.435421524093011
4876 2.429782103928373
4877 2.424792989333278
4878 2.423378209126974
4879 2.426005616634624
4880 2.432515260913987
4881 2.437229396073156
4882 2.438046291040441
4883 2.436510089774573
4884 2.431719171918703
4885 2.42598395813929
4886 2.422392059858309
4887 2.422320829145646
4888 2.427109345294586
4889 2.434099274480576
4890 2.437209653361617
4891 2.435704164751456
4892 2.431838598615681
4893 2.426334041113736
4894 2.421532937882023
4895 2.420229583685963
4896 2.422992963550176
4897 2.429501227931823
4898 2.434055616512123
4899 2.434654428586558
4900 2.432872701874061
4901 2.427898805257793
4902 2.422111654727622
4903 2.418735791356868
4904 2.41888431980966
4905 2.423952890583633
4906 2.431182423308269
4907 2.434419187351216
4908 2.432966339290932
4909 2.42916465018604
4910 2.42357676640914
4911 2.418477441752193
4912 2.416970865623865
4913 2.419491555589353
4914 2.426045184607279
4915 2.430966023767774
4916 2.432069818089895
4917 2.429568917741995
4918 2.425002807281363
4919 2.41970398731856
4920 2.416394098754533
4921 2.416330885286924
4922 2.420968059743415
4923 2.428050311604026
4924 2.431591458635039
4925 2.430553498935635
4926 2.4271719260312
4927 2.421794740338884
4928 2.41680411865666
4929 2.414792042439551
4930 2.416587598414244
4931 2.422878586573331
4932 2.430578231350416
4933 2.433024254910408
4934 2.430614082081687
4935 2.425990447165203
4936 2.419663656422943
4937 2.414336009197824
4938 2.412768252503328
4939 2.415228314100821
4940 2.421512384411354
4941 2.426049284191551
4942 2.426874034751806
4943 2.425353085614561
4944 2.420563598808933
4945 2.414937565501473
4946 2.411533807590043
4947 2.41154387087541
4948 2.416236584980524
4949 2.423102318939423
4950 2.426295045431765
4951 2.424945188020573
4952 2.421222634283091
4953 2.415808799554324
4954 2.411106611267108
4955 2.409845881553574
4956 2.412592830516809
4957 2.419109215054473
4958 2.423792321799145
4959 2.424589949481641
4960 2.423007879948121
4961 2.418194668524599
4962 2.412490652766909
4963 2.409036249304077
4964 2.409140951670609
4965 2.414267209445959
4966 2.421641341180745
4967 2.424963044941959
4968 2.423559995024145
4969 2.419839606886335
4970 2.41429856017084
4971 2.409077364059095
4972 2.407528106472031
4973 2.410152137068684
4974 2.41690400882952
4975 2.421979806864994
4976 2.423092612336052
4977 2.420558220843323
4978 2.41601520842592
4979 2.41064825518084
4980 2.40716272768812
4981 2.406991107025344
4982 2.411575041977172
4983 2.418696053000261
4984 2.422298154448158
4985 2.421293446647958
4986 2.417939554800222
4987 2.412415803622919
4988 2.406807113579549
4989 2.404927278686416
4990 2.407089322351259
4991 2.413557410148785
4992 2.418724380555063
4993 2.420180919013181
4994 2.417931596418849
4995 2.413598136215659
4996 2.408104005340746
4997 2.404249282457881
4998 2.403574211739383
4999 2.407011841855041
5000 2.413464234622384
5001 2.417323591993964
5002 1.749852130633407
5003 1.720550703575839
5004 1.655966837236986
5005 1.655699030673542
5006 1.675270494481676
5007 1.697337636478789
5008 1.720970802613292
5009 1.729290296185434
5010 1.742231282652298
5011 1.748821633512831
5012 1.757214192672974
5013 1.783672654766369
5014 1.777261334339754
5015 1.785858621609282
5016 1.78025736384622
5017 1.778971191845198
5018 1.775713830865552
5019 1.772313665630395
5020 1.778204585246446
5021 1.772961120907235
5022 1.778506299806124
5023 1.773656384257839
5024 1.769399881919953
5025 1.779415978850085
5026 1.783220306999283
5027 1.776496821296909
5028 1.783149013821919
5029 1.7849301559522
5030 1.781440517876481
5031 1.784955009066304
5032 1.779735976760505
5033 1.791041282314473
5034 1.784650088930891
5035 1.786257316486951
5036 1.79140762561377
5037 1.800913513658274
5038 1.795547949183279
5039 1.798234500482493
5040 1.796250654169916
5041 1.806981229726336
5042 1.802658165666476
5043 1.805227160178906
5044 1.801163586490596
5045 1.810288952058372
5046 1.804990969443355
5047 1.806641177658449
5048 1.804147864581982
5049 1.814907431842351
5050 1.812149978113999
5051 1.815416603077961
5052 1.814743516960135
5053 1.81970462758964
5054 1.827109853900778
5055 1.829932856657607
5056 1.828945811148323
5057 1.836284659353354
5058 1.838234206100361
5059 1.84424564881496
5060 1.844430994538534
5061 1.84549890128616
5062 1.851984075162619
5063 1.853247752191713
5064 1.855914914348479
5065 1.864418045532587
5066 1.867215620106397
5067 1.871203481099352
5068 1.87619440998317
5069 1.881842820976073
5070 1.893355709885519
5071 1.89560199088609
5072 1.893970561586047
5073 1.893474124282531
5074 1.895582341524466
5075 1.8998099016574
5076 1.90549663996544
5077 1.909379938398439
5078 1.917521557317554
5079 1.922261160960812
5080 1.927393187936344
5081 1.932875536813319
5082 1.937806854456856
5083 1.938160472308195
5084 1.937805165481592
5085 1.93833063051232
5086 1.940732625197708
5087 1.945172615705491
5088 1.949528715773961
5089 1.955380044319613
5090 1.933732410266207
5091 1.921839614641001
5092 1.92271419665603
5093 1.914466935255882
5094 1.913794276192099
5095 1.91744996692539
5096 1.923497799248921
5097 1.919601540135815
5098 1.92258493383704
5099 1.928077842186144
5100 1.933981180350773
5101 1.940000315916333
5102 1.945981091154073
5103 1.941718398990355
5104 1.941836521404645
5105 1.946145867002703
5106 1.946251847612953
5107 1.946871926609128
5108 1.94717060386049
5109 1.947862717327168
5110 1.949406913820527
5111 1.951777888270312
5112 1.954219400710581
5113 1.956980167853562
5114 1.959751875281554
5115 1.962645773620279
5116 1.965552402076581
5117 1.968450892139285
5118 1.971657301749715
5119 1.975014244522404
5120 1.978688277060191
5121 1.982678428358258
5122 1.986996627910729
5123 1.991617622163022
5124 1.996347309300381
5125 2.001190996665545
5126 2.00621168729141
5127 2.011215551609155
5128 2.016312263355272
5129 2.021288035058422
5130 2.026230391293095
5131 2.031103843094887
5132 2.035887426136588
5133 2.040597066518412
5134 2.045128503688968
5135 2.04956193023606
5136 2.053927967896328
5137 2.05824810833533
5138 2.062538349922462
5139 2.066814273335722
5140 2.071085098936572
5141 2.075353479921799
5142 2.079610979838327
5143 2.083837443651431
5144 2.088025727088386
5145 2.092192030756568
5146 2.096340065218857
5147 2.100473065039822
5148 2.104586580642404
5149 2.108684395736966
5150 2.112773423037404
5151 2.116877048696333
5152 2.1209881901562
5153 2.125108291653083
5154 2.129233767406209
5155 2.133369541505444
5156 2.137523265094762
5157 2.141678812070461
5158 2.145820436795476
5159 2.149951250237039
5160 2.154082107959401
5161 2.158201506629043
5162 2.162294011602158
5163 2.166351525232523
5164 2.1703836567903
5165 2.17439931239387
5166 2.17840749608833
5167 2.182423788366142
5168 2.186466629317868
5169 2.190541730967121
5170 2.194656032463108
5171 2.198772601413022
5172 2.202884558778963
5173 2.206999523221962
5174 2.211124139823373
5175 2.215268094955732
5176 2.219443514646287
5177 2.223656425453637
5178 2.227906328195012
5179 2.232194468987688
5180 2.236510212227541
5181 2.240849743642825
5182 2.245217065756745
5183 2.249606399574303
5184 2.254006196155431
5185 2.258402948758452
5186 2.262790512954373
5187 2.267161909303069
5188 2.271534264457328
5189 2.275923272204332
5190 2.280328619627999
5191 2.284754671768609
5192 2.289208395489082
5193 2.29368617550833
5194 2.298186970408915
5195 2.302707298544737
5196 2.307238414911171
5197 2.311768298194686
5198 2.316279018018697
5199 2.320762429880429
5200 2.32520935583021
5201 2.329616387705119
5202 2.333973690586501
5203 2.338289106940898
5204 2.342571547777489
5205 2.346819220817062
5206 2.351014830451986
5207 2.355097628756511
5208 2.359025955158354
5209 2.362871528853106
5210 2.366672559977741
5211 2.370396899736838
5212 2.374082343156656
5213 2.377743129151368
5214 2.381398459476498
5215 2.385023516992112
5216 2.388602376534701
5217 2.392132437307694
5218 2.395597400449983
5219 2.398996861181561
5220 2.402332508370226
5221 2.40558694770502
5222 2.408774153752813
5223 2.411913866443233
5224 2.414990245701992
5225 2.417964798205181
5226 2.420798216144466
5227 2.423478491294136
5228 2.4260391051764
5229 2.428522312998104
5230 2.430962754402386
5231 2.433373474560257
5232 2.435817505903929
5233 2.438295667340753
5234 2.440812940308387
5235 2.443368942116632
5236 2.445958983463956
5237 2.448576865597589
5238 2.451216339246741
5239 2.453900448486194
5240 2.456553444680459
5241 2.459193885752476
5242 2.461879640052891
5243 2.464464002270455
5244 2.467051234082927
5245 2.46967309938538
5246 2.472164540560971
5247 2.474653099818765
5248 2.477077701598137
5249 2.479672820858924
5250 2.482035379264413
5251 2.484379550368681
5252 2.486782489951011
5253 2.489173727695609
5254 2.491505463050053
5255 2.493880497096474
5256 2.496122729212729
5257 2.498543527292768
5258 2.500710113376877
5259 2.502917218623525
5260 2.50500964629948
5261 2.507121362493197
5262 2.509164464981566
5263 2.511354006700734
5264 2.513274547718511
5265 2.51519362849389
5266 2.517148967695519
5267 2.51897515934481
5268 2.52081113356715
5269 2.522871571768981
5270 2.524622760706788
5271 2.526386665985237
5272 2.52809335380973
5273 2.529851297129938
5274 2.531641058222336
5275 2.533272299047489
5276 2.534918390441962
5277 2.536660696310067
5278 2.538232637925069
5279 2.539879722008493
5280 2.541416054753221
5281 2.543086327807569
5282 2.544580717177707
5283 2.546059907239564
5284 2.547834409567788
5285 2.549267707189366
5286 2.550688487269971
5287 2.552128834636056
5288 2.553564390023384
5289 2.555108983315556
5290 2.556469346867801
5291 2.557817610752397
5292 2.559333384054263
5293 2.560644568874039
5294 2.56203404615216
5295 2.56331345354362
5296 2.564839780526305
5297 2.56609477558858
5298 2.567348492691541
5299 2.568731129688095
5300 2.569970349020486
5301 2.571203643520312
5302 2.572742361516567
5303 2.573947791006563
5304 2.575147416880618
5305 2.576371475254715
5306 2.577594986682515
5307 2.579036364184393
5308 2.58018825067681
5309 2.581334266637915
5310 2.582547776499103
5311 2.583673371804899
5312 2.585062648696031
5313 2.586162508338484
5314 2.587289281034626
5315 2.588418155573804
5316 2.589494439211952
5317 2.590877325696254
5318 2.591928267202634
5319 2.592975482894366
5320 2.594049296394159
5321 2.595182169471096
5322 2.596235939632204
5323 2.597432472193294
5324 2.598466289211644
5325 2.599504285113343
5326 2.60049188152249
5327 2.601683433738998
5328 2.602652580024465
5329 2.603651633190349
5330 2.604611853916486
5331 2.605881401233971
5332 2.606821072715841
5333 2.607759413472697
5334 2.608726682635053
5335 2.609755811032829
5336 2.610709421461514
5337 2.611810792089733
5338 2.612751998601814
5339 2.613699293168648
5340 2.614630235424471
5341 2.615580519975142
5342 2.616542122545922
5343 2.61760504475111
5344 2.618508415506719
5345 2.619375812689708
5346 2.620372865089745
5347 2.621228277017972
5348 2.622114010536659
5349 2.623245973963928
5350 2.624082867480526
5351 2.62495237892466
5352 2.625785910296901
5353 2.626749558101292
5354 2.627571576000395
5355 2.628502505882363
5356 2.629316085891551
5357 2.630260085133717
5358 2.631062843762566
5359 2.631897226976075
5360 2.632981273337823
5361 2.633772499801546
5362 2.634599816708165
5363 2.635395704031282
5364 2.636325516429483
5365 2.637115722724859
5366 2.637938368096006
5367 2.638904753462867
5368 2.639717188870583
5369 2.640496109751854
5370 2.641350211575835
5371 2.642203721047389
5372 2.643010910807603
5373 2.643886664011034
5374 2.64468991995158
5375 2.645459803009778
5376 2.646549222707083
5377 2.64730920052089
5378 2.648105089043488
5379 2.648867896203224
5380 2.649707059134268
5381 2.650523388093992
5382 2.651308276580185
5383 2.652181418556954
5384 2.652960405965409
5385 2.653706802889969
5386 2.654589335759581
5387 2.655333071912157
5388 2.656186980097128
5389 2.656965621453851
5390 2.657733697399314
5391 2.658530356096998
5392 2.659346709589296
5393 2.660168134163608
5394 2.660944251044974
5395 2.661792536063084
5396 2.66256955736347
5397 2.663315054416558
5398 2.664277345640278
5399 2.665015980880681
5400 2.665790771165148
5401 2.666532504356704
5402 2.667410682874076
5403 2.668147460639138
5404 2.668998876523147
5405 2.669809606439744
5406 2.67054088716512
5407 2.671365875572741
5408 2.672094449493513
5409 2.672981139601341
5410 2.673703573843708
5411 2.674504193709362
5412 2.675284363910905
5413 2.6760360132912
5414 2.676831148444025
5415 2.677627297571474
5416 2.678372688615511
5417 2.67918765537729
5418 2.679926531682181
5419 2.680630817180613
5420 2.681471912154262
5421 2.68216898326503
5422 2.682899737018373
5423 2.683815078941248
5424 2.68450402185633
5425 2.685229904365253
5426 2.68592219792568
5427 2.686752862102499
5428 2.687439685513575
5429 2.688160925115311
5430 2.689068022098842
5431 2.68974792012772
5432 2.69046558246514
5433 2.691228635583483
5434 2.691910861161325
5435 2.692688715095637
5436 2.693368329663285
5437 2.694126086588971
5438 2.694979528895563
5439 2.69564970426954
5440 2.696400705449915
5441 2.697070175281137
5442 2.697773130376887
5443 2.698579714596134
5444 2.699240267234364
5445 2.699935282628387
5446 2.700735667351827
5447 2.701390691156389
5448 2.702080805135875
5449 2.702814329549113
5450 2.70352677683181
5451 2.704207184471902
5452 2.704930148514822
5453 2.705568205392078
5454 2.706300860857671
5455 2.706965578954649
5456 2.707640557732072
5457 2.708300941114461
5458 2.709067238160275
5459 2.709685110879068
5460 2.710336525339671
5461 2.711030729145115
5462 2.711640340462341
5463 2.712344001971311
5464 2.712978507024896
5465 2.713624349282312
5466 2.714256761820605
5467 2.714951573285754
5468 2.715546421918991
5469 2.716221576910995
5470 2.716846642703078
5471 2.717500112132234
5472 2.718168450146158
5473 2.718787864989066
5474 2.719371515554371
5475 2.720034253609203
5476 2.720645515767303
5477 2.721284192334848
5478 2.72193649765031
5479 2.722504518025882
5480 2.723105758421851
5481 2.723749951074771
5482 2.724308368225208
5483 2.724963550398763
5484 2.725549753647256
5485 2.726146852193666
5486 2.726728592833627
5487 2.727307623206922
5488 2.7278951710193
5489 2.728465332644415
5490 2.72910044263612
5491 2.729633908400527
5492 2.730247840812245
5493 2.730811774727283
5494 2.731340777181532
5495 2.731950098055763
5496 2.732507544189585
5497 2.733028163824872
5498 2.733627709395514
5499 2.734174580076435
5500 2.73468427022727
5501 2.735338063703591
5502 2.735874107025504
5503 2.736371943213346
5504 2.736900313887943
5505 2.737470882231055
5506 2.737954303278789
5507 2.738470265071114
5508 2.739025805510314
5509 2.739491832234458
5510 2.739989904517356
5511 2.740531735002977
5512 2.740987983366449
5513 2.74147886266118
5514 2.742015171158639
5515 2.742466597297566
5516 2.742953507759006
5517 2.743486133500933
5518 2.743933616708826
5519 2.744415583860974
5520 2.744942640148005
5521 2.745383979382648
5522 2.745859445648569
5523 2.746379721536107
5524 2.746813915597668
5525 2.747282392902928
5526 2.747796250839342
5527 2.748224398588078
5528 2.748686981803647
5529 2.749196264058334
5530 2.749619632985994
5531 2.750076386071215
5532 2.750577942033726
5533 2.750993402186516
5534 2.751443521749594
5535 2.751939451095465
5536 2.752349717846739
5537 2.75279474450263
5538 2.753285441003295
5539 2.753725227139043
5540 2.754130224112227
5541 2.75461794712892
5542 2.755054321443184
5543 2.755456972831935
5544 2.756016866735712
5545 2.756463379018563
5546 2.756878908145437
5547 2.757378732371553
5548 2.75782720049558
5549 2.758274717672852
5550 2.758733630153796
5551 2.759175691912836
5552 2.759614812307272
5553 2.760099326274247
5554 2.760497086148327
5555 2.760929294482264
5556 2.761406790051881
5557 2.76179748153274
5558 2.762271365878899
5559 2.762694029959706
5560 2.763116636643569
5561 2.763551985181349
5562 2.763971816647667
5563 2.764390465000757
5564 2.764924155616184
5565 2.765304881498015
5566 2.765723759016346
5567 2.766190550761381
5568 2.766571219691726
5569 2.766987129560119
5570 2.767449046402134
5571 2.767859080841255
5572 2.768232956840057
5573 2.768756133977408
5574 2.769158663920318
5575 2.769562230173118
5576 2.76997936118949
5577 2.770380819753889
5578 2.770780241360655
5579 2.771225858456425
5580 2.771583785073915
5581 2.7720248099483
5582 2.772413183572365
5583 2.772800245861756
5584 2.773301117615366
5585 2.773645171624735
5586 2.774024960205393
5587 2.774451057121273
5588 2.774789238871868
5589 2.775162022312213
5590 2.775580344822635
5591 2.775945980728348
5592 2.776427243758704
5593 2.77675350605169
5594 2.777117399374903
5595 2.777528892776976
5596 2.777888804821242
5597 2.778213028380545
5598 2.778620474514468
5599 2.778975100286319
5600 2.779445456092324
5601 2.779760606992188
5602 2.780113738640821
5603 2.780515086473979
5604 2.780865197240549
5605 2.781215312479324
5606 2.781681252053742
5607 2.781991359376994
5608 2.782338259613085
5609 2.782732083694503
5610 2.78307334705991
5611 2.783413556497149
5612 2.783869022690016
5613 2.784168066283698
5614 2.78450339323624
5615 2.784885574382162
5616 2.785215033940744
5617 2.785543385032477
5618 2.785987201088457
5619 2.786274446236876
5620 2.786598624962777
5621 2.786970354150282
5622 2.787289990220521
5623 2.787726206029356
5624 2.788010986773245
5625 2.788338416515139
5626 2.788717020743886
5627 2.789045303950788
5628 2.789423478350397
5629 2.789750532303143
5630 2.790146068485407
5631 2.790519930376227
5632 2.790806993950748
5633 2.791128676990559
5634 2.791562672767282
5635 2.791869270084203
5636 2.792168852369894
5637 2.792506557220492
5638 2.792780490352988
5639 2.79316347199241
5640 2.793384149371452
5641 2.793638794803604
5642 2.793938985594876
5643 2.794185359571086
5644 2.794548634569434
5645 2.794790540708596
5646 2.795034819694879
5647 2.795329271975835
5648 2.795574009467683
5649 2.79594064529433
5650 2.796153420091075
5651 2.796406962321988
5652 2.796712095460426
5653 2.796968511589633
5654 2.797345368772057
5655 2.797603686350088
5656 2.797866405167893
5657 2.798180808859967
5658 2.79844574138312
5659 2.798830026561435
5660 2.799094529467107
5661 2.799361724057007
5662 2.799678669139096
5663 2.799944289141018
5664 2.800327355296404
5665 2.800588942748998
5666 2.800851695997317
5667 2.801162822506777
5668 2.801421585820782
5669 2.801728285570679
5670 2.801982562211637
5671 2.802353606534167
5672 2.80260286202332
5673 2.802853197054456
5674 2.803142437304102
5675 2.803370254520974
5676 2.803641502169467
5677 2.803858642131813
5678 2.80419207538786
5679 2.804403688808952
5680 2.804616721896711
5681 2.80487869344962
5682 2.805089342081351
5683 2.805349080302014
5684 2.805558438040317
5685 2.805817560900656
5686 2.806025941211932
5687 2.80628363418889
5688 2.80648713760881
5689 2.806805532256934
5690 2.807001447424146
5691 2.807198035246736
5692 2.80744298809343
5693 2.807636647592711
5694 2.807878845517273
5695 2.808069976131265
5696 2.808309954759619
5697 2.80849936762832
5698 2.808738016401745
5699 2.808926242636217
5700 2.809163686055959
5701 2.809351246055879
5702 2.809588380215779
5703 2.809775397310483
5704 2.81001130129828
5705 2.81019698334442
5706 2.810431625898286
5707 2.810615970756419
5708 2.810848583969145
5709 2.811030237801244
5710 2.811260031784446
5711 2.811439098623973
5712 2.811666433238009
5713 2.811843049730991
5714 2.812068739467632
5715 2.812249156864812
5716 2.812480411137926
5717 2.812661914587725
5718 2.812891680526338
5719 2.81307076838026
5720 2.813297876579572
5721 2.813474276849528
5722 2.813698555864178
5723 2.813871965858744
5724 2.81409302473123
5725 2.814263008936932
5726 2.814480444324874
5727 2.81464662108948
5728 2.814859752894676
5729 2.815021359743257
5730 2.815229982297837
5731 2.815386829203943
5732 2.815590685064397
5733 2.815743148230419
5734 2.815943010127021
5735 2.816091616882184
5736 2.816287762332428
5737 2.816432772565988
5738 2.816625390080191
5739 2.816766949251181
5740 2.816956103946439
5741 2.817094231336891
5742 2.817279947190846
5743 2.817414724038494
5744 2.817597093503305
5745 2.817728522421565
5746 2.817907538918817
5747 2.818035653072097
5748 2.818211365810061
5749 2.818336189700238
5750 2.818460084768895
5751 2.818629911444006
5752 2.818748105636336
5753 2.818913692098457
5754 2.819028767897747
5755 2.819192067661738
5756 2.81930517954001
5757 2.81946666005285
5758 2.819577841946232
5759 2.81973705975533
5760 2.81984567086784
5761 2.820002149445377
5762 2.820108002640373
5763 2.82026155440155
5764 2.820364230524942
5765 2.820514494478073
5766 2.820613880123712
5767 2.820760942274547
5768 2.820857367893695
5769 2.820953025528855
5770 2.821094994415808
5771 2.821185434901919
5772 2.821323382021605
5773 2.821410935001343
5774 2.821546869431632
5775 2.821632792081952
5776 2.821767195823312
5777 2.821851495090707
5778 2.821984079629688
5779 2.822066341305579
5780 2.822196702791778
5781 2.82227649117399
5782 2.822404193447677
5783 2.822481314492427
5784 2.822606415675823
5785 2.822681006400761
5786 2.822803629693331
5787 2.82287579748885
5788 2.822996041835707
5789 2.823065879909576
5790 2.823183833890751
5791 2.823251415976018
5792 2.823366866699069
5793 2.823431840854651
5794 2.823544846357001
5795 2.823607498451319
5796 2.823718288025564
5797 2.823778815224065
5798 2.823887579932422
5799 2.823946142448195
5800 2.824052964319291
5801 2.824109606855874
5802 2.824214514242679
5803 2.824269260152742
5804 2.824372303691132
5805 2.824425231954404
5806 2.824526493555071
5807 2.824577673464939
5808 2.824677204600293
5809 2.824726670863837
5810 2.824824495426807
5811 2.824872242723084
5812 2.824968382540314
5813 2.825014313375628
5814 2.825108850563355
5815 2.825153107720124
5816 2.825246130128156
5817 2.825288721706221
5818 2.825379940932985
5819 2.82542063592322
5820 2.825510160687742
5821 2.82554917162348
5822 2.825637070416863
5823 2.825674564408837
5824 2.825760896864189
5825 2.825796986237828
5826 2.825881834961684
5827 2.825916586536118
5828 2.826000014959979
5829 2.826033460148333
5830 2.826115518366374
5831 2.826147681197333
5832 2.826228426793814
5833 2.826259334756096
5834 2.826338817817328
5835 2.826368493815674
5836 2.826446749777422
5837 2.826475217293477
5838 2.826552277770715
5839 2.82657956120892
5840 2.826655453890311
5841 2.826681579206961
5842 2.826756330043163
5843 2.826781321093697
5844 2.826854952868412
5845 2.8268788329471
5846 2.826951371558226
5847 2.826974167809303
5848 2.827045641069126
