"report-def-0-rfile"
"Iteration" "exit_pressure"
("Iteration" "exit_pressure")
2001 15170.53941918147
2002 15907.20072512694
2003 16101.69960221973
2004 16110.85510858915
2005 16117.56220966829
2006 16337.75086689023
2007 16322.94133896867
2008 16289.20554426669
2009 16506.78285351576
2010 16447.76990117173
2011 16376.5674344761
2012 16297.45858650458
2013 16227.16707248918
2014 16201.00516202074
2015 16204.14730584
2016 16534.02593633797
2017 16529.47589720485
2018 16524.43046053054
2019 16520.60445101253
2020 16516.89997708323
2021 16512.26522331548
2022 16505.3296974024
2023 16499.17372417409
2024 16493.92032783155
2025 16488.91920644444
2026 16485.24368481739
2027 16482.1880193389
2028 16885.42761743187
2029 16886.77171451362
2030 16885.35479395402
2031 16883.24634723984
2032 16880.57401351132
2033 16878.47258314725
2034 16877.54805750758
2035 16878.05572739521
2036 16878.39748462241
2037 16874.72515709246
2038 16872.56087749836
2039 16872.80580681825
2040 16874.99412274962
2041 16879.32914949168
2042 16885.63621589031
2043 16893.71201236971
2044 16903.49191116745
2045 16914.11141588927
2046 16925.79509369392
2047 16939.45631682625
2048 16954.36851248003
2049 16969.48387696859
2050 16984.23920617609
2051 16998.36698264645
2052 17011.93628347372
2053 17025.3072901115
2054 17544.72120653941
2055 17557.92181962567
2056 17566.93122659058
2057 17569.3998521818
2058 17568.79521772599
2059 17567.09742782138
2060 17566.86587491331
2061 17568.18788176586
2062 17571.2540827169
2063 17574.88550998889
2064 17578.00019986041
2065 17580.32497169041
2066 17585.51499251801
2067 17594.49127819787
2068 17605.06012710269
2069 17616.07420221951
2070 17628.9708125115
2071 17643.43247769928
2072 17659.0710873754
2073 17675.50167980798
2074 17692.33274159498
2075 17709.91527551818
2076 17728.24710401426
2077 17747.40563475832
2078 17767.44309306607
2079 17788.40058714244
2080 17809.60681010782
2081 17831.96117660484
2082 17854.96550515079
2083 17877.65201031044
2084 17899.87616735559
2085 17921.95147727355
2086 17943.7204995021
2087 17964.60004691097
2088 18579.90454495209
2089 18595.63676630642
2090 18595.26533770686
2091 18584.59241365181
2092 18570.76282579107
2093 18558.02599862354
2094 18549.50342989853
2095 18544.60832214533
2096 18541.76936404146
2097 18540.14636381287
2098 18541.15510765645
2099 18544.95456379658
2100 18551.48389765709
2101 18560.10106691921
2102 18570.79719993294
2103 18581.29133443988
2104 18591.88828389663
2105 18602.84622070449
2106 18614.65517137172
2107 18627.28646000478
2108 18641.06196315446
2109 18656.19772361999
2110 18672.61222827
2111 18690.04861001315
2112 18708.34004585919
2113 18727.15465172052
2114 18746.40630106287
2115 18766.25812715038
2116 18787.0440870173
2117 18808.36476333432
2118 18829.98917902588
2119 18851.93704904408
2120 18874.34437186842
2121 18897.24915399709
2122 18919.82157309644
2123 18941.40031104143
2124 18962.7415799523
2125 18984.49007304462
2126 19006.83426422946
2127 19029.65111268609
2128 19052.6083489315
2129 19075.22823163127
2130 19097.12125129399
2131 19118.10636980243
2132 19138.65976719507
2133 19159.21031965927
2134 19179.94030443721
2135 19200.83577644034
2136 19221.56207058603
2137 19242.16970372481
2138 19262.7485530825
2139 19283.25975989782
2140 19303.64583579613
2141 19324.21832369283
2142 19345.21117244546
2143 19366.32856751604
2144 20478.14387602069
2145 20503.72192804374
2146 20524.2330015916
2147 20536.66713236073
2148 20553.58576695278
2149 20577.18596450359
2150 20603.41709338342
2151 20632.89007082743
2152 20666.64548817746
2153 20702.89908076946
2154 20740.25858020784
2155 20774.0655016521
2156 20803.81890352703
2157 20833.16512310415
2158 20862.87352481411
2159 20893.54065713318
2160 20924.71595307535
2161 20956.99468356526
2162 20990.64904152305
2163 21026.28339924016
2164 21063.93890482287
2165 21103.22791091396
2166 21135.20809201073
2167 25035.18583279541
2168 25170.89426749362
2169 25276.87264599398
2170 25068.0530439679
2171 24737.0588686562
2172 24385.5172492296
2173 23950.74994034616
2174 23486.79759952505
2175 23146.94975510982
2176 23228.69750059272
2177 23469.20218808638
2178 23771.61552531946
2179 24092.65521301643
2180 24404.17916051426
2181 24385.75085204011
2182 24628.2952615936
2183 24858.05275659797
2184 25067.31857140517
2185 25261.17842562344
2186 25449.91574805895
2187 25647.80710701354
2188 25871.29283772291
2189 29210.4968921855
2190 29468.35429391077
2191 29797.32648714625
2192 30119.33970609949
2193 30407.18306975802
2194 30684.90613244606
2195 30715.26122407425
2196 31024.51584458111
2197 31395.54234941726
2198 31695.06500264612
2199 31953.95548601713
2200 32178.41202457168
2201 32370.89983905334
2202 32531.16867654318
2203 32695.43966611728
2204 32826.14797040093
2205 32914.04826483841
2206 32986.52413762308
2207 33052.87229533594
2208 33121.78984204326
2209 33170.80756289911
2210 33187.65441052282
2211 33152.04364715553
2212 33079.0086857468
2213 32985.23658353078
2214 32891.51869061177
2215 32805.27517082619
2216 32773.10385293277
2217 32742.87103178882
2218 32787.38269075113
2219 32893.07698393638
2220 33031.93899195332
2221 33202.21357795162
2222 33387.41941834398
2223 33575.27129893454
2224 33758.35083035116
2225 33933.81391764172
2226 34097.30363644982
2227 34248.88195757219
2228 34391.19026656546
2229 34525.68229074683
2230 34611.00913860121
2231 34732.01671257713
2232 34879.18553604915
2233 35023.43428274403
2234 35166.79865779578
2235 35302.33684437974
2236 35431.44906698875
2237 35554.6309241639
2238 35671.69315724993
2239 35813.79217617763
2240 35952.04149918562
2241 36086.06833408801
2242 36215.20031806424
2243 36337.97670099192
2244 36454.89800285571
2245 36565.89244338749
2246 36670.48544672884
2247 36794.63964775765
2248 36912.62220683322
2249 37022.95326592592
2250 37124.98896623868
2251 37220.94360312546
2252 37311.00731767413
2253 37367.96777760658
2254 37415.52349840655
2255 37453.9974640029
2256 37519.13921016582
2257 37575.75060196555
2258 37637.83700405207
2259 37698.45426793613
2260 37753.43259029865
2261 37819.82111425162
2262 37881.45389083483
2263 37941.80142478104
2264 37997.92721775098
2265 38050.44370713257
2266 38115.66229694676
2267 38175.18894865866
2268 38229.00658354927
2269 38276.6057823858
2270 38298.28643985309
2271 38348.71254779359
2272 38388.77223137936
2273 38426.79467088346
2274 38458.51301457721
2275 38467.4378188453
2276 38503.32783771842
2277 38525.43631699924
2278 38551.01223872689
2279 38572.92557561671
2280 38602.02317025842
2281 38625.78857220819
2282 38645.67691670357
2283 38671.69482491912
2284 38691.45202319803
2285 38713.63444469269
2286 38731.65099720693
2287 38749.73441403823
2288 38763.72483824494
2289 38774.15370413953
2290 38779.20070970924
2291 38785.00304809921
2292 38789.99958211002
2293 38792.21962648027
2294 38791.70181273955
2295 38788.92695198659
2296 38783.9479688812
2297 38776.91002755393
2298 38767.99204635248
2299 38757.34012725419
2300 38745.06005531824
2301 38731.21391442329
2302 38715.7970169882
2303 38698.24910515713
2304 38679.05669219125
2305 38660.3574619041
2306 38641.00817831723
2307 38619.2708634669
2308 38596.47302180803
2309 38573.52060934818
2310 38550.88809726063
2311 38529.11482200565
2312 38508.64148535429
2313 38490.15184124951
2314 38474.02814916829
2315 38460.74681805122
2316 38450.76827508994
2317 38443.43490549408
2318 38438.87616061639
2319 38440.94384369825
2320 38450.15501454461
2321 38466.84081804165
2322 38492.76153277023
2323 38530.09263966229
2324 38583.04061020086
2325 38660.65995018031
2326 38754.41469430188
2327 38840.5661309359
2328 38918.34636156755
2329 42525.5460941869
2330 42652.99942182838
2331 42767.03224914047
2332 42886.30159058155
2333 42875.97745404016
2334 42752.96547591643
2335 42570.10247170756
2336 42394.52350962517
2337 42265.08406529832
2338 42204.88618645386
2339 42224.64187341333
2340 42226.29318117557
2341 42219.44311940176
2342 42215.53429208542
2343 42214.60974384058
2344 42229.78329307047
2345 42259.43908478757
2346 42331.00761570629
2347 42456.28425002572
2348 42591.82803837667
2349 42714.1793785769
2350 42827.2324977346
2351 42697.7803730512
2352 42814.97349590103
2353 42686.56892733139
2354 42576.01617096537
2355 42700.01057151833
2356 42593.56865876848
2357 42721.37591707912
2358 42626.57913560815
2359 42526.32001259831
2360 42670.89367414194
2361 42571.89894050664
2362 42477.80596317502
2363 42378.12360244081
2364 42280.99803933941
2365 42475.65934107526
2366 42380.68604181499
2367 45656.09106399246
2368 45637.45298086113
2369 45946.31795186125
2370 45929.12912121831
2371 45902.61431257181
2372 45755.630001998
2373 45552.24491042366
2374 45297.04970495032
2375 45371.83678032566
2376 45578.37786615657
2377 45738.80969364181
2378 45922.89603659618
2379 46140.91866709294
2380 46399.3145021931
2381 46619.05909247295
2382 46811.23208941628
2383 46970.07287104891
2384 47108.40151469832
2385 47239.21949749377
2386 47375.43030513593
2387 47548.00735722465
2388 47709.32343226104
2389 47854.43995914906
2390 47983.25539373288
2391 48090.46595625503
2392 47959.7235193799
2393 47815.89499110778
2394 47913.16062317179
2395 47783.47034423651
2396 47893.61914692614
2397 47783.14332878193
2398 47910.84238733595
2399 47976.92796833056
2400 48084.18099006078
2401 48227.08661743381
2402 48370.35492293526
2403 48515.15352897417
2404 48506.9808559552
2405 48505.29578347714
2406 48771.50178620471
2407 48996.89563051455
2408 52289.58818001833
2409 52475.73776616879
2410 52628.72833727944
2411 52763.43505817017
2412 52883.72253141228
2413 52940.60765586203
2414 52974.00035590937
2415 52984.92798623206
2416 52984.41439395198
2417 52966.84756135065
2418 52965.58825526883
2419 53020.11560572762
2420 53126.06355030396
2421 53281.69043174271
2422 53480.64829020064
2423 53667.74050533241
2424 53837.7187710681
2425 53993.02124049209
2426 54134.2186457462
2427 54260.34996607753
2428 54371.90762855767
2429 54469.89079143988
2430 54555.36846765543
2431 54626.68174300785
2432 54688.44078903451
2433 54742.42060982445
2434 54789.2211343178
2435 54829.43409342282
2436 54863.38503504406
2437 54890.7414922299
2438 54921.21774021564
2439 54968.27498248409
2440 54980.68000339324
2441 54992.87163263412
2442 55006.24095239714
2443 55020.94212343364
2444 55031.48959713154
2445 55043.42283661132
2446 55055.10302675559
2447 55067.68400973815
2448 55082.6393950979
2449 55109.88426599427
2450 55157.49228930601
2451 55179.65817919357
2452 55206.87821364093
2453 55240.16900054459
2454 55280.03912815518
2455 55326.44758782454
2456 55379.94894668749
2457 55441.39648570112
2458 55512.46590738446
2459 55596.12783806244
2460 55696.18136046008
2461 55829.66380128224
2462 56021.66640670658
2463 56201.15152838039
2464 56363.73427483528
2465 56514.83633153392
2466 56656.17775451103
2467 56636.42284914175
2468 56801.65432270728
2469 56785.6686770224
2470 56780.20688880447
2471 56789.39322036097
2472 56957.80953504836
2473 56941.05473383705
2474 60024.11783948918
2475 60073.85619500064
2476 60313.5413379548
2477 60380.66774089205
2478 60675.8130653792
2479 60726.94460945524
2480 60760.50743894321
2481 61035.31456803659
2482 61263.59550393414
2483 61446.32221871406
2484 61574.07638625513
2485 61694.05025154065
2486 61838.09710195251
2487 61996.09275016504
2488 62171.57120633955
2489 62328.83124351744
2490 62481.83607878209
2491 62631.11261790097
2492 62777.74505612558
2493 62919.12749685696
2494 63059.12929709812
2495 63191.55997786023
2496 63322.57140270365
2497 63446.10434148739
2498 63569.64659381245
2499 63687.05193403048
2500 63802.36976663725
2501 63910.98137311594
2502 64019.67623936402
2503 64122.12731174302
2504 64220.55992898432
2505 64315.37657086349
2506 64406.55537975801
2507 64495.54602593362
2508 64582.66294296076
2509 64668.74399489276
2510 64754.13797117553
2511 64839.22624054159
2512 64923.59307888772
2513 65008.61561402313
2514 65092.23620705766
2515 65178.23597631537
2516 65261.25166088734
2517 65347.81384232194
2518 65431.66120394992
2519 65516.97663660182
2520 65599.74966087556
2521 65684.6955710281
2522 65766.57445675296
2523 68361.69320944624
2524 68529.45723180838
2525 68692.85642118724
2526 68858.26087366114
2527 69038.63718442006
2528 69230.77302927608
2529 69430.24885174814
2530 69635.62636221915
2531 69843.21960223638
2532 70050.30789481995
2533 70253.31797314185
2534 70451.95190782458
2535 70640.77950957387
2536 72434.31938419155
2537 72688.05768979472
2538 72958.44057538662
2539 73236.51430071118
2540 73516.88370505066
2541 73786.67108991087
2542 74046.94610045881
2543 74289.66786066101
2544 74518.98702585639
2545 74728.41669309347
2546 74920.88048759173
2547 75098.73502902218
2548 75262.41545727351
2549 75414.19172364341
2550 75553.28882255836
2551 75684.05270464356
2552 76766.57479144474
2553 76965.23586666958
2554 77171.10617627745
2555 77374.85139534877
2556 77570.6577149947
2557 77756.68250865837
2558 77924.22338501728
2559 78079.62077575522
2560 78215.00361614408
2561 78338.07887213973
2562 78444.77155655307
2563 78543.29349142502
2564 78628.79862856337
2565 78710.08710079045
2566 78780.80251686764
2567 78849.26531813099
2568 78908.16377651592
2569 78966.71330854289
2570 79017.42325059664
2571 79068.32310359534
2572 79111.4029924463
2573 79155.94965992142
2574 79194.01595389297
2575 79233.04104301192
2576 79265.59018553165
2577 79300.21181910297
2578 79328.91913721443
2579 79358.60587568807
2580 79382.29218610299
2581 79409.27185725752
2582 79431.60997893427
2583 79456.71488200087
2584 79477.96072743705
2585 79503.96941100449
2586 79526.99034135135
2587 79554.66907646538
2588 79579.49600696571
2589 79609.87854069182
2590 79637.67122075337
2591 79669.53452224891
2592 79698.76495172175
2593 79732.84633894604
2594 79763.70574946103
2595 79798.33055459123
2596 79829.17206159289
2597 79864.11180908457
2598 79895.00323700317
2599 79928.57569268704
2600 79957.53852700112
2601 79989.93234879134
2602 80017.67754152004
2603 80047.09427795278
2604 80072.0171695796
2605 80099.81808594149
2606 80122.75075736658
2607 80148.33784848858
2608 80169.31969000146
2609 80194.23398142662
2610 80215.16975646783
2611 80239.49991456687
2612 80259.89226873546
2613 80285.27209011467
2614 80307.73234373212
2615 80334.21509427935
2616 80358.47842400285
2617 80388.34673566461
2618 80415.62880378032
2619 80448.23529821071
2620 80477.90012734759
2621 80513.14944522372
2622 80545.29703195872
2623 80581.96625175956
2624 80614.44341526456
2625 80651.01639021184
2626 80682.73961310758
2627 80717.09945648836
2628 80745.44858415695
2629 81353.71802664148
2630 81450.92899290321
2631 81559.76277535695
2632 81657.47322452345
2633 81746.57445961198
2634 81817.13246474825
2635 81877.90647878943
2636 81922.3313844381
2637 81962.05322900313
2638 81990.64233521603
2639 82017.73322900757
2640 82036.19249274215
2641 82056.52928375184
2642 82070.60189668353
2643 82086.6829380128
2644 82096.8465394543
2645 82110.60275130834
2646 82119.07233005863
2647 82131.19593832792
2648 82138.01996585887
2649 82149.68628827567
2650 82157.26371938283
2651 82169.87826601385
2652 82178.68754834231
2653 82193.9221105942
2654 82206.3414934538
2655 82224.90623171636
2656 82240.79708459642
2657 82263.71631350975
2658 82283.83526624829
2659 82310.00739903023
2660 82332.65811815947
2661 82361.39328989753
2662 82386.26201271598
2663 82415.96446574695
2664 82441.12753665744
2665 82471.28398645511
2666 82496.47385389484
2667 82525.49570520765
2668 82548.98525008606
2669 82576.68005879255
2670 82598.88674255501
2671 82624.62249002494
2672 82644.91241662414
2673 82669.75942469381
2674 82689.67990147286
2675 82713.81338289031
2676 82733.15868450618
2677 82757.65588678065
2678 82777.71570950098
2679 82802.27684518803
2680 82822.25321860358
2681 82847.42228106465
2682 82867.89488565088
2683 82892.29555417124
2684 82911.6867461467
2685 82935.63490265858
2686 82954.20939061538
2687 82976.14627739576
2688 82992.17427558724
2689 83012.45423244445
2690 83027.55486598988
2691 83046.50745915445
2692 83061.10995280223
2693 83081.47316169702
2694 83098.45026812446
2695 83121.17531282145
2696 83141.24588586364
2697 83168.66018715171
2698 83194.0679267317
2699 83225.85292551982
2700 83255.46266850033
2701 83292.39186237523
2702 83326.45648840112
2703 83365.59430721241
2704 83401.22002947095
2705 83442.38476347925
2706 83479.16839530994
2707 83518.61010273137
2708 83553.59909789111
2709 83592.77090741452
2710 83626.92454582178
2711 83664.14695516198
2712 83696.45800570466
2713 83732.90892924319
2714 83764.52382092517
2715 83798.92982830622
2716 83829.37504309372
2717 83864.33302402931
2718 83895.12749615121
2719 83929.85468467799
2720 83960.84948272875
2721 83996.98652004791
2722 84029.52147690739
2723 84065.19257549456
2724 84097.98607901197
2725 84135.06709466476
2726 84167.72490782019
2727 84203.77185001811
2728 84234.64430853984
2729 84268.13009426696
2730 84295.5143614004
2731 84324.30156886208
2732 84346.14382574616
2733 84369.61345993748
2734 84386.4839793205
2735 84404.82878244767
2736 84417.18016491494
2737 84432.50590466088
2738 84442.95664833956
2739 84456.20527751284
2740 84869.95020042712
2741 84937.68788141686
2742 85010.34653250563
2743 85086.60664479979
2744 85154.36795844596
2745 85221.42508603349
2746 85279.5655199935
2747 85336.70319845671
2748 85387.55504116819
2749 85440.96066987692
2750 85489.84736731325
2751 85540.3841576569
2752 85588.52905458001
2753 85640.26705513868
2754 85688.02107291718
2755 85738.85088111171
2756 85785.60327701765
2757 85835.2421022752
2758 85880.34907607349
2759 85927.69276925313
2760 85970.1443763728
2761 86015.22619119418
2762 86055.80426118766
2763 86098.42077673569
2764 86136.4522661029
2765 86177.01512172871
2766 86213.04318145778
2767 86250.64223493017
2768 86283.68515848588
2769 86319.48255311168
2770 86351.02554579836
2771 86382.15725114022
2772 86410.90443194727
2773 86440.72762935955
2774 86465.44567803785
2775 86492.1569283884
2776 86513.93551284463
2777 86535.11002858229
2778 86551.95151716193
2779 86569.82575115831
2780 86581.6297929767
2781 86594.94814533126
2782 86602.89291807932
2783 86612.57188233655
2784 86616.88185756121
2785 86624.46853436071
2786 86628.50312995768
2787 86635.31022938006
2788 86639.80614163847
2789 86649.16616054307
2790 86656.27700754924
2791 86668.54283996207
2792 86678.18764783657
2793 86693.46961390521
2794 86706.70122445794
2795 86724.85145710803
2796 86740.14863614821
2797 86760.87248855142
2798 86778.94705399461
2799 86800.2429951181
2800 86819.07546314172
2801 86842.27260846135
2802 86862.05526673191
2803 86885.93617444487
2804 86906.19689762138
2805 86930.66050127521
2806 86951.17716863581
2807 86974.62415532673
2808 86993.31351169206
2809 87015.42625902656
2810 87032.86516452818
2811 87051.52307296975
2812 87066.02370788307
2813 87083.12529142424
2814 87094.8783368532
2815 87108.87550450953
2816 87117.11856456987
2817 87127.72527599256
2818 87132.70549743109
2819 87139.65631980907
2820 87136.84799677288
2821 87137.40895751597
2822 87132.95411194435
2823 87131.40459202885
2824 87124.57094676296
2825 87121.90919699922
2826 87115.26142194319
2827 87111.24042215067
2828 87104.18738306963
2829 87101.96084185658
2830 87096.2233141123
2831 87096.32453264715
2832 87093.58768018652
2833 87097.42494451563
2834 87098.86649670776
2835 87107.63219328233
2836 87114.401977163
2837 87128.67731864793
2838 87140.60412814119
2839 87160.15697825848
2840 87177.30605977032
2841 87201.40095952994
2842 87222.46786293386
2843 87250.16243554706
2844 87274.0918047529
2845 87303.43477485864
2846 87328.38368769131
2847 87358.72678337969
2848 87384.04367912019
2849 87413.71288164343
2850 87438.28282941233
2851 87467.64965520542
2852 87491.66774887216
2853 87520.37667529077
2854 87543.57929091122
2855 87571.55920569273
2856 87593.68666435764
2857 87619.98885307591
2858 87639.7623073666
2859 87663.44019833977
2860 87679.84386821833
2861 87699.16405448969
2862 87710.30530236417
2863 87724.05082647485
2864 87728.91142317983
2865 87735.87142715824
2866 87733.50991441647
2867 87733.36064792362
2868 87723.62749478158
2869 87716.36501131648
2870 87699.93827687751
2871 87686.80235650453
2872 87665.36546233486
2873 87648.22557244977
2874 87624.20753692694
2875 87605.50733863097
2876 87581.69217978808
2877 87564.06815305854
2878 87542.99483799488
2879 87528.57417507096
2880 87512.09571817775
2881 87502.26130967327
2882 87491.24809722358
2883 87486.40870304989
2884 87480.80141626822
2885 87480.41977550446
2886 87479.06126170834
2887 87481.80195437152
2888 87483.44083938785
2889 87488.19082904479
2890 87491.61467684325
2891 87497.33356011873
2892 87501.63692792086
2893 87507.65145990149
2894 87512.20046439454
2895 87518.17856540422
2896 87523.04226128307
2897 87529.48857227313
2898 87535.36773484902
2899 87543.19344075571
2900 87551.00364148477
2901 87561.14523127668
2902 87571.78878425858
2903 87585.02171635108
2904 87598.9342372885
2905 87615.38390414744
2906 87632.3589196291
2907 87651.4880264737
2908 87932.33229469741
2909 87984.49884781415
2910 88041.30145716146
2911 88096.19283310842
2912 88143.8949212977
2913 88185.31849806382
2914 88219.06190125924
2915 88247.63449432411
2916 88270.20254637704
2917 88289.21617651943
2918 88303.68245690463
2919 88315.75634515581
2920 88324.40045535233
2921 88331.50782989452
2922 88336.15972077231
2923 88340.12128289732
2924 88342.54791746792
2925 88344.99839273019
2926 88346.73019614155
2927 88349.09147769951
2928 88351.45138977988
2929 88354.98302349303
2930 88359.16990600259
2931 88364.975770245
2932 88371.9517579774
2933 88380.82727127208
2934 88391.14925944478
2935 88403.41124096824
2936 88417.0782209756
2937 88432.41457743943
2938 88448.88135080662
2939 88466.63287758002
2940 88485.03879671486
2941 88504.15026657897
2942 88523.35384312681
2943 88542.7265805607
2944 88561.76200420644
2945 88580.55749746862
2946 88598.59160448155
2947 88615.97969916207
2948 88632.38313248497
2949 88648.05794430613
2950 88662.81979931914
2951 88677.01755575709
2952 88690.54948941435
2953 88703.78193117384
2954 88716.62482276263
2955 88729.40134528153
2956 88742.03667766292
2957 88754.77863333643
2958 88767.44967920287
2959 88780.23253624239
2960 88792.96832022605
2961 88805.8493484027
2962 88818.76012652281
2963 88831.92141561638
2964 88845.08775265054
2965 88858.35655269538
2966 88871.50561009775
2967 88884.65053625018
2968 88897.74720163502
2969 88910.98141976215
2970 88924.34726333916
2971 88938.07033244659
2972 88952.12415474233
2973 88966.65672629542
2974 88981.59966445481
2975 88997.0164256455
2976 89012.78735362868
2977 89028.88469161442
2978 89045.00895480534
2979 89061.27777201467
2980 89077.55784881988
2981 89093.701372847
2982 89109.46735359458
2983 89124.77997579155
2984 89139.64620455491
2985 89153.9910447945
2986 89167.82540043443
2987 89181.19056761819
2988 89194.24269226805
2989 89207.20844667383
2990 89220.25714747977
2991 89233.61169208988
2992 89247.44899097249
2993 89261.95706224415
2994 89277.25302057617
2995 89293.41326929131
2996 89310.43107046132
2997 89328.30520375392
2998 89346.97949699234
2999 89366.20322080089
3000 89385.61750315824
3001 89405.00008683236
3002 61484.19099217458
3003 62640.27044245995
3004 63355.12629543537
3005 63380.03160456209
3006 63383.50679850773
3007 63561.89981220927
3008 63411.19306224548
3009 63173.890186674
3010 62828.9878772487
3011 62400.4858156875
3012 61413.84280629217
3013 60453.07026283936
3014 59735.25467479392
3015 59237.90068243168
3016 58860.80722096976
3017 58536.40758297989
3018 58256.38601459715
3019 58005.47519923568
3020 57780.92152726155
3021 57578.65170654423
3022 57394.78193414981
3023 57227.92223806341
3024 57075.94771869976
3025 56937.51205669433
3026 56811.06463261323
3027 56687.86039731408
3028 56570.75481535923
3029 56473.95090428119
3030 56400.01081034101
3031 56357.53244762551
3032 56357.84630373374
3033 56376.6057047796
3034 56385.54554901878
3035 56384.61169555088
3036 56378.91540546319
3037 56369.94888892319
3038 56355.79767390313
3039 56336.30132733357
3040 56313.44279582641
3041 56289.53577034701
3042 56266.61039924927
3043 56241.71241855906
3044 56215.81779907093
3045 56192.91716443007
3046 56178.18322966235
3047 56173.95283628125
3048 56181.05113766954
3049 56166.03106193957
3050 56191.08693391809
3051 56221.51820512827
3052 56257.21999359784
3053 56297.13813875319
3054 56340.46066206034
3055 56383.33958580084
3056 56295.81846437102
3057 56337.52384667715
3058 56385.36253338571
3059 56438.69344619353
3060 56496.86028337364
3061 56559.24313513018
3062 56625.8697526644
3063 56696.60508382949
3064 56772.59839382611
3065 56855.37190160493
3066 56943.43109331001
3067 57034.41907952066
3068 57127.76295869536
3069 57222.04362693786
3070 57316.28308335886
3071 57410.77355076735
3072 57506.33533864521
3073 57603.1390749187
3074 57701.37227008128
3075 57800.98547938601
3076 57901.63339404247
3077 58002.46718466179
3078 58102.93069493036
3079 58202.2885295228
3080 58299.26809234182
3081 58393.31616788665
3082 58483.80686454254
3083 58570.05402260824
3084 58651.39489076078
3085 58727.54652948595
3086 58798.1299552449
3087 58863.01288567841
3088 58922.39458062465
3089 58975.61875891662
3090 59022.16027637872
3091 59062.38392448557
3092 59095.67737553449
3093 59120.31684992766
3094 59136.57600004734
3095 59145.22370642726
3096 59146.47733160086
3097 59140.24534509401
3098 59126.28494796821
3099 59104.84183100223
3100 59076.14533545933
3101 59040.5791474611
3102 58998.66978926713
3103 58951.13442994611
3104 58898.75449868198
3105 58842.70700813225
3106 58784.02416779155
3107 58723.56582279285
3108 58662.2494868772
3109 58600.90235425266
3110 58540.13822701878
3111 58480.52098181696
3112 58422.59294913988
3113 58366.54863646016
3114 58312.56335653629
3115 58260.71122120086
3116 58211.41981479305
3117 58160.86416087655
3118 58110.42751330607
3119 58061.24678463485
3120 58014.34823768958
3121 57969.57345725881
3122 57740.52450343507
3123 57699.85325152979
3124 57666.24480887182
3125 57639.4244472791
3126 57452.04488623815
3127 57366.09657564177
3128 57291.16699343827
3129 57229.05552384022
3130 56970.84539608128
3131 56947.31077864626
3132 56933.24303497402
3133 56925.68624915723
3134 56850.59145266181
3135 56855.13247062077
3136 56862.25331595302
3137 56871.414300476
3138 56880.29009142717
3139 56885.50433511045
3140 56788.36614733203
3141 56736.47521886363
3142 56709.64949236879
3143 56692.15302402896
3144 56670.02734195275
3145 56631.85539854864
3146 56556.13322061548
3147 56441.95291220757
3148 56291.09682250292
3149 56132.76632060725
3150 55998.30826331888
3151 55720.29151729971
3152 55525.7804972385
3153 55221.3814976091
3154 55069.26854651117
3155 54910.66442286514
3156 54785.5372555898
3157 54663.28116274902
3158 54561.08878368368
3159 54474.78238582672
3160 54392.71683963216
3161 54298.61089979661
3162 54178.82364072489
3163 54031.53960539015
3164 53864.72952677431
3165 53692.79327019418
3166 53538.90446737672
3167 53413.36416068126
3168 53313.2016694395
3169 53229.57945325539
3170 53113.30042718264
3171 53030.62241334549
3172 52979.62675119728
3173 52927.74214450805
3174 52879.82723506969
3175 52854.11842757335
3176 52844.43193858529
3177 52852.91658370933
3178 52848.05844278034
3179 52799.94621245707
3180 52667.79779032469
3181 52474.53843488914
3182 52236.01721338392
3183 51979.07205794607
3184 51693.24360385737
3185 51299.40080034133
3186 51078.9110715449
3187 50872.26789137439
3188 50686.90322492296
3189 50517.18112350636
3190 50356.29783259446
3191 50196.0034615799
3192 50035.54595028458
3193 49854.3374937893
3194 49650.61604109027
3195 49428.37451129046
3196 49193.8726721458
3197 48955.39355178975
3198 48716.85720594692
3199 48480.03520602328
3200 48245.93970210892
3201 47991.74856023429
3202 47745.75602718846
3203 47538.22464944111
3204 47342.38196741057
3205 47157.61126726511
3206 46979.05392894708
3207 46800.32747668949
3208 46615.01909243848
3209 46421.65021678763
3210 46218.56199078793
3211 46011.02719763023
3212 45802.92315253502
3213 45597.91241043288
3214 45397.1811828557
3215 45201.13062000972
3216 45010.11135361344
3217 44822.92201746614
3218 44638.93148587082
3219 44459.12479377975
3220 44288.96439767942
3221 44128.51545864307
3222 43976.2959293293
3223 43829.07830110371
3224 43683.76952206209
3225 43537.99456621415
3226 43390.25878295201
3227 43239.06581520181
3228 43080.25574905097
3229 42913.28216089791
3230 42740.9586047596
3231 42565.17265049418
3232 42389.09319970808
3233 42215.3782100892
3234 42044.81010071072
3235 41880.42567261052
3236 41722.6536029702
3237 41572.52001444146
3238 41429.59937151799
3239 41291.96919185622
3240 41158.88247698758
3241 41030.87350054615
3242 40907.0432236446
3243 40786.53601997707
3244 40668.95639730928
3245 40554.36479874935
3246 40441.66267498312
3247 40331.16353966753
3248 40223.41814599876
3249 40120.692037951
3250 40022.74911558892
3251 39929.50317766803
3252 39840.55281496042
3253 39755.75254625698
3254 39674.44647205253
3255 39598.3412559022
3256 39528.26138744466
3257 39463.8667871701
3258 39404.44352547169
3259 39349.76878768531
3260 39298.97555427113
3261 39251.4529231139
3262 39206.87987149938
3263 39165.12385599325
3264 39126.01309884829
3265 39088.95562428128
3266 39054.2475378103
3267 39022.2640489631
3268 38992.86281088196
3269 38965.57610844661
3270 38940.46948034225
3271 38917.27498095554
3272 38895.78709247128
3273 38875.97987017094
3274 38857.71880358987
3275 38840.99571095636
3276 38825.82958119849
3277 38812.24616044148
3278 38800.28856845121
3279 38789.94157997089
3280 38781.00854768953
3281 38773.39272271332
3282 38767.40460305975
3283 38763.40365128019
3284 38761.25771660169
3285 38760.61405172964
3286 38761.03077442478
3287 38762.22492740319
3288 38764.14972180112
3289 38767.0250451625
3290 38770.74620449894
3291 38772.70840359467
3292 38772.36396565963
3293 38767.32836157033
3294 38754.9087449533
3295 38739.63677294535
3296 38733.10669576034
3297 38688.55401319684
3298 38705.77494685182
3299 38734.43432917711
3300 38766.11929873696
3301 38800.47986309866
3302 38852.82903774258
3303 38924.9305884612
3304 38978.69165152673
3305 39004.1342288283
3306 38907.8317744184
3307 38875.45012749022
3308 38831.32596371623
3309 38789.17563096585
3310 38771.72438322075
3311 38775.12902970317
3312 38792.33019600411
3313 38820.43975651391
3314 38864.8363410548
3315 38934.14658226407
3316 39036.21987320785
3317 39161.63645424467
3318 39296.82173091739
3319 39426.50167202581
3320 39516.54793919327
3321 39547.81553033669
3322 39490.63284292446
3323 39381.02852358501
3324 39263.77475023903
3325 39190.81471313411
3326 39116.73889649413
3327 39067.43420809072
3328 39053.77021136312
3329 39081.30139600053
3330 39134.04475277955
3331 39197.55215621217
3332 39249.44336356023
3333 39259.27514005225
3334 39201.92677739623
3335 39090.45812447036
3336 38942.90353011802
3337 38749.3490760114
3338 38616.5715908094
3339 38528.72738392866
3340 38476.5694685963
3341 38453.27595412464
3342 38451.52467197348
3343 38465.65302854434
3344 38489.9940047437
3345 38516.52813727092
3346 38534.56134599449
3347 38531.32017104427
3348 38495.92536389459
3349 38425.72883221879
3350 38333.693835014
3351 38243.6626045154
3352 38171.25745569366
3353 38117.94307984304
3354 38080.66816115975
3355 38056.49788682696
3356 38042.71834607905
3357 38035.92660549909
3358 38031.59000520023
3359 38023.75108638873
3360 38005.84078164939
3361 37972.36971125616
3362 37921.37753586302
3363 37856.51777673812
3364 37786.56133821209
3365 37720.21207052409
3366 37657.45586028596
3367 37605.08959189085
3368 37562.48360198701
3369 37528.04005992349
3370 37499.55119124783
3371 37474.97456376009
3372 37451.98810683411
3373 37427.83395566526
3374 37400.27684102132
3375 37368.46702193809
3376 37332.57281147848
3377 37294.77062583574
3378 37257.57519999926
3379 37222.723193921
3380 37190.91883994849
3381 37161.89114023763
3382 37134.74678433007
3383 37108.40999124437
3384 37082.08058519874
3385 37054.99731182931
3386 37026.47433960209
3387 36995.94952048334
3388 36963.1056085888
3389 36928.04486238584
3390 36892.75671466059
3391 36857.21873771841
3392 36821.72910688906
3393 36787.00939190974
3394 36753.33692677026
3395 36720.65425020711
3396 36688.81708528999
3397 36657.91945258398
3398 36627.76429105514
3399 36598.11372068863
3400 36570.82847586332
3401 36545.74759911739
3402 36521.49807186759
3403 36498.56254662874
3404 36476.67790976723
3405 36456.76632720759
3406 36439.25748840853
3407 36423.47357871162
3408 36409.17645877837
3409 36396.12058006787
3410 36384.40614358611
3411 36374.16683033168
3412 36365.27877805285
3413 36357.40049001035
3414 36350.33635955278
3415 36344.12263567097
3416 36338.86257822566
3417 36334.59190949867
3418 36331.38942638961
3419 36329.35337283512
3420 36328.59549490136
3421 36329.09582109346
3422 36330.84304519022
3423 36333.77766734309
3424 36337.83729272208
3425 36343.01781320406
3426 36349.42478547127
3427 36356.92769115158
3428 36365.44910335702
3429 36374.78465419599
3430 36384.8700477466
3431 36395.41197218094
3432 36406.55680547326
3433 36418.28803756968
3434 36430.47065241921
3435 36442.99150378727
3436 36455.75169062359
3437 36468.68646652151
3438 36481.6087254818
3439 36494.66407246186
3440 36507.97507307109
3441 36521.5456888482
3442 36535.4343578988
3443 36549.62592319837
3444 36564.0956022035
3445 36578.63397380442
3446 36593.23477990371
3447 36608.0150774837
3448 36623.04922519197
3449 36638.30863682345
3450 36653.69314237322
3451 36669.08079226742
3452 36684.35711031438
3453 36699.44015141022
3454 36714.27412266449
3455 36728.82049391946
3456 36743.01477072143
3457 36756.97101110921
3458 36770.58961910338
3459 36783.89793952738
3460 36796.93837318938
3461 36809.72884404932
3462 36822.27880495315
3463 36834.61746883204
3464 36846.79073944427
3465 36858.86507451115
3466 36870.9046699176
3467 36882.99778085747
3468 36895.21703428261
3469 36907.61946139451
3470 36920.23863501301
3471 36933.08899835886
3472 36946.16769832143
3473 36959.42895752307
3474 36972.8231618939
3475 36986.30000567231
3476 36999.75650873838
3477 37013.09796741726
3478 37026.27813385744
3479 37039.25185982339
3480 37051.96278503532
3481 37064.36003994387
3482 37076.39659870992
3483 37088.0032071145
3484 37099.22176706931
3485 37110.00451277343
3486 37120.29635438477
3487 37130.14931734822
3488 37139.6229956338
3489 37148.808969406
3490 37157.7602051838
3491 37166.51339006951
3492 37175.06376975589
3493 37183.3671165993
3494 37191.31495183593
3495 37198.63569145019
3496 37205.97946210016
3497 37214.04498070019
3498 37222.00491540785
3499 37229.5754907513
3500 37236.61292268778
3501 37243.01937126036
3502 37248.71051259339
3503 37253.70975557391
3504 37258.04592070253
3505 37261.63502648427
3506 37264.44408801185
3507 37266.45096455287
3508 37267.68315567934
3509 37268.18921263236
3510 37268.02547735806
3511 37267.24136526933
3512 37265.89143937844
3513 37263.93084801664
3514 37261.42633266601
3515 37258.48747996941
3516 37255.19623785511
3517 37251.59905648717
3518 37247.6588341463
3519 37243.40177598421
3520 37238.76327876452
3521 37233.69442652522
3522 37228.11045371506
3523 37221.98900458218
3524 37215.347232238
3525 37208.19241138118
3526 37200.49872768069
3527 37192.25361257601
3528 37183.48199207471
3529 37174.2166029416
3530 37164.51012703497
3531 37154.42931298802
3532 37144.03764382941
3533 37133.3853689781
3534 37122.51428187278
3535 37111.46392782297
3536 37100.26125795561
3537 37088.92613726488
3538 37077.47860586854
3539 37065.94399434134
3540 37054.33458303846
3541 37042.65735989715
3542 37030.91697796106
3543 37019.11468789038
3544 37007.25616778219
3545 36995.34636305894
3546 36983.39011264485
3547 36971.38869897957
3548 36959.37515108017
3549 36947.39131862682
3550 36935.46551486397
3551 36923.61554075226
3552 36911.82713401572
3553 36900.06700793039
3554 36888.35515937065
3555 36876.73835160535
3556 36865.18748441777
3557 36853.67034017397
3558 36841.97566206632
3559 36830.19163887401
3560 36818.40998537982
3561 36806.66647908103
3562 36794.94877989595
3563 36783.13457065704
3564 36771.25458827242
3565 36759.2875839244
3566 36747.32160242072
3567 36735.56511983492
3568 36724.10553915064
3569 36712.93221298194
3570 36701.99659218479
3571 36691.226142548
3572 36680.57453112292
3573 36670.0142854002
3574 36659.54601246698
3575 36649.17879787925
3576 36638.92568956821
3577 36628.80134162911
3578 36618.81885555189
3579 36608.94438669497
3580 36599.25719699162
3581 36589.75025884615
3582 36580.42016865845
3583 36571.26940369586
3584 36562.29997568849
3585 36553.51055903964
3586 36544.89485521772
3587 36536.44543360124
3588 36528.1600214975
3589 36520.03779476654
3590 36512.07647376155
3591 36504.26839463289
3592 36496.61279265501
3593 36489.10893735982
3594 36481.75914101173
3595 36474.56833641384
3596 36467.5418145408
3597 36460.68237286013
3598 36453.99671567795
3599 36447.48467197924
3600 36441.13394607131
3601 36434.94054925667
3602 36428.90338875266
3603 36423.02169912696
3604 36417.30049086989
3605 36411.73084803337
3606 36406.28853185954
3607 36400.97835459514
3608 36395.82749998881
3609 36390.86196658642
3610 36386.09550067264
3611 36381.5229322003
3612 36377.12514925335
3613 36372.87029819292
3614 36368.73192280235
3615 36364.68220894677
3616 36360.72119866362
3617 36356.85693829325
3618 36353.09103586331
3619 36349.42946082737
3620 36345.86823166614
3621 36342.41990386931
3622 36339.08718367086
3623 36335.86931988952
3624 36332.76338986779
3625 36329.76768781632
3626 36326.8845405945
3627 36324.11999309965
3628 36321.48459865504
3629 36318.98875984901
3630 36316.63578802912
3631 36314.42756504125
3632 36312.36143953267
3633 36310.43347806939
3634 36308.64604548039
3635 36306.99548555277
3636 36305.47697837739
3637 36304.07542529656
3638 36302.77528093974
3639 36301.5596218804
3640 36300.41226760449
3641 36299.32094836784
3642 36298.2786797509
3643 36297.28303340128
3644 36296.33615946236
3645 36295.44481659617
3646 36294.61964024713
3647 36293.87299628526
3648 36293.21086523895
3649 36292.65585258136
3650 36292.21729596709
3651 36291.90350531414
3652 36291.71779789335
3653 36291.65876380001
3654 36291.71835117705
3655 36291.87950866251
3656 36292.13736097222
3657 36292.51704768218
3658 36293.02208654926
3659 36293.61912545424
3660 36294.26243168238
3661 36294.91817022886
3662 36295.5736840292
3663 36296.23459459827
3664 36296.91606259487
3665 36297.63581587066
3666 36298.4095773532
3667 36299.24884798738
3668 36300.1617040201
3669 36301.15168851369
3670 36302.22005947572
3671 36303.36458955812
3672 36304.58049107269
3673 36305.8553791749
3674 36307.18759523445
3675 36308.5678880554
3676 36309.98821710681
3677 36311.43872778897
3678 36312.90936057848
3679 36314.39102453063
3680 36315.87600015372
3681 36317.35830010494
3682 36318.83361590347
3683 36320.29904778102
3684 36321.7529634508
3685 36323.19607566548
3686 36324.62932363884
3687 36326.05635910694
3688 36327.4801063318
3689 36328.9023043415
3690 36330.32492901292
3691 36331.74925229222
3692 36333.17624085364
3693 36334.60575796392
3694 36336.03675538426
3695 36337.46856288335
3696 36338.89769159857
3697 36340.32071115849
3698 36341.73390782141
3699 36343.13322855184
3700 36344.51418020409
3701 36345.87087466062
3702 36347.19919336031
3703 36348.49623497992
3704 36349.7597147371
3705 36350.98773464536
3706 36352.17888152329
3707 36353.33221809322
3708 36354.44706747314
3709 36355.52330552807
3710 36356.56149967795
3711 36357.56312568902
3712 36358.5303908379
3713 36359.46573328257
3714 36360.37101240869
3715 36361.24731355339
3716 36362.09491932826
3717 36362.91343076671
3718 36363.69925057152
3719 36364.45061452686
3720 36365.16978570363
3721 36365.85561688305
3722 36366.50536517769
3723 36367.11579158378
3724 36367.68375235204
3725 36368.2070392483
3726 36368.68364582455
3727 36369.11081066787
3728 36369.49137816022
3729 36369.82610979769
3730 36370.11490321541
3731 36370.35782155848
3732 36370.55535516259
3733 36370.70802028464
3734 36370.81689920131
3735 36370.88300239124
3736 36370.90717843333
3737 36370.88872814091
3738 36370.82869877429
3739 36370.72672616598
3740 36370.58197638395
3741 36370.39350733977
3742 36370.16048135146
3743 36369.88241328301
3744 36369.55954491873
3745 36369.19151140556
3746 36368.77801412278
3747 36368.31954698043
3748 36367.81675895351
3749 36367.27106361697
3750 36366.68374296829
3751 36366.05610425247
3752 36365.38869985112
3753 36364.68272599926
3754 36363.93984267274
3755 36363.16074269173
3756 36362.34602516826
3757 36361.49639855498
3758 36360.61272591783
3759 36359.69542533626
3760 36358.74491526173
3761 36357.76145098271
3762 36356.74646659469
3763 36355.69961417709
3764 36354.62059195915
3765 36353.50748998333
3766 36352.36142781929
3767 36351.18420248922
3768 36349.97698387704
3769 36348.74104778574
3770 36347.47839179179
3771 36346.19092263726
3772 36344.86693200958
3773 36343.4890900684
3774 36342.07289489718
3775 36340.6396398677
3776 36339.20711936276
3777 36337.77316953462
3778 36336.32165028759
3779 36334.86834804768
3780 36333.42135653144
3781 36331.97496955119
3782 36330.51971475687
3783 36329.04270927956
3784 36327.53455383389
3785 36325.99155839693
3786 36324.41543133741
3787 36322.81132304051
3788 36321.18570102804
3789 36319.54463301925
3790 36317.89248463393
3791 36316.231224193
3792 36314.56016034769
3793 36312.88011125183
3794 36311.19254033572
3795 36309.49935477907
3796 36307.80255314753
3797 36306.10395112978
3798 36304.4050047555
3799 36302.70696585353
3800 36301.01090534718
3801 36299.31814568767
3802 36297.63087211348
3803 36295.95190843079
3804 36294.28415758072
3805 36292.62962189594
3806 36290.98996169221
3807 36289.36591561186
3808 36287.75714715803
3809 36286.16246801013
3810 36284.58019939908
3811 36283.00864547063
3812 36281.44610223999
3813 36279.8910233947
3814 36278.34221271719
3815 36276.79887108118
3816 36275.26094501713
3817 36273.72850614547
3818 36272.20143809917
3819 36270.67996239735
3820 36269.16484490427
3821 36267.65713339535
3822 36266.15760078522
3823 36264.66761825123
3824 36263.18814457919
3825 36261.71993593364
3826 36260.26362895924
3827 36258.81987353951
3828 36257.38932552507
3829 36255.97261993684
3830 36254.57040122722
3831 36253.18329426525
3832 36251.8120219678
3833 36250.45841213019
3834 36249.12376982674
3835 36247.80652062008
3836 36246.50644776152
3837 36245.22030777039
3838 36243.94719989762
3839 36242.68941573178
3840 36241.4504214059
3841 36240.23325006654
3842 36239.03969106223
3843 36237.8702279053
3844 36236.72441359424
3845 36235.60138263385
3846 36234.50031741161
3847 36233.42074176353
3848 36232.3626066128
3849 36231.32622768073
3850 36230.3121674228
3851 36229.32108707774
3852 36228.35363201278
3853 36227.41035919252
3854 36226.49171907373
3855 36225.59811607448
3856 36224.73001128177
3857 36223.88782343869
3858 36223.07156032964
3859 36222.28078963011
3860 36221.51503061183
3861 36220.7737917565
3862 36220.05654987481
3863 36219.36267734297
3864 36218.69107430257
3865 36218.04077958525
3866 36217.41098603846
3867 36216.8010451198
3868 36216.21048865664
3869 36215.63905888113
3870 36215.08646467843
3871 36214.55258458672
3872 36214.03803002058
3873 36213.54365025865
3874 36213.07047349006
3875 36212.61961133147
3876 36212.19213181551
3877 36211.78891849306
3878 36211.41055245776
3879 36211.05721120651
3880 36210.72862344015
3881 36210.42400186611
3882 36210.14230566011
3883 36209.88216567105
3884 36209.64201292036
3885 36209.42020768095
3886 36209.21515482952
3887 36209.02539681004
3888 36208.84967801425
3889 36208.68697977455
3890 36208.53652755389
3891 36208.39777536577
3892 36208.27037282159
3893 36208.15412046922
3894 36208.04892068668
3895 36207.95472830431
3896 36207.87150425811
3897 36207.79917681784
3898 36207.73761204944
3899 36207.68659460398
3900 36207.64581743404
3901 36207.61488279847
3902 36207.59326387896
3903 36207.58019109879
3904 36207.5750605763
3905 36207.5773667464
3906 36207.5866788674
3907 36207.60260957148
3908 36207.62479244165
3909 36207.65287491983
3910 36207.68652457651
3911 36207.72544209655
3912 36207.76937463401
3913 36207.81812045593
3914 36207.87152562858
3915 36207.9294735045
3916 36207.99186880446
3917 36208.05861957889
3918 36208.12962089864
3919 36208.20474196081
3920 36208.28381742942
3921 36208.36664312096
3922 36208.45297578481
3923 36208.54253472233
3924 36208.63500622872
3925 36208.73005061966
3926 36208.82732697855
3927 36208.92648449788
3928 36209.02716843654
3929 36209.12904047756
3930 36209.23178533214
3931 36209.33511484937
3932 36209.43877015507
3933 36209.54252528869
3934 36209.64619098525
3935 36209.74961436314
3936 36209.85265688286
3937 36209.9552044364
3938 36210.0571650531
3939 36210.15846288096
3940 36210.25903161116
3941 36210.35880683792
3942 36210.45771925813
3943 36210.55568750948
3944 36210.65261159376
3945 36210.74836751506
3946 36210.84280382928
3947 36210.93574083736
3948 36211.02697286446
3949 36211.11627360249
3950 36211.20340448804
3951 36211.28812440783
3952 36211.37019875297
3953 36211.4494102478
3954 36211.52556747564
3955 36211.59851076185
3956 36211.66811531971
3957 36211.73429332565
3958 36211.79699285301
3959 36211.85619361188
3960 36211.91190048698
3961 36211.96413477618
3962 36212.01292411082
3963 36212.05829222533
3964 36212.10024989253
3965 36212.13878796526
3966 36212.17387328194
3967 36212.2054476866
3968 36212.23342915154
3969 36212.25771708543
3970 36212.27819884296
3971 36212.29475692136
3972 36212.30727622007
3973 36212.31565130466
3974 36212.31979092972
3975 36212.31962418633
3976 36212.31510054442
3977 36212.30619087469
3978 36212.29288735898
3979 36212.2752019125
3980 36212.25316354662
3981 36212.22681502846
3982 36212.19620856371
3983 36212.16140136913
3984 36212.12245207298
3985 36212.07941804552
3986 36212.03235275804
3987 36211.9813077395
3988 36211.92633324947
3989 36211.8674780846
3990 36211.80478851424
3991 36211.73830711695
3992 36211.66807198242
3993 36211.5941161564
3994 36211.51646783804
3995 36211.4351513635
3996 36211.35018882839
3997 36211.26160220071
3998 36211.16941564528
3999 36211.07365782896
4000 36210.97436409775
4001 36210.87157812516
4002 42598.26576258968
4003 42153.46586551274
4004 41685.49871155008
4005 41283.15571445793
4006 40992.24191115788
4007 40821.61365795843
4008 40731.401376257
4009 40698.50361270814
4010 40697.83298489995
4011 40717.23968304334
4012 40744.01990083135
4013 40774.44439356172
4014 40814.00746470191
4015 40858.61304200681
4016 40903.57850427279
4017 40936.01787821067
4018 41573.51957258282
4019 41655.26067543199
4020 41738.46883913936
4021 41817.25876678905
4022 41888.15507121541
4023 41950.07501982911
4024 42002.74067022682
4025 42047.92130423777
4026 42085.91226586752
4027 42117.21862633435
4028 42143.94881605787
4029 42166.07805592917
4030 42185.14932446798
4031 42202.93686492257
4032 42220.98003549801
4033 42240.69204142338
4034 42263.05492343968
4035 42288.58482629588
4036 42316.79168298798
4037 42348.46738595423
4038 42383.92039336147
4039 42423.17504085352
4040 42466.12300724085
4041 42512.97980630179
4042 42563.94530466748
4043 42618.17787456518
4044 42674.60744634948
4045 42733.94279834164
4046 42795.31430177571
4047 42859.67487108993
4048 42927.57429126524
4049 42999.5976002401
4050 43074.77847914836
4051 43153.37199648125
4052 43742.67647263897
4053 43881.0138576166
4054 44026.03905610012
4055 44173.25248053179
4056 44319.83449621793
4057 44462.88166828128
4058 44601.37307853714
4059 44735.30438049832
4060 44865.86339505309
4061 44994.50205247741
4062 45122.85476268987
4063 45253.26952138431
4064 45383.80179442803
4065 45515.16796224577
4066 45646.65245842483
4067 45778.39880407434
4068 45912.34797290326
4069 46049.45445405716
4070 46188.66589140479
4071 46331.5008222644
4072 46475.77311577625
4073 46621.39098987028
4074 46768.95016019999
4075 46919.30816058154
4076 47072.63789817091
4077 47227.49168864277
4078 47382.81751493321
4079 47538.88927374682
4080 47695.22545318364
4081 47851.09207510676
4082 48007.15926508926
4083 48163.13600035237
4084 48319.70885517504
4085 48476.56032306056
4086 48629.65426492305
4087 48779.45299152633
4088 49233.59956935005
4089 49426.27229664522
4090 49623.78940466455
4091 49822.13846579967
4092 50016.55159692973
4093 50206.57291606336
4094 50391.95365214081
4095 50573.22978655012
4096 50750.46129630064
4097 50924.20949249457
4098 51094.70927399628
4099 51262.11916711914
4100 51427.40332704375
4101 51590.47865488959
4102 51751.52214342541
4103 51911.21274464636
4104 52070.56022783838
4105 52229.66689907855
4106 52388.16218260834
4107 52545.40085670159
4108 52702.3284507609
4109 52858.49348245992
4110 53013.7592557348
4111 53167.79162035121
4112 53320.04735267553
4113 53469.49561896923
4114 53615.86211276355
4115 53759.48998011685
4116 53900.43945082108
4117 54038.12443755131
4118 54171.0631586215
4119 54300.32049384123
4120 54415.85393437958
4121 54519.54325600598
4122 54618.36678729403
4123 54721.91657796714
4124 54830.30696317464
4125 54945.00499027734
4126 55004.77309540327
4127 55153.69692864423
4128 55209.3957631154
4129 55252.85063209495
4130 55295.26639958935
4131 55329.29289762248
4132 55477.09582145559
4133 55578.7401795152
4134 55714.67563539678
4135 55899.68045747121
4136 56159.86407660545
4137 56512.26005588601
4138 56813.0282049548
4139 57031.83106296129
4140 56980.69889516508
4141 56872.3913459443
4142 56733.15122290929
4143 56725.24900533975
4144 56796.15409205798
4145 56884.35356859438
4146 56988.53763443427
4147 57106.73490496789
4148 57220.93898607032
4149 57311.84604626185
4150 57237.68797867816
4151 57125.10195175188
4152 56972.22666262837
4153 56808.86636925909
4154 56661.24488655225
4155 56550.03719349064
4156 56685.23497073688
4157 56887.71421751491
4158 57072.08952351163
4159 57057.3590631576
4160 56976.77433726032
4161 56842.50907061798
4162 56700.14860407317
4163 56582.55003812104
4164 56668.11708752955
4165 56801.55309661235
4166 57004.29002447614
4167 57149.17032340167
4168 57108.14409284719
4169 56983.0008537342
4170 56825.45856464034
4171 56678.18974302675
4172 56754.40711869254
4173 56903.09058187677
4174 57068.72244541469
4175 57150.94906577764
4176 57058.0526298907
4177 56916.11791348443
4178 56778.92799979631
4179 56813.30477518324
4180 56903.56791189598
4181 57067.93769951499
4182 57240.59921364113
4183 57217.59110548266
4184 57097.5778478042
4185 56933.76606727958
4186 56769.14237539096
4187 56823.99112592064
4188 56925.76348402346
4189 57060.94488912627
4190 57143.19530282135
4191 57051.13609950867
4192 56901.14605598913
4193 56745.54426091736
4194 56770.29321542243
4195 56846.85105158962
4196 56989.44609330438
4197 57119.8085639033
4198 57055.10416090638
4199 56912.80183023549
4200 56741.78954922143
4201 56715.6817411236
4202 56726.97252814059
4203 56821.49490183587
4204 56961.46731854806
4205 57045.82010035688
4206 56922.07530370682
4207 56745.17870013568
4208 56677.89713616639
4209 56672.90128302
4210 56728.2488522213
4211 56828.47753801705
4212 56926.97323316344
4213 56974.89651470658
4214 56827.39919714991
4215 56656.96045834082
4216 56677.52957913524
4217 56718.9676005175
4218 56829.02297298123
4219 56977.96198964555
4220 57086.67145523256
4221 56982.15463634796
4222 56831.09779228937
4223 56823.88365653178
4224 56834.66431742238
4225 56925.55975404637
4226 57056.15489362255
4227 57171.19022729797
4228 57222.03489591727
4229 57057.62696538203
4230 56861.04162030367
4231 56859.94094198682
4232 56870.90681462018
4233 56954.18897520132
4234 57079.47613888395
4235 57187.1720809821
4236 57231.1875046878
4237 57058.68829798939
4238 56856.63798609265
4239 56838.28989844101
4240 56842.89937745444
4241 56931.86733117936
4242 57066.00771395541
4243 57192.38079898067
4244 57258.28860726543
4245 57093.13277800961
4246 56886.69338903612
4247 56817.36349541182
4248 56792.46376961879
4249 56860.08173330539
4250 56980.83602262072
4251 57116.8967656032
4252 57197.27270148238
4253 57041.99373813081
4254 56840.7519786552
4255 56765.99524116019
4256 56751.48194887863
4257 56802.40326810945
4258 56911.15345308657
4259 57056.72582439221
4260 57148.18573505329
4261 57009.94030132543
4262 56827.29180312627
4263 56775.50787717783
4264 56766.15264996068
4265 56841.0426706487
4266 56973.52388403827
4267 57124.3030486672
4268 57216.0387114581
4269 57073.97685211083
4270 56887.01115261336
4271 56831.12541657193
4272 56816.2966811072
4273 56891.22070875813
4274 57025.11328893474
4275 57173.64875219906
4276 57262.26049347964
4277 57115.78673569995
4278 56922.25929011904
4279 56858.91903975694
4280 56840.36545801033
4281 56910.82290591301
4282 57041.56028412696
4283 57186.71545894597
4284 57272.68295501347
4285 57126.76368547539
4286 56934.12171488463
4287 56874.27787402512
4288 56856.14238096766
4289 56937.69784196244
4290 57076.35556740872
4291 57217.52506982791
4292 57298.70570202606
4293 57150.43373164943
4294 56958.39765911207
4295 56903.39360918459
4296 56888.23725970479
4297 56983.4144555873
4298 57133.24980312321
4299 57272.97067485268
4300 57211.37126603765
4301 57070.21497382256
4302 56897.89357696612
4303 56885.7471117122
4304 56907.01332784473
4305 57022.5676215517
4306 57187.04109995595
4307 57305.09420970871
4308 57206.93697024994
4309 57047.86449790814
4310 56996.81081547827
4311 57002.83581623874
4312 57068.84763334892
4313 57194.24801558434
4314 57324.40516826575
4315 57398.9870998571
4316 57256.27890105078
4317 57079.67043764537
4318 57070.55814325764
4319 57081.3557778361
4320 57195.3224521282
4321 57365.98184072982
4322 57498.09953769675
4323 57402.7367109032
4324 57241.62371307394
4325 57191.32449336685
4326 57197.49045484084
4327 57250.9245200427
4328 57371.51205469589
4329 57512.83220874047
4330 57597.15307820444
4331 57457.19065215204
4332 57278.47726659768
4333 57271.56254885565
4334 57277.32725027335
4335 57386.68410936504
4336 57550.05654281283
4337 57812.92700038476
4338 57718.85373321983
4339 57564.736074439
4340 57527.24342311447
4341 57529.85928194575
4342 57612.04290410846
4343 57754.18751260087
4344 57890.96316870339
4345 57965.24640087318
4346 57819.03263063837
4347 57642.29961458105
4348 57655.80506732527
4349 57693.60783987565
4350 57814.41495481489
4351 57980.27273564362
4352 58087.95962303737
4353 57962.15939175591
4354 57790.01608787075
4355 57764.91779271628
4356 57760.06918335917
4357 57875.88778550128
4358 58044.33532990541
4359 58179.16891084771
4360 58091.93649072252
4361 57932.31202559074
4362 57876.56765017627
4363 57873.75486020281
4364 57899.62882201884
4365 58007.1191401601
4366 58160.79066414598
4367 58273.68918167719
4368 58160.43045018053
4369 57993.98919361158
4370 57958.93336588576
4371 57953.40275878482
4372 58051.16628994884
4373 58206.28672644282
4374 58346.00989491139
4375 58277.4294722133
4376 58134.29724437316
4377 58093.49754826613
4378 58114.36844774814
4379 58141.70961360566
4380 58254.97246460053
4381 58412.00855069199
4382 58531.82456308713
4383 58422.8659769347
4384 58258.27029141835
4385 58229.71921179037
4386 58220.91179234291
4387 58319.92744901182
4388 58473.36417635919
4389 58616.7786424345
4390 58692.825276693
4391 58535.57429216985
4392 58342.46390549704
4393 58335.51933138588
4394 58343.87789360274
4395 58459.26443290617
4396 58623.35575115998
4397 58764.18284927295
4398 58686.61044443916
4399 58533.23539063794
4400 58483.46141792776
4401 58467.08976974012
4402 58470.6685935461
4403 58582.81581534696
4404 58745.4486118937
4405 58889.98010032666
4406 58818.49194091602
4407 58665.51741113314
4408 58485.03370297026
4409 58481.52721529365
4410 58495.56625681254
4411 58614.25742193253
4412 58781.49574973754
4413 58916.78602129076
4414 58836.02128994791
4415 58679.80564433874
4416 58625.83904435144
4417 58603.61493480288
4418 58610.69445773339
4419 58717.8969242763
4420 58876.1155991373
4421 59013.03665170201
4422 58934.78378482011
4423 58780.30833278935
4424 58603.18606788552
4425 58629.07666963965
4426 58652.63908394326
4427 58778.41237899927
4428 58952.14342410783
4429 59093.54673762091
4430 59012.59005736146
4431 58860.26264166102
4432 58816.98897563585
4433 58833.86833164222
4434 58864.71858105165
4435 58984.75412051892
4436 59148.55252788456
4437 59277.21268346319
4438 59171.99910257688
4439 59005.77740654431
4440 58970.27292275852
4441 58957.29879484548
4442 59034.86147711583
4443 59182.24586961075
4444 59359.81703870743
4445 59465.27243176971
4446 59322.23244671203
4447 59133.67578951123
4448 59127.35948434813
4449 59116.44847670105
4450 59240.88905709451
4451 59419.32631220948
4452 59591.57301739493
4453 59692.47894640873
4454 59535.85139151852
4455 59331.76028227124
4456 59272.89603394701
4457 59254.4125503694
4458 59348.79306690557
4459 59510.62674305204
4460 59694.20293995002
4461 59812.80455360181
4462 59669.73415357721
4463 59471.78079618751
4464 59408.8951007792
4465 59391.86612658665
4466 59464.37408822503
4467 59612.18165408452
4468 59796.35493993382
4469 59913.72430216498
4470 59770.23138734758
4471 59571.23000098213
4472 59511.997695579
4473 59491.28337196392
4474 59570.17330251232
4475 59722.41168253375
4476 59902.14139369797
4477 60012.13225470841
4478 59862.23822238109
4479 59660.78662626947
4480 59606.9460665799
4481 59583.98771633616
4482 59676.53336593605
4483 59837.76040117453
4484 60015.63225221196
4485 60121.37354950005
4486 59966.98284550513
4487 59763.76247533626
4488 59711.16581027074
4489 59686.47986441969
4490 59784.59902307904
4491 59949.85117989248
4492 60128.00743870682
4493 60233.69675714042
4494 60078.15329716526
4495 59873.53150026267
4496 59817.30532043456
4497 59791.35732538568
4498 59887.36424103287
4499 60052.14836819814
4500 60231.42264717865
4501 60339.74955514432
4502 60186.56690317341
4503 59983.25259960413
4504 59926.5580231229
4505 59902.43135758407
4506 59998.28154616104
4507 60164.04037521117
4508 60344.16644141424
4509 60454.77985107659
4510 60304.10425533047
4511 60102.54108795858
4512 60048.37186634334
4513 60027.17455976016
4514 60125.3387768788
4515 60292.16230209205
4516 60470.12433971569
4517 60578.3227785873
4518 60425.09792872596
4519 60221.54059101698
4520 60167.79881488661
4521 60146.71369407516
4522 60246.18099906381
4523 60414.58926252287
4524 60593.71983856257
4525 60701.83627483296
4526 60548.01988837067
4527 60344.7046578005
4528 60293.80439644201
4529 60273.25666202297
4530 60376.45703890636
4531 60547.69571196473
4532 60721.17389434945
4533 60827.3714979864
4534 60672.09906108536
4535 60470.77202426041
4536 60440.15824940832
4537 60422.36767424773
4538 60540.5696921955
4539 60725.40224395176
4540 60907.23600734032
4541 61013.22324346009
4542 60849.4743211585
4543 60635.9535760654
4544 60572.26891697389
4545 60546.16619023195
4546 60635.58533532128
4547 60798.51439878753
4548 60982.27320622897
4549 61100.96984041574
4550 60948.73305387231
4551 60743.98681022756
4552 60695.4859159864
4553 60669.21326624604
4554 60765.11550453865
4555 60935.85114111346
4556 61118.34008332507
4557 61234.0329675373
4558 61076.33023786864
4559 60867.42164159393
4560 60818.24864818717
4561 60790.07109866635
4562 60888.87620890916
4563 61060.64170393033
4564 61243.27123201075
4565 61360.16730603054
4566 61199.90187565637
4567 60986.23550912244
4568 60926.66122363
4569 60895.83744663942
4570 60983.15254495803
4571 61142.25060174229
4572 61327.91945149546
4573 61448.51319405423
4574 61291.37824578401
4575 61078.91238425896
4576 61020.10182497951
4577 60988.23266001661
4578 61070.2795886587
4579 61232.70363142592
4580 61420.58502293832
4581 61543.62452287567
4582 61386.82134234087
4583 61174.39538092989
4584 61115.98071821868
4585 61085.28713977493
4586 61169.07686710245
4587 61332.49257975139
4588 61521.37247879422
4589 61645.41017706555
4590 61488.90057199008
4591 61276.37943442509
4592 61217.50317822302
4593 61186.08709585739
4594 61267.79511974411
4595 61430.37926745539
4596 61621.32213656174
4597 61746.72902210696
4598 61590.55968548366
4599 61378.22685878449
4600 61319.83518602347
4601 61288.90886549139
4602 61371.10832774874
4603 61535.51836443725
4604 61731.51947380591
4605 61861.4082511361
4606 61708.15787991833
4607 61497.82753984554
4608 61441.42004914094
4609 61410.77622869241
4610 61493.41779660086
4611 61658.66924397059
4612 61857.98610553028
4613 61990.22884721543
4614 61836.34784383352
4615 61623.84115762426
4616 61564.32710407601
4617 61531.20504746622
4618 61609.31465602815
4619 61772.49964356577
4620 61974.94890254264
4621 62110.02602307938
4622 61956.45304136523
4623 61742.92079422824
4624 61681.7873630531
4625 61648.28754286809
4626 61722.86877681092
4627 61884.71141648608
4628 62090.13055359077
4629 62227.2515952779
4630 62075.1146236569
4631 61860.57681294166
4632 61796.02115859319
4633 61761.07912355573
4634 61826.99730238723
4635 61984.33538721548
4636 62186.54714793787
4637 62417.83433879301
4638 62280.41464950045
4639 62076.67404184447
4640 62016.70330378256
4641 61989.59838234908
4642 62043.51307432056
4643 62197.57269478821
4644 62398.64993772579
4645 62545.30948899416
4646 62412.36081608399
4647 62207.91436030413
4648 62145.82138110504
4649 62111.74717793977
4650 62157.9126182097
4651 62304.29026671402
4652 62498.0468800289
4653 62639.83918342056
4654 62505.06473462383
4655 62299.12018507186
4656 62236.44799099101
4657 62200.13044459583
4658 62248.28280369778
4659 62394.78829576381
4660 62588.59597034967
4661 62728.56324957756
4662 62589.91176385734
4663 62381.91984993708
4664 62319.59563860603
4665 62283.97516360664
4666 62339.74007073833
4667 62490.72010743556
4668 62688.98662257162
4669 62830.48004205491
4670 62693.86686065382
4671 62485.1329352235
4672 62416.07902682896
4673 62384.60608166766
4674 62420.77277849687
4675 62565.49314953857
4676 62762.63201495069
4677 62911.18055023102
4678 62785.78129643762
4679 62583.1288421569
4680 62515.68743745001
4681 62489.05481555291
4682 62506.74193285986
4683 62644.03135935858
4684 62837.55172814283
4685 62992.50503096404
4686 63050.71986402698
4687 62842.08756728004
4688 62602.69290281633
4689 62589.73097343735
4690 62569.07599742818
4691 62707.77214360594
4692 62911.79148320613
4693 63097.35193823017
4694 63203.42020906656
4695 63017.52056847584
4696 62777.96546722965
4697 62691.45218690122
4698 62653.75510140156
4699 62705.34099090409
4700 62859.81002562266
4701 63062.68442133489
4702 63210.23069551224
4703 63075.45398296225
4704 62866.59644026255
4705 62794.95127823854
4706 62765.07079598018
4707 62781.57835779544
4708 62919.71368407849
4709 63112.21211999418
4710 63270.31528793403
4711 63335.03107835686
4712 63128.7722025274
4713 62886.98719263283
4714 62872.49877515515
4715 62839.65719783043
4716 62976.22935279826
4717 63178.13747218523
4718 63372.75209684628
4719 63494.25161509063
4720 63315.66656943188
4721 63077.82170279225
4722 62987.64950191195
4723 62949.79839349425
4724 62981.21758004966
4725 63117.75836130077
4726 63307.64804523616
4727 63467.41565228399
4728 63368.80482311587
4729 63178.41039110121
4730 63107.04203526161
4731 63043.28174571347
4732 62994.98064389767
4733 63084.72911126737
4734 63255.04814538283
4735 63453.24167989581
4736 63584.63342729618
4737 63421.66054348924
4738 63193.83156315909
4739 63110.90470785306
4740 63074.80119576836
4741 63102.11203790802
4742 63245.29076256107
4743 63441.83734400087
4744 63597.54384245995
4745 63486.19688801126
4746 63289.19449946923
4747 63219.39033969492
4748 63199.98138267265
4749 63167.21395081528
4750 63286.17244643001
4751 63474.52184331336
4752 63666.44717627098
4753 63788.18243443379
4754 63614.96527599839
4755 63380.36323310851
4756 63291.66747177388
4757 63256.33879154309
4758 63275.7357176501
4759 63420.70115195915
4760 63620.85671439353
4761 63786.11628728142
4762 63859.65470445644
4763 63653.17895253892
4764 63405.85670226187
4765 63330.9779524777
4766 63288.8089520588
4767 63385.18318966583
4768 63562.991652761
4769 63774.27762166564
4770 63918.60166569168
4771 63762.2458906879
4772 63539.95919028412
4773 63461.78682951478
4774 63431.61648783842
4775 63459.45285508403
4776 63606.28727869572
4777 63807.48895635342
4778 63970.72719717181
4779 63866.5512853272
4780 63674.3608785313
4781 63607.24674477249
4782 63581.11466582894
4783 63541.39340341022
4784 63658.30833537228
4785 63847.85137427106
4786 64051.70384206416
4787 64185.90066139456
4788 64017.00097543863
4789 63781.70780051326
4790 63690.86525026349
4791 63654.39923971335
4792 63660.19429406172
4793 63802.07241326762
4794 64003.57307689896
4795 64178.86843947834
4796 64094.2643099739
4797 63910.1241775091
4798 63840.03611902594
4799 63761.32945135154
4800 63710.09433092422
4801 63771.59267976129
4802 63931.27731091552
4803 64140.19301109599
4804 64289.05265144203
4805 64143.62398155917
4806 63924.09424468188
4807 63845.52627454292
4808 63812.19804942455
4809 63820.04728804955
4810 63959.23079983746
4811 64157.69362686453
4812 64326.71924905883
4813 64230.66397681131
4814 64039.05864474744
4815 63967.55541323716
4816 63900.66679493603
4817 63845.64595576956
4818 63931.88664933316
4819 64102.6737543557
4820 64312.57259074527
4821 64451.75748282048
4822 64287.28210429169
4823 64054.28202314256
4824 63967.28764798596
4825 63924.01487908092
4826 63940.73935658338
4827 64082.64883126575
4828 64281.30865842259
4829 64447.16077455985
4830 64346.29585311015
4831 64151.45771156793
4832 64078.02141109999
4833 64009.59329930045
4834 63955.94870803665
4835 64045.36600021272
4836 64218.70639669439
4837 64426.76860686033
4838 64567.60365475412
4839 64405.30300395782
4840 64174.03183573666
4841 64087.91962057193
4842 64050.1976857482
4843 64063.11262661675
4844 64205.33229393198
4845 64406.58972401615
4846 64575.46016821103
4847 64477.44763959471
4848 64282.86814182794
4849 64206.81445329089
4850 64131.05979382731
4851 64074.63656331853
4852 64152.15257305722
4853 64318.37942075299
4854 64527.81210798506
4855 64667.33380224236
4856 64503.49159302899
4857 64270.55755688082
4858 64183.85736225075
4859 64142.75269088909
4860 64157.65283778652
4861 64300.1980064877
4862 64500.70209191342
4863 64668.05243151216
4864 64567.29799039091
4865 64372.36531331392
4866 64299.32862697259
4867 64233.21927089329
4868 64179.27929793285
4869 64269.56037079232
4870 64442.85452526121
4871 64652.23388382208
4872 64791.62365821168
4873 64625.77060676201
4874 64390.69517285971
4875 64301.3158376002
4876 64258.32062969
4877 64268.63048123905
4878 64408.89160239335
4879 64607.77649173549
4880 64777.01742275286
4881 64681.01910012274
4882 64488.05421175392
4883 64414.04294361279
4884 64338.28117149417
4885 64282.46794735557
4886 64358.30708338774
4887 64524.76900533796
4888 64737.78736071404
4889 64883.41616876513
4890 64723.25139784497
4891 64492.58561325577
4892 64408.59212806131
4893 64366.85132938007
4894 64384.96917907694
4895 64526.53664528222
4896 64725.62594748425
4897 64891.254386251
4898 64788.13927452493
4899 64589.97470542093
4900 64511.63606243012
4901 64441.92654915024
4902 64385.57236159031
4903 64471.42274802655
4904 64643.1991746166
4905 64856.60304603424
4906 64999.62411962481
4907 64834.1149373357
4908 64597.76254777401
4909 64507.22516214127
4910 64465.15867006296
4911 64468.82972848253
4912 64606.67739514729
4913 64805.0897419508
4914 64977.14084483787
4915 64884.89838189731
4916 64692.11521153343
4917 64461.77003417867
4918 64411.29031865199
4919 64382.7656374771
4920 64466.95417017847
4921 64638.32623235252
4922 64856.60450860191
4923 65000.86939872747
4924 64851.20925892324
4925 64626.15617118431
4926 64539.12352075409
4927 64513.31018054757
4928 64502.2016606582
4929 64626.16822456694
4930 64818.1207037237
4931 65002.78031559211
4932 65109.81805473015
4933 64918.26214985585
4934 64668.81070944198
4935 64571.47828226816
4936 64525.33666362317
4937 64541.88665233644
4938 64691.34244121722
4939 64897.21268324291
4940 65069.85020566072
4941 64972.7206715304
4942 64778.41576813201
4943 64703.4535848135
4944 64627.91362247871
4945 64571.67002599303
4946 64649.59990439664
4947 64815.9813242392
4948 65027.57835747373
4949 65174.36424641038
4950 65017.3548525372
4951 64789.54138098821
4952 64707.12702387111
4953 64665.7686889265
4954 64684.34929835042
4955 64826.43740801296
4956 65025.96154892308
4957 65194.14050379075
4958 65095.84215405783
4959 64900.92082528111
4960 64823.44408004632
4961 64749.90751160177
4962 64693.21679086112
4963 64773.37125293838
4964 64942.34882407601
4965 65157.22211384834
4966 65303.59808027639
4967 65140.08591903841
4968 64904.71262480194
4969 64815.3323659826
4970 64776.40350733767
4971 64776.58600419841
4972 64913.50877762237
4973 65113.96773647609
4974 65287.59595157418
4975 65196.35847769045
4976 65003.37390165201
4977 64771.55198359746
4978 64715.67133637336
4979 64688.83198143685
4980 64768.16158160039
4981 64938.13860892475
4982 65156.69344736956
4983 65301.71896589231
4984 65153.45297568878
4985 64928.45343205985
4986 64840.92678531408
4987 64817.31402673329
4988 64797.056744658
4989 64930.82766386538
4990 65131.90769743174
4991 65314.17890122966
4992 65234.99673388872
4993 65051.50598624817
4994 64826.28393554454
4995 64771.3545972381
4996 64748.23793628667
4997 64815.00619704946
4998 64980.79269355232
4999 65194.62025930743
5000 65351.04385417797
5001 65227.34389880474
5002 31869.46421469063
5003 35567.25286256036
5004 36848.19428292527
5005 38561.08712995605
5006 37988.07701271764
5007 38311.31328974324
5008 38781.40354990826
5009 39929.93189752826
5010 39292.65000236673
5011 39610.19314893948
5012 39529.30604209468
5013 38534.61320142661
5014 39034.81956516951
5015 39041.40749732414
5016 38940.60043649151
5017 38879.65110245108
5018 38789.38845355916
5019 38707.73051881354
5020 37976.70818470575
5021 38382.41498816236
5022 37432.72269338406
5023 37922.11245794465
5024 37778.15617364307
5025 36699.26623270805
5026 36385.99778327781
5027 36972.29755662604
5028 36002.89090152753
5029 35824.14264166824
5030 36082.83077277835
5031 35491.11849333314
5032 35827.93756832027
5033 34607.71881685015
5034 35504.39362159141
5035 35061.00364745179
5036 34543.79720152394
5037 34195.24470950379
5038 35035.57192504095
5039 34722.09732157351
5040 35048.22829040289
5041 34172.16767945959
5042 34983.81518841985
5043 34739.73436128816
5044 35041.54859565618
5045 34214.81704584091
5046 34982.24778433057
5047 34759.6365627261
5048 35024.36478542208
5049 34218.66712428435
5050 34940.23448861398
5051 34720.96803058944
5052 34958.24639062792
5053 34716.75489260029
5054 34386.22867432104
5055 34602.59953871177
5056 34827.24197171159
5057 34576.42644533321
5058 34790.88699678869
5059 34513.04756793843
5060 34719.97079089563
5061 34687.08881519599
5062 34345.25463047208
5063 34545.49369043024
5064 34478.35575424533
5065 34080.41245735555
5066 34264.33450237454
5067 34167.41354718207
5068 34057.30885221766
5069 33934.9766809475
5070 33450.80075815753
5071 33622.45752435819
5072 33498.24826360979
5073 33368.5955818104
5074 33239.3827154673
5075 33114.97098475009
5076 32998.08635927201
5077 33007.80509935742
5078 32794.28759640084
5079 32845.27188044346
5080 32782.5124118313
5081 32722.74870508156
5082 32663.60656479616
5083 32602.30075017808
5084 32537.7904300788
5085 32464.84018759416
5086 32381.36348774601
5087 32286.38419965723
5088 32214.26073211043
5089 32117.78220812109
5090 32014.39190561531
5091 31906.09478101935
5092 31791.01038612982
5093 31670.17145789073
5094 31548.3102129852
5095 31425.24441218456
5096 31301.83420202382
5097 31186.86925032052
5098 31063.31025408997
5099 30937.59884822011
5100 30808.42118084621
5101 30678.56208775954
5102 30549.69815015651
5103 30417.31125552921
5104 30288.93338634693
5105 30154.03966850035
5106 30019.66376947939
5107 29887.37707578458
5108 29768.22407767121
5109 29642.66244258445
5110 29533.07512886513
5111 29429.59703433859
5112 29331.6103946469
5113 29241.85643348132
5114 29158.99202753058
5115 29070.83119662985
5116 28995.12072360786
5117 28918.79730974987
5118 28840.18104870923
5119 28756.88629702131
5120 28668.40839397602
5121 28574.95012764689
5122 28475.55899946997
5123 28361.21086612008
5124 28248.99254025591
5125 28130.40175380584
5126 28007.81404615082
5127 27883.7229342627
5128 27759.39393971783
5129 27636.80222023253
5130 27516.7959141288
5131 27399.3323640611
5132 27276.76067341092
5133 27163.54392222229
5134 27051.86728437255
5135 26941.67596493677
5136 26833.5122533699
5137 26726.82096977075
5138 26621.10047316514
5139 26515.93120346173
5140 26410.75395332874
5141 26305.19436454953
5142 26199.36700508159
5143 26093.16927565042
5144 25987.37124945006
5145 25882.61090188019
5146 25778.84672653144
5147 25675.87149711548
5148 25573.81109728011
5149 25472.73380269028
5150 25372.90387863111
5151 25268.16521193882
5152 25170.88049473862
5153 25074.03975996033
5154 24977.45878051439
5155 24881.34641217994
5156 24785.71629667451
5157 24690.34910731682
5158 24595.56514723798
5159 24501.50628375921
5160 24408.29315093742
5161 24315.65845899691
5162 24223.42859500089
5163 24132.09383589589
5164 24042.1041439997
5165 23953.48577408875
5166 23866.54306640254
5167 23781.22943376961
5168 23697.20573968898
5169 23614.3319242383
5170 23527.17118807738
5171 23446.13260139362
5172 23366.08538120373
5173 23286.89074175026
5174 23207.93677791038
5175 23128.84144851519
5176 23049.7167041959
5177 22970.58903747059
5178 22891.46632362743
5179 22808.12606190162
5180 22729.04616211844
5181 22650.00532469186
5182 22571.44734461345
5183 22493.19483737251
5184 22415.3093050368
5185 22337.74353327852
5186 22261.00599429252
5187 22185.46001703191
5188 22111.12210414544
5189 22037.38476887271
5190 21963.86854029285
5191 21890.78027616382
5192 21817.85840538897
5193 21744.87564272716
5194 21671.89432826095
5195 21598.79487138793
5196 21522.35421112432
5197 21448.97945526833
5198 21375.49660121022
5199 21302.42076903005
5200 21229.88035193591
5201 21157.97104292395
5202 21086.93558350832
5203 21017.08783640815
5204 20947.9517324533
5205 20879.23991188678
5206 20810.96603082371
5207 20743.18473571673
5208 20676.20180182764
5209 20608.10784794652
5210 20542.44563116865
5211 20479.30848193065
5212 20417.15055362113
5213 20356.94728564499
5214 20294.08846186983
5215 20235.16484712963
5216 20178.0381175623
5217 20122.55787782078
5218 20068.94586294672
5219 20017.35112727426
5220 19967.49460839491
5221 19919.38183036823
5222 19873.37332121016
5223 19822.76295286947
5224 19779.77650303376
5225 19738.04432240867
5226 19697.36352840174
5227 19658.46998829018
5228 19622.36134411695
5229 19589.30856226042
5230 19558.20725834281
5231 19527.31472230787
5232 19487.61757063136
5233 19454.90846580617
5234 19421.31216830842
5235 19386.73687463337
5236 19351.2111666545
5237 19314.89832156001
5238 19277.98984222494
5239 19230.45914675194
5240 19203.08939348876
5241 19165.79580266411
5242 19105.60925302214
5243 19092.23147935673
5244 19046.01535668356
5245 18993.18186945706
5246 18986.63899214662
5247 18941.90033999376
5248 18919.36794692091
5249 18827.32488824747
5250 18853.21449213374
5251 18821.44767516416
5252 18765.34542259617
5253 18738.75831185896
5254 18715.00220649885
5255 18665.52112173767
5256 18663.72442560983
5257 18579.54324747431
5258 18602.19693425692
5259 18548.32595995243
5260 18544.0085180265
5261 18499.65812422637
5262 18476.62070332947
5263 18404.28441215098
5264 18433.02162195072
5265 18396.25717877743
5266 18352.70153245252
5267 18357.58749379048
5268 18322.42696914593
5269 18236.92778786868
5270 18285.07338239923
5271 18251.10952291862
5272 18240.0019542111
5273 18193.00569110083
5274 18160.0790698344
5275 18173.99989320697
5276 18141.85335012892
5277 18095.31671683822
5278 18111.23914699744
5279 18063.56032034999
5280 18071.24920695301
5281 18007.19269633738
5282 18032.11518344277
5283 18013.55493213864
5284 17910.05322586972
5285 17974.82392328243
5286 17957.03668056386
5287 17928.16228140672
5288 17908.49710320463
5289 17857.29130095737
5290 17886.87109553849
5291 17870.28474637989
5292 17805.14523076392
5293 17836.53258855195
5294 17792.9048871135
5295 17804.43820375545
5296 17720.68091041052
5297 17772.12770339253
5298 17756.95240195483
5299 17700.35680221945
5300 17725.76539932635
5301 17710.61593902034
5302 17610.69827331622
5303 17678.46189184906
5304 17663.75040273076
5305 17637.86478869272
5306 17621.08248534688
5307 17549.18776902792
5308 17604.0498667463
5309 17590.07134991573
5310 17551.36621767313
5311 17562.23104698542
5312 17477.79001194864
5313 17533.23505628184
5314 17508.71659932392
5315 17493.22143086973
5316 17493.4760436035
5317 17396.31110833366
5318 17465.62336862062
5319 17453.004410797
5320 17429.27499436167
5321 17398.32587176366
5322 17404.04094315763
5323 17360.19052615821
5324 17378.43467557217
5325 17364.26534505289
5326 17365.77662207329
5327 17293.85847337715
5328 17341.49656514471
5329 17318.99403763914
5330 17318.87120699563
5331 17223.87135834624
5332 17294.30800574656
5333 17283.31588402504
5334 17261.24008120154
5335 17231.96148657793
5336 17239.02363749546
5337 17196.81431557202
5338 17216.10259263559
5339 17203.19825563179
5340 17194.74157577809
5341 17179.41921306531
5342 17160.36800575241
5343 17131.9996612143
5344 17151.82160960931
5345 17152.78787179351
5346 17102.49553042404
5347 17132.34911583629
5348 17111.54242017238
5349 17041.3043180417
5350 17101.15185155351
5351 17080.65776099202
5352 17082.14110171669
5353 17032.53739989375
5354 17062.82676189158
5355 17023.5579800978
5356 17043.95283391227
5357 16994.87888914885
5358 17025.48280672814
5359 17005.72242025149
5360 16936.81378604766
5361 16997.11644865673
5362 16977.49450191062
5363 16979.68285258673
5364 16931.11391610668
5365 16961.87884895877
5366 16942.4876152669
5367 16897.02845998236
5368 16924.62282839014
5369 16927.17249921265
5370 16894.89879720141
5371 16891.61086204718
5372 16890.85374823344
5373 16864.72872004837
5374 16873.97755065844
5375 16876.71947459478
5376 16787.10888433619
5377 16858.389938649
5378 16839.54329674907
5379 16842.2771002302
5380 16810.26538190689
5381 16810.28140017653
5382 16806.79954829361
5383 16777.85473904321
5384 16790.23900968972
5385 16793.25397792821
5386 16745.8400884851
5387 16777.06375569601
5388 16739.67776864894
5389 16748.15483623032
5390 16742.69223152549
5391 16730.38989152688
5392 16714.20352697669
5393 16711.33482819108
5394 16710.93891861736
5395 16685.36430796206
5396 16694.77311822898
5397 16697.67515069771
5398 16631.55740891729
5399 16680.63388571794
5400 16662.09956216724
5401 16665.05715320555
5402 16617.8407848395
5403 16648.79991881233
5404 16611.66399241752
5405 16609.11554986173
5406 16624.83626249946
5407 16590.8538933068
5408 16609.0350225606
5409 16559.04916658262
5410 16592.85038855805
5411 16561.67743307083
5412 16561.95638398254
5413 16558.71697926743
5414 16538.16188671483
5415 16535.37599193579
5416 16534.96579359283
5417 16509.79521388613
5418 16519.26205296392
5419 16522.34226008367
5420 16475.74318185405
5421 16506.65397470624
5422 16488.55009857149
5423 16434.19530137373
5424 16483.02858869438
5425 16464.99415282975
5426 16468.1900302318
5427 16421.79550078177
5428 16452.68051306254
5429 16434.74907786466
5430 16380.70894204578
5431 16429.48744697632
5432 16411.65330784853
5433 16391.53245032065
5434 16407.38112350258
5435 16374.08034200319
5436 16392.34754190552
5437 16361.82265407354
5438 16333.54492916199
5439 16369.57833720143
5440 16339.24027169546
5441 16355.08662131863
5442 16337.34329016732
5443 16302.1768894907
5444 16333.02836848688
5445 16315.48819370001
5446 16280.49336876766
5447 16311.33657027726
5448 16293.86465153445
5449 16274.1867452437
5450 16275.0738389694
5451 16272.49305548141
5452 16253.04960289273
5453 16269.27334894995
5454 16236.88822779823
5455 16245.05842922507
5456 16236.38146391866
5457 16231.78547911522
5458 16197.48430063842
5459 16228.6872853501
5460 16211.8396712931
5461 16192.8162672666
5462 16209.37062789476
5463 16177.45037915927
5464 16185.98039745633
5465 16177.74848811263
5466 16173.53050004616
5467 16152.25424847818
5468 16171.20311699826
5469 16142.07255371268
5470 16148.30728626246
5471 16137.52557274813
5472 16123.08386519537
5473 16129.30111072409
5474 16133.5841943971
5475 16104.42963483011
5476 16110.73735379444
5477 16100.13205226066
5478 16085.88636685947
5479 16102.60740464349
5480 16086.34893069892
5481 16067.91860570919
5482 16084.82948074952
5483 16053.63094910365
5484 16062.54419829295
5485 16054.77884818821
5486 16051.03625395544
5487 16045.40532954795
5488 16037.6995786013
5489 16034.06315112802
5490 16013.58135972658
5491 16032.97951840945
5492 16004.63844560205
5493 16011.45605550954
5494 16016.35031791252
5495 15987.9008962502
5496 15994.77813936383
5497 15999.80134357541
5498 15971.50840471436
5499 15978.58351539181
5500 15983.80393000432
5501 15940.60120006915
5502 15962.49169305737
5503 15967.74068598843
5504 15952.31120290431
5505 15934.83482246596
5506 15952.70387356063
5507 15937.49064116845
5508 15920.1410538386
5509 15938.17243569148
5510 15923.08357660659
5511 15905.84320263624
5512 15924.031606741
5513 15909.02991743621
5514 15891.8491368681
5515 15910.10971514377
5516 15895.12405834496
5517 15877.94461138201
5518 15896.2427412269
5519 15881.26077542121
5520 15864.09986446814
5521 15882.4685978439
5522 15867.52220978189
5523 15850.40084965927
5524 15868.86780784741
5525 15853.97535644708
5526 15836.90853478617
5527 15855.49092513149
5528 15840.65582190135
5529 15823.63618524872
5530 15842.33002084049
5531 15827.53678060417
5532 15810.55338115237
5533 15829.35484531314
5534 15814.61180845269
5535 15797.67543868702
5536 15816.58965166994
5537 15801.88861441777
5538 15784.99103701882
5539 15793.44361722426
5540 15799.93475049189
5541 15772.35322444778
5542 15780.84253881988
5543 15787.41981345782
5544 15744.4992175517
5545 15767.80432378368
5546 15774.07218038716
5547 15746.26479981902
5548 15754.52411851425
5549 15750.12385799053
5550 15743.58377772769
5551 15741.23409674139
5552 15737.01248282033
5553 15719.87787772832
5554 15739.09662783628
5555 15724.24607026973
5556 15707.19717764377
5557 15726.6933145915
5558 15698.96325305708
5559 15707.79786245079
5560 15703.80546745539
5561 15697.6063254129
5562 15695.66689739015
5563 15691.78706781825
5564 15659.03465499133
5565 15694.16520163409
5566 15679.39667507261
5567 15662.25088912785
5568 15682.12820086553
5569 15667.24116219673
5570 15650.11055413363
5571 15659.26682883543
5572 15666.43572336419
5573 15622.42961557861
5574 15647.27042068543
5575 15643.50591598394
5576 15637.44216904212
5577 15635.72809801079
5578 15632.02769504932
5579 15614.96603242106
5580 15635.62291491136
5581 15607.60760674732
5582 15617.30352627947
5583 15613.81790617073
5584 15580.72770244921
5585 15617.35784371401
5586 15602.88695356654
5587 15586.05708824924
5588 15607.21511183559
5589 15592.733213996
5590 15575.93847267754
5591 15586.10957492334
5592 15553.01348836939
5593 15590.27131670771
5594 15575.8511342895
5595 15559.01342897142
5596 15569.22629975579
5597 15577.32629220906
5598 15549.13904135593
5599 15559.5322774078
5600 15526.29853521305
5601 15564.06422881364
5602 15549.68558692235
5603 15532.85953743936
5604 15543.33846249862
5605 15540.21452659327
5606 15506.75220950546
5607 15544.78474314012
5608 15530.38017855001
5609 15513.551014582
5610 15524.1881553508
5611 15521.16761654109
5612 15487.63865255192
5613 15526.02339746621
5614 15511.66639841163
5615 15494.87922240674
5616 15505.71085723867
5617 15502.80412092701
5618 15469.22289029778
5619 15507.92499089898
5620 15493.60375496171
5621 15476.83163760991
5622 15487.80236091578
5623 15454.17498414929
5624 15493.00105355849
5625 15478.52880658983
5626 15461.5586387224
5627 15472.40863998884
5628 15455.38624440164
5629 15466.27971654226
5630 15446.52258543755
5631 15446.02226460665
5632 15468.58700359725
5633 15454.15932053787
5634 15420.46074134628
5635 15448.24856504202
5636 15445.69936712112
5637 15429.11988493669
5638 15440.73098373624
5639 15407.3689469717
5640 15447.30409523759
5641 15433.47529626762
5642 15417.20889803541
5643 15429.0733628811
5644 15395.84621792773
5645 15424.26713985174
5646 15422.09998083414
5647 15405.79030784523
5648 15417.48962642415
5649 15384.24011569789
5650 15423.87003220367
5651 15409.96833871141
5652 15393.58631920848
5653 15405.00299620196
5654 15371.70658000757
5655 15399.39804696541
5656 15396.77826903582
5657 15380.18976474554
5658 15391.2874588159
5659 15358.03535473188
5660 15385.35899430416
5661 15382.62977638051
5662 15366.06765940401
5663 15377.03844066739
5664 15343.98530677728
5665 15371.14216699734
5666 15368.47146252361
5667 15352.06326671002
5668 15363.03883321816
5669 15346.72178704272
5670 15357.75197883192
5671 15325.08840488939
5672 15352.19498304284
5673 15349.68553586359
5674 15333.52120475355
5675 15344.76544649442
5676 15329.01974522157
5677 15340.43375186087
5678 15308.45137891331
5679 15335.79482221576
5680 15333.73237355155
5681 15318.109430761
5682 15329.42627060763
5683 15313.85706484671
5684 15325.13640650186
5685 15309.52640061112
5686 15320.73163877257
5687 15305.23893025534
5688 15316.44402174396
5689 15285.00932368628
5690 15311.86129543335
5691 15309.83331128078
5692 15294.51940306028
5693 15305.62625730087
5694 15290.3969971111
5695 15301.48572654865
5696 15286.3499563761
5697 15297.4165585885
5698 15282.35836302398
5699 15293.38040297085
5700 15278.37363611506
5701 15289.30327601824
5702 15274.33008504669
5703 15285.20107941641
5704 15270.29119334549
5705 15281.11641270612
5706 15266.27816827313
5707 15277.06163841776
5708 15262.29726401251
5709 15273.04677896163
5710 15258.35995859722
5711 15269.08305665807
5712 15254.4752493667
5713 15265.1737923437
5714 15250.64407663992
5715 15261.29583442466
5716 15246.69031646975
5717 15257.19316555947
5718 15242.67117163358
5719 15253.1692984388
5720 15238.72383896019
5721 15249.21294425557
5722 15234.84182463892
5723 15245.33373046828
5724 15231.04373682187
5725 15241.54995898114
5726 15227.34285003626
5727 15237.86759975885
5728 15223.7432149731
5729 15234.30845240036
5730 15220.28966539778
5731 15230.88790191644
5732 15216.94423518529
5733 15227.55839815631
5734 15213.67983114738
5735 15224.30866762241
5736 15210.49333670798
5737 15221.13699826194
5738 15207.38183061611
5739 15218.03883681069
5740 15204.34036974578
5741 15215.01011493001
5742 15201.36648316536
5743 15212.04938410524
5744 15198.45841946551
5745 15209.15410436466
5746 15195.61463734973
5747 15206.3243435754
5748 15192.83539042281
5749 15203.55962188769
5750 15202.29034970366
5751 15188.88985177339
5752 15199.69422997868
5753 15186.38571236858
5754 15197.20492225737
5755 15183.90367826802
5756 15194.71041559885
5757 15181.42189207496
5758 15192.22052115358
5759 15178.96183620574
5760 15189.76193353029
5761 15176.54367330222
5762 15187.35473137417
5763 15174.17764826073
5764 15185.00163462482
5765 15171.87044702109
5766 15182.71355787339
5767 15169.62731242864
5768 15180.48648407239
5769 15179.48100264199
5770 15166.46732212951
5771 15177.40350889438
5772 15164.47549155758
5773 15175.42804934636
5774 15162.50344488129
5775 15173.44595646786
5776 15160.52673850883
5777 15171.4577994228
5778 15158.55776552203
5779 15169.48702624158
5780 15156.61314421867
5781 15167.55031046674
5782 15154.7165340978
5783 15165.66987753053
5784 15152.87425876934
5785 15163.8422639147
5786 15151.08130967789
5787 15162.06198982044
5788 15149.33356260352
5789 15160.32580762363
5790 15147.62824394038
5791 15158.63124526133
5792 15145.96337250694
5793 15156.97666629681
5794 15144.33750170281
5795 15155.36112902171
5796 15142.75038638722
5797 15153.78492732247
5798 15141.20228433386
5799 15152.24677815197
5800 15139.6903293732
5801 15150.74443175104
5802 15138.21389902735
5803 15149.27780798067
5804 15136.77255494344
5805 15147.84595119935
5806 15135.36497882724
5807 15146.44737574042
5808 15133.98976880682
5809 15145.08090645467
5810 15132.64607815328
5811 15143.74596778904
5812 15131.33354189228
5813 15142.44226828254
5814 15130.05185356673
5815 15141.16916739923
5816 15128.79905011217
5817 15139.92453548093
5818 15127.57448343186
5819 15138.70846985027
5820 15126.37825167969
5821 15137.52085480837
5822 15125.21016762959
5823 15136.3615726117
5824 15124.06948763586
5825 15135.22967539332
5826 15122.95538406151
5827 15134.12413100765
5828 15121.86719064472
5829 15133.04432067944
5830 15120.80469204612
5831 15131.99004503182
5832 15119.76721310345
5833 15130.96017532139
5834 15118.75357192965
5835 15129.95362697399
5836 15117.76295347229
5837 15128.96994788348
5838 15116.79487296413
5839 15128.00853395733
5840 15115.84864687801
5841 15127.06873650664
5842 15114.92361316281
5843 15126.14991826516
5844 15114.01915581679
5845 15125.25151880478
5846 15113.13483107087
5847 15124.37311983101
5848 15112.27012128222
